Archive member included to satisfy reference by file (symbol)

.\CortexM0\ARM_GCC_541\Debug\StepperDriver.a(Enable.o)
                              .\CortexM0\ARM_GCC_541\Debug\main.o (Enable_Write)
.\CortexM0\ARM_GCC_541\Debug\StepperDriver.a(Step_Counter.o)
                              .\CortexM0\ARM_GCC_541\Debug\main.o (Step_Counter_WriteCounter)
.\CortexM0\ARM_GCC_541\Debug\StepperDriver.a(Direction.o)
                              .\CortexM0\ARM_GCC_541\Debug\main.o (Direction_Write)
.\CortexM0\ARM_GCC_541\Debug\StepperDriver.a(CyLib.o)
                              .\CortexM0\ARM_GCC_541\Debug\cyfitter_cfg.o (CyIntEnable)
.\CortexM0\ARM_GCC_541\Debug\StepperDriver.a(CyLFClk.o)
                              .\CortexM0\ARM_GCC_541\Debug\StepperDriver.a(CyLib.o) (CySysClkWcoEnabled)
.\CortexM0\ARM_GCC_541\Debug\StepperDriver.a(DBG_UART.o)
                              .\CortexM0\ARM_GCC_541\Debug\main.o (DBG_UART_Start)
.\CortexM0\ARM_GCC_541\Debug\StepperDriver.a(DBG_UART_UART.o)
                              .\CortexM0\ARM_GCC_541\Debug\StepperDriver.a(DBG_UART.o) (DBG_UART_UartInit)
.\CortexM0\ARM_GCC_541\Debug\StepperDriver.a(isr_lim_1.o)
                              .\CortexM0\ARM_GCC_541\Debug\main.o (isr_lim_1_StartEx)
.\CortexM0\ARM_GCC_541\Debug\StepperDriver.a(isr_lim_2.o)
                              .\CortexM0\ARM_GCC_541\Debug\main.o (isr_lim_2_StartEx)
.\CortexM0\ARM_GCC_541\Debug\StepperDriver.a(isr_fault.o)
                              .\CortexM0\ARM_GCC_541\Debug\main.o (isr_fault_StartEx)
.\CortexM0\ARM_GCC_541\Debug\StepperDriver.a(Step_Timer.o)
                              .\CortexM0\ARM_GCC_541\Debug\main.o (Step_Timer_ReadCounter)
.\CortexM0\ARM_GCC_541\Debug\StepperDriver.a(isr_step.o)
                              .\CortexM0\ARM_GCC_541\Debug\main.o (isr_step_StartEx)
.\CortexM0\ARM_GCC_541\Debug\StepperDriver.a(CyBootAsmGnu.o)
                              .\CortexM0\ARM_GCC_541\Debug\StepperDriver.a(CyLib.o) (CyDelayCycles)
.\CortexM0\ARM_GCC_541\Debug\StepperDriver.a(CyFlash.o)
                              .\CortexM0\ARM_GCC_541\Debug\StepperDriver.a(CyLib.o) (CySysFlashSetWaitCycles)
.\CortexM0\ARM_GCC_541\Debug\StepperDriver.a(cyutils.o)
                              .\CortexM0\ARM_GCC_541\Debug\StepperDriver.a(Step_Timer.o) (CySetReg24)
.\CortexM0\ARM_GCC_541\Debug\StepperDriver.a(DBG_UART_SPI_UART.o)
                              .\CortexM0\ARM_GCC_541\Debug\StepperDriver.a(DBG_UART_UART.o) (DBG_UART_SpiUartReadRxData)
c:/program files (x86)/cypress/psoc creator/4.4/psoc creator/import/gnu/arm/5.4.1/bin/../lib/gcc/arm-none-eabi/5.4.1/../../../../arm-none-eabi/lib/armv6-m\libm.a(lib_a-s_round.o)
                              .\CortexM0\ARM_GCC_541\Debug\main.o (round)
c:/program files (x86)/cypress/psoc creator/4.4/psoc creator/import/gnu/arm/5.4.1/bin/../lib/gcc/arm-none-eabi/5.4.1/../../../../arm-none-eabi/lib/armv6-m\libm.a(lib_a-w_sqrt.o)
                              .\CortexM0\ARM_GCC_541\Debug\main.o (sqrt)
c:/program files (x86)/cypress/psoc creator/4.4/psoc creator/import/gnu/arm/5.4.1/bin/../lib/gcc/arm-none-eabi/5.4.1/../../../../arm-none-eabi/lib/armv6-m\libm.a(lib_a-e_sqrt.o)
                              c:/program files (x86)/cypress/psoc creator/4.4/psoc creator/import/gnu/arm/5.4.1/bin/../lib/gcc/arm-none-eabi/5.4.1/../../../../arm-none-eabi/lib/armv6-m\libm.a(lib_a-w_sqrt.o) (__ieee754_sqrt)
c:/program files (x86)/cypress/psoc creator/4.4/psoc creator/import/gnu/arm/5.4.1/bin/../lib/gcc/arm-none-eabi/5.4.1/../../../../arm-none-eabi/lib/armv6-m\libm.a(lib_a-s_lib_ver.o)
                              c:/program files (x86)/cypress/psoc creator/4.4/psoc creator/import/gnu/arm/5.4.1/bin/../lib/gcc/arm-none-eabi/5.4.1/../../../../arm-none-eabi/lib/armv6-m\libm.a(lib_a-w_sqrt.o) (__fdlib_version)
c:/program files (x86)/cypress/psoc creator/4.4/psoc creator/import/gnu/arm/5.4.1/bin/../lib/gcc/arm-none-eabi/5.4.1/../../../../arm-none-eabi/lib/armv6-m\libm.a(lib_a-s_matherr.o)
                              c:/program files (x86)/cypress/psoc creator/4.4/psoc creator/import/gnu/arm/5.4.1/bin/../lib/gcc/arm-none-eabi/5.4.1/../../../../arm-none-eabi/lib/armv6-m\libm.a(lib_a-w_sqrt.o) (matherr)
c:/program files (x86)/cypress/psoc creator/4.4/psoc creator/import/gnu/arm/5.4.1/bin/../lib/gcc/arm-none-eabi/5.4.1/armv6-m\libgcc.a(_udivsi3.o)
                              .\CortexM0\ARM_GCC_541\Debug\StepperDriver.a(CyLib.o) (__aeabi_uidiv)
c:/program files (x86)/cypress/psoc creator/4.4/psoc creator/import/gnu/arm/5.4.1/bin/../lib/gcc/arm-none-eabi/5.4.1/armv6-m\libgcc.a(_divsi3.o)
                              .\CortexM0\ARM_GCC_541\Debug\StepperDriver.a(CyLib.o) (__aeabi_idiv)
c:/program files (x86)/cypress/psoc creator/4.4/psoc creator/import/gnu/arm/5.4.1/bin/../lib/gcc/arm-none-eabi/5.4.1/armv6-m\libgcc.a(_dvmd_tls.o)
[...]
Memory Configuration

Name             Origin             Length             Attributes
rom              0x00000000         0x00040000         xr
ram              0x20000000         0x00008000         xrw
*default*        0x00000000         0xffffffff

Linker script and memory map

LOAD c:/program files (x86)/cypress/psoc creator/4.4/psoc creator/import/gnu/arm/5.4.1/bin/../lib/gcc/arm-none-eabi/5.4.1/armv6-m/crti.o
LOAD c:/program files (x86)/cypress/psoc creator/4.4/psoc creator/import/gnu/arm/5.4.1/bin/../lib/gcc/arm-none-eabi/5.4.1/armv6-m/crtbegin.o
LOAD c:/program files (x86)/cypress/psoc creator/4.4/psoc creator/import/gnu/arm/5.4.1/bin/../lib/gcc/arm-none-eabi/5.4.1/../../../../arm-none-eabi/lib/armv6-m/crt0.o
START GROUP
LOAD .\CortexM0\ARM_GCC_541\Debug\main.o
LOAD .\CortexM0\ARM_GCC_541\Debug\CANCommon.o
LOAD .\CortexM0\ARM_GCC_541\Debug\CANGPIO.o
LOAD .\CortexM0\ARM_GCC_541\Debug\CANLocalization.o
LOAD .\CortexM0\ARM_GCC_541\Debug\CANMotorUnit.o
LOAD .\CortexM0\ARM_GCC_541\Debug\CANPacket.o
LOAD .\CortexM0\ARM_GCC_541\Debug\CANPower.o
LOAD .\CortexM0\ARM_GCC_541\Debug\CANScience.o
LOAD .\CortexM0\ARM_GCC_541\Debug\cyfitter_cfg.o
LOAD .\CortexM0\ARM_GCC_541\Debug\cymetadata.o
LOAD .\CortexM0\ARM_GCC_541\Debug\Cm0Start.o
LOAD .\CortexM0\ARM_GCC_541\Debug\StepperDriver.a
LOAD c:/program files (x86)/cypress/psoc creator/4.4/psoc creator/import/gnu/arm/5.4.1/bin/../lib/gcc/arm-none-eabi/5.4.1/../../../../arm-none-eabi/lib/armv6-m\libm.a
END GROUP
START GROUP
LOAD c:/program files (x86)/cypress/psoc creator/4.4/psoc creator/import/gnu/arm/5.4.1/bin/../lib/gcc/arm-none-eabi/5.4.1/armv6-m\libgcc.a
LOAD c:/program files (x86)/cypress/psoc creator/4.4/psoc creator/import/gnu/arm/5.4.1/bin/../lib/gcc/arm-none-eabi/5.4.1/../../../../arm-none-eabi/lib/armv6-m\libg_nano.a
LOAD c:/program files (x86)/cypress/psoc creator/4.4/psoc creator/import/gnu/arm/5.4.1/bin/../lib/gcc/arm-none-eabi/5.4.1/../../../../arm-none-eabi/lib/armv6-m\libc_nano.a
END GROUP
START GROUP
LOAD c:/program files (x86)/cypress/psoc creator/4.4/psoc creator/import/gnu/arm/5.4.1/bin/../lib/gcc/arm-none-eabi/5.4.1/armv6-m\libgcc.a
LOAD c:/program files (x86)/cypress/psoc creator/4.4/psoc creator/import/gnu/arm/5.4.1/bin/../lib/gcc/arm-none-eabi/5.4.1/../../../../arm-none-eabi/lib/armv6-m\libc_nano.a
END GROUP
LOAD c:/program files (x86)/cypress/psoc creator/4.4/psoc creator/import/gnu/arm/5.4.1/bin/../lib/gcc/arm-none-eabi/5.4.1/armv6-m/crtend.o
LOAD c:/program files (x86)/cypress/psoc creator/4.4/psoc creator/import/gnu/arm/5.4.1/bin/../lib/gcc/arm-none-eabi/5.4.1/armv6-m/crtn.o
START GROUP
LOAD c:/program files (x86)/cypress/psoc creator/4.4/psoc creator/import/gnu/arm/5.4.1/bin/../lib/gcc/arm-none-eabi/5.4.1/armv6-m\libgcc.a
LOAD c:/program files (x86)/cypress/psoc creator/4.4/psoc creator/import/gnu/arm/5.4.1/bin/../lib/gcc/arm-none-eabi/5.4.1/../../../../arm-none-eabi/lib/armv6-m\libc.a
LOAD c:/program files (x86)/cypress/psoc creator/4.4/psoc creator/import/gnu/arm/5.4.1/bin/../lib/gcc/arm-none-eabi/5.4.1/../../../../arm-none-eabi/lib/armv6-m\libnosys.a
END GROUP
                0x00000000                CY_APPL_ORIGIN = 0x0
                0x00000100                CY_FLASH_ROW_SIZE = 0x100
                0x00000001                CY_APPL_NUM = 0x1
                0x00000001                CY_APPL_MAX = 0x1
                0x00000040                CY_METADATA_SIZE = 0x40
                0x00000000                CY_APPL_LOADABLE = 0x0
                0x00000000                CY_CHECKSUM_EXCLUDE_SIZE = ALIGN (0x0, CY_FLASH_ROW_SIZE)
                0x00000000                CY_APP_FOR_STACK_AND_COPIER = 0x0
                [!provide]                PROVIDE (__cy_heap_start, _end)
                0x00000001                PROVIDE (__cy_region_num, ((__cy_regions_end - __cy_regions) / 0x10))
                0x20008000                PROVIDE (__cy_stack, (ORIGIN (ram) + LENGTH (ram)))
                [!provide]                PROVIDE (__cy_heap_end, (__cy_stack - 0x800))

.cybootloader   0x00000000        0x0
 *(.cybootloader)
                0x00000000                appl1_start = CY_APPL_ORIGIN?CY_APPL_ORIGIN:ALIGN (CY_FLASH_ROW_SIZE)
                0x0001ff00                appl2_start = (appl1_start + ALIGN ((((LENGTH (rom) - appl1_start) - (0x2 * CY_FLASH_ROW_SIZE)) / 0x2), CY_FLASH_ROW_SIZE))
                0x00000000                appl_start = (CY_APPL_NUM == 0x1)?appl1_start:appl2_start
                0x00000001                cy_project_type_bootloader = (appl_start == 0x0)?0x1:0x0
                0x00000000                cy_project_type_app_for_stack_and_copier = (CY_APP_FOR_STACK_AND_COPIER == 0x1)?0x1:0x0

.text           0x00000000     0x3640
 CREATE_OBJECT_SYMBOLS
                0x00000000                PROVIDE (__cy_interrupt_vector, RomVectors)
 *(.romvectors)
 .romvectors    0x00000000       0x10 .\CortexM0\ARM_GCC_541\Debug\Cm0Start.o
                0x00000000                RomVectors
                0x00000001                ASSERT ((. != __cy_interrupt_vector), No interrupt vector)
                0x00000001                ASSERT (CY_APPL_ORIGIN?(SIZEOF (.cybootloader) <= CY_APPL_ORIGIN):0x1, Wrong image location)
                0x00000010                PROVIDE (__cy_reset, Reset)
 *(.text.Reset)
 .text.Reset    0x00000010        0x8 .\CortexM0\ARM_GCC_541\Debug\Cm0Start.o
                0x00000010                Reset
                0x00000001                ASSERT ((. != __cy_reset), No reset code)
 *(.psocinit)
 .psocinit      0x00000018      0x27c .\CortexM0\ARM_GCC_541\Debug\cyfitter_cfg.o
                0x000000c0                cyfitter_cfg
                0x00000294                . = MAX (., 0x100)
 *(.text .text.* .gnu.linkonce.t.*)
 .text          0x00000294       0x60 c:/program files (x86)/cypress/psoc creator/4.4/psoc creator/import/gnu/arm/5.4.1/bin/../lib/gcc/arm-none-eabi/5.4.1/armv6-m/crtbegin.o
 .text.getCurrentPosition
                0x000002f4        0x8 .\CortexM0\ARM_GCC_541\Debug\main.o
                0x000002f4                getCurrentPosition
 .text.stop     0x000002fc       0x1c .\CortexM0\ARM_GCC_541\Debug\main.o
                0x000002fc                stop
 .text.On_Lim_1
                0x00000318       0x20 .\CortexM0\ARM_GCC_541\Debug\main.o
                0x00000318                On_Lim_1
 .text.On_Lim_2
                0x00000338       0x20 .\CortexM0\ARM_GCC_541\Debug\main.o
                0x00000338                On_Lim_2
 .text.On_Fault
                0x00000358       0x28 .\CortexM0\ARM_GCC_541\Debug\main.o
                0x00000358                On_Fault
 .text.setSpeed
                0x00000380       0x1c .\CortexM0\ARM_GCC_541\Debug\main.o
                0x00000380                setSpeed
 .text.AccelToTarget
                0x0000039c       0xb8 .\CortexM0\ARM_GCC_541\Debug\main.o
                0x0000039c                AccelToTarget
 .text.On_Step  0x00000454       0x2c .\CortexM0\ARM_GCC_541\Debug\main.o
                0x00000454                On_Step
 .text.move_position
                0x00000480       0x40 .\CortexM0\ARM_GCC_541\Debug\main.o
                0x00000480                move_position
 .text.move_vibe
                0x000004c0       0x20 .\CortexM0\ARM_GCC_541\Debug\main.o
                0x000004c0                move_vibe
 .text.Step     0x000004e0       0x14 .\CortexM0\ARM_GCC_541\Debug\main.o
                0x000004e0                Step
 .text.main     0x000004f4      0x244 .\CortexM0\ARM_GCC_541\Debug\main.o
                0x000004f4                main
 .text.cfg_write_bytes32
                0x00000738       0x34 .\CortexM0\ARM_GCC_541\Debug\cyfitter_cfg.o
 .text.AnalogSetDefault
                0x0000076c       0x20 .\CortexM0\ARM_GCC_541\Debug\cyfitter_cfg.o
 .text.CYMEMZERO
                0x0000078c        0xc .\CortexM0\ARM_GCC_541\Debug\cyfitter_cfg.o
 .text.IntDefaultHandler
                0x00000798       0x10 .\CortexM0\ARM_GCC_541\Debug\Cm0Start.o
                0x00000798                IntDefaultHandler
 .text.Start_c  0x000007a8       0x48 .\CortexM0\ARM_GCC_541\Debug\Cm0Start.o
                0x000007a8                Start_c
 .text.initialize_psoc
                0x000007f0       0x4c .\CortexM0\ARM_GCC_541\Debug\Cm0Start.o
                0x000007f0                initialize_psoc
 .text.Enable_Write
                0x0000083c        0xc .\CortexM0\ARM_GCC_541\Debug\StepperDriver.a(Enable.o)
                0x0000083c                Enable_Write
 .text.Step_Counter_Enable
                0x00000848       0x14 .\CortexM0\ARM_GCC_541\Debug\StepperDriver.a(Step_Counter.o)
                0x00000848                Step_Counter_Enable
 .text.Step_Counter_SetInterruptMode
                0x0000085c        0xc .\CortexM0\ARM_GCC_541\Debug\StepperDriver.a(Step_Counter.o)
                0x0000085c                Step_Counter_SetInterruptMode
 .text.Step_Counter_ReadStatusRegister
                0x00000868        0xc .\CortexM0\ARM_GCC_541\Debug\StepperDriver.a(Step_Counter.o)
                0x00000868                Step_Counter_ReadStatusRegister
 .text.Step_Counter_WriteCounter
                0x00000874        0xc .\CortexM0\ARM_GCC_541\Debug\StepperDriver.a(Step_Counter.o)
                0x00000874                Step_Counter_WriteCounter
 .text.Step_Counter_ReadCounter
                0x00000880       0x14 .\CortexM0\ARM_GCC_541\Debug\StepperDriver.a(Step_Counter.o)
                0x00000880                Step_Counter_ReadCounter
 .text.Step_Counter_ReadCapture
                0x00000894        0xc .\CortexM0\ARM_GCC_541\Debug\StepperDriver.a(Step_Counter.o)
                0x00000894                Step_Counter_ReadCapture
 .text.Step_Counter_WritePeriod
                0x000008a0        0xc .\CortexM0\ARM_GCC_541\Debug\StepperDriver.a(Step_Counter.o)
                0x000008a0                Step_Counter_WritePeriod
 .text.Step_Counter_WriteCompare
                0x000008ac        0xc .\CortexM0\ARM_GCC_541\Debug\StepperDriver.a(Step_Counter.o)
                0x000008ac                Step_Counter_WriteCompare
 .text.Step_Counter_ClearFIFO
                0x000008b8       0x14 .\CortexM0\ARM_GCC_541\Debug\StepperDriver.a(Step_Counter.o)
                0x000008b8                Step_Counter_ClearFIFO
 .text.Step_Counter_Init
                0x000008cc       0x58 .\CortexM0\ARM_GCC_541\Debug\StepperDriver.a(Step_Counter.o)
                0x000008cc                Step_Counter_Init
 .text.Step_Counter_Start
                0x00000924       0x20 .\CortexM0\ARM_GCC_541\Debug\StepperDriver.a(Step_Counter.o)
                0x00000924                Step_Counter_Start
 .text.Direction_Write
                0x00000944        0xc .\CortexM0\ARM_GCC_541\Debug\StepperDriver.a(Direction.o)
                0x00000944                Direction_Write
 .text.Direction_Read
                0x00000950        0xc .\CortexM0\ARM_GCC_541\Debug\StepperDriver.a(Direction.o)
                0x00000950                Direction_Read
 .text.CySysClkImoSetPwrBgTrim5
                0x0000095c       0x30 .\CortexM0\ARM_GCC_541\Debug\StepperDriver.a(CyLib.o)
 .text.CySysClkImoSetImoTrims
                0x0000098c       0xb0 .\CortexM0\ARM_GCC_541\Debug\StepperDriver.a(CyLib.o)
 .text.CySysClkImoDisableWcoLock
                0x00000a3c       0x54 .\CortexM0\ARM_GCC_541\Debug\StepperDriver.a(CyLib.o)
                0x00000a3c                CySysClkImoDisableWcoLock
 .text.CySysClkImoGetWcoLock
                0x00000a90       0x14 .\CortexM0\ARM_GCC_541\Debug\StepperDriver.a(CyLib.o)
                0x00000a90                CySysClkImoGetWcoLock
 .text.CySysClkImoEnableUsbLock
                0x00000aa4       0x44 .\CortexM0\ARM_GCC_541\Debug\StepperDriver.a(CyLib.o)
                0x00000aa4                CySysClkImoEnableUsbLock
 .text.CySysClkImoDisableUsbLock
                0x00000ae8       0x74 .\CortexM0\ARM_GCC_541\Debug\StepperDriver.a(CyLib.o)
                0x00000ae8                CySysClkImoDisableUsbLock
 .text.CySysClkImoGetUsbLock
                0x00000b5c       0x14 .\CortexM0\ARM_GCC_541\Debug\StepperDriver.a(CyLib.o)
                0x00000b5c                CySysClkImoGetUsbLock
 .text.CyIntEnable
                0x00000b70       0x14 .\CortexM0\ARM_GCC_541\Debug\StepperDriver.a(CyLib.o)
                0x00000b70                CyIntEnable
 .text.CyHalt   0x00000b84        0x4 .\CortexM0\ARM_GCC_541\Debug\StepperDriver.a(CyLib.o)
                0x00000b84                CyHalt
 .text.CyIntSetVector
                0x00000b88       0x24 .\CortexM0\ARM_GCC_541\Debug\StepperDriver.a(CyLib.o)
                0x00000b88                CyIntSetVector
 .text.CyDelay  0x00000bac       0x30 .\CortexM0\ARM_GCC_541\Debug\StepperDriver.a(CyLib.o)
                0x00000bac                CyDelay
 .text.CySysClkImoEnableWcoLock
                0x00000bdc      0x104 .\CortexM0\ARM_GCC_541\Debug\StepperDriver.a(CyLib.o)
                0x00000bdc                CySysClkImoEnableWcoLock
 .text.CyDelayUs
                0x00000ce0       0x14 .\CortexM0\ARM_GCC_541\Debug\StepperDriver.a(CyLib.o)
                0x00000ce0                CyDelayUs
 .text.CySysClkWriteImoFreq
                0x00000cf4      0x1bc .\CortexM0\ARM_GCC_541\Debug\StepperDriver.a(CyLib.o)
                0x00000cf4                CySysClkWriteImoFreq
 .text.CySysWdtLocked
                0x00000eb0       0x14 .\CortexM0\ARM_GCC_541\Debug\StepperDriver.a(CyLFClk.o)
 .text.CySysClkWcoEnabled
                0x00000ec4       0x14 .\CortexM0\ARM_GCC_541\Debug\StepperDriver.a(CyLFClk.o)
                0x00000ec4                CySysClkWcoEnabled
 .text.CySysWdtLock
                0x00000ed8       0x1c .\CortexM0\ARM_GCC_541\Debug\StepperDriver.a(CyLFClk.o)
                0x00000ed8                CySysWdtLock
 .text.CySysWdtUnlock
                0x00000ef4       0x30 .\CortexM0\ARM_GCC_541\Debug\StepperDriver.a(CyLFClk.o)
                0x00000ef4                CySysWdtUnlock
 .text.CySysWdtClearInterrupt
                0x00000f24       0x4c .\CortexM0\ARM_GCC_541\Debug\StepperDriver.a(CyLFClk.o)
                0x00000f24                CySysWdtClearInterrupt
 .text.CySysWdtIsr
                0x00000f70       0xa4 .\CortexM0\ARM_GCC_541\Debug\StepperDriver.a(CyLFClk.o)
                0x00000f70                CySysWdtIsr
 .text.DBG_UART_ScbModePostEnable
                0x00001014        0x8 .\CortexM0\ARM_GCC_541\Debug\StepperDriver.a(DBG_UART.o)
 .text.DBG_UART_Init
                0x0000101c        0x8 .\CortexM0\ARM_GCC_541\Debug\StepperDriver.a(DBG_UART.o)
                0x0000101c                DBG_UART_Init
 .text.DBG_UART_Enable
                0x00001024       0x18 .\CortexM0\ARM_GCC_541\Debug\StepperDriver.a(DBG_UART.o)
                0x00001024                DBG_UART_Enable
 .text.DBG_UART_Start
                0x0000103c       0x20 .\CortexM0\ARM_GCC_541\Debug\StepperDriver.a(DBG_UART.o)
                0x0000103c                DBG_UART_Start
 .text.DBG_UART_UartInit
                0x0000105c       0xa8 .\CortexM0\ARM_GCC_541\Debug\StepperDriver.a(DBG_UART_UART.o)
                0x0000105c                DBG_UART_UartInit
 .text.DBG_UART_UartPostEnable
                0x00001104       0x24 .\CortexM0\ARM_GCC_541\Debug\StepperDriver.a(DBG_UART_UART.o)
                0x00001104                DBG_UART_UartPostEnable
 .text.DBG_UART_UartGetByte
                0x00001128       0x34 .\CortexM0\ARM_GCC_541\Debug\StepperDriver.a(DBG_UART_UART.o)
                0x00001128                DBG_UART_UartGetByte
 .text.DBG_UART_UartPutString
                0x0000115c       0x18 .\CortexM0\ARM_GCC_541\Debug\StepperDriver.a(DBG_UART_UART.o)
                0x0000115c                DBG_UART_UartPutString
 .text.isr_lim_1_SetVector
                0x00001174        0xc .\CortexM0\ARM_GCC_541\Debug\StepperDriver.a(isr_lim_1.o)
                0x00001174                isr_lim_1_SetVector
 .text.isr_lim_1_SetPriority
                0x00001180       0x24 .\CortexM0\ARM_GCC_541\Debug\StepperDriver.a(isr_lim_1.o)
                0x00001180                isr_lim_1_SetPriority
 .text.isr_lim_1_Enable
                0x000011a4        0xc .\CortexM0\ARM_GCC_541\Debug\StepperDriver.a(isr_lim_1.o)
                0x000011a4                isr_lim_1_Enable
 .text.isr_lim_1_Disable
                0x000011b0        0xc .\CortexM0\ARM_GCC_541\Debug\StepperDriver.a(isr_lim_1.o)
                0x000011b0                isr_lim_1_Disable
 .text.isr_lim_1_StartEx
                0x000011bc       0x1c .\CortexM0\ARM_GCC_541\Debug\StepperDriver.a(isr_lim_1.o)
                0x000011bc                isr_lim_1_StartEx
 .text.isr_lim_1_ClearPending
                0x000011d8        0xc .\CortexM0\ARM_GCC_541\Debug\StepperDriver.a(isr_lim_1.o)
                0x000011d8                isr_lim_1_ClearPending
 .text.isr_lim_2_SetVector
                0x000011e4        0xc .\CortexM0\ARM_GCC_541\Debug\StepperDriver.a(isr_lim_2.o)
                0x000011e4                isr_lim_2_SetVector
 .text.isr_lim_2_SetPriority
                0x000011f0       0x20 .\CortexM0\ARM_GCC_541\Debug\StepperDriver.a(isr_lim_2.o)
                0x000011f0                isr_lim_2_SetPriority
 .text.isr_lim_2_Enable
                0x00001210        0xc .\CortexM0\ARM_GCC_541\Debug\StepperDriver.a(isr_lim_2.o)
                0x00001210                isr_lim_2_Enable
 .text.isr_lim_2_Disable
                0x0000121c        0xc .\CortexM0\ARM_GCC_541\Debug\StepperDriver.a(isr_lim_2.o)
                0x0000121c                isr_lim_2_Disable
 .text.isr_lim_2_StartEx
                0x00001228       0x1c .\CortexM0\ARM_GCC_541\Debug\StepperDriver.a(isr_lim_2.o)
                0x00001228                isr_lim_2_StartEx
 .text.isr_lim_2_ClearPending
                0x00001244        0xc .\CortexM0\ARM_GCC_541\Debug\StepperDriver.a(isr_lim_2.o)
                0x00001244                isr_lim_2_ClearPending
 .text.isr_fault_SetVector
                0x00001250        0xc .\CortexM0\ARM_GCC_541\Debug\StepperDriver.a(isr_fault.o)
                0x00001250                isr_fault_SetVector
 .text.isr_fault_SetPriority
                0x0000125c       0x24 .\CortexM0\ARM_GCC_541\Debug\StepperDriver.a(isr_fault.o)
                0x0000125c                isr_fault_SetPriority
 .text.isr_fault_Enable
                0x00001280        0xc .\CortexM0\ARM_GCC_541\Debug\StepperDriver.a(isr_fault.o)
                0x00001280                isr_fault_Enable
 .text.isr_fault_Disable
                0x0000128c        0xc .\CortexM0\ARM_GCC_541\Debug\StepperDriver.a(isr_fault.o)
                0x0000128c                isr_fault_Disable
 .text.isr_fault_StartEx
                0x00001298       0x1c .\CortexM0\ARM_GCC_541\Debug\StepperDriver.a(isr_fault.o)
                0x00001298                isr_fault_StartEx
 .text.isr_fault_ClearPending
                0x000012b4        0xc .\CortexM0\ARM_GCC_541\Debug\StepperDriver.a(isr_fault.o)
                0x000012b4                isr_fault_ClearPending
 .text.Step_Timer_SetInterruptMode
                0x000012c0        0xc .\CortexM0\ARM_GCC_541\Debug\StepperDriver.a(Step_Timer.o)
                0x000012c0                Step_Timer_SetInterruptMode
 .text.Step_Timer_ReadStatusRegister
                0x000012cc        0xc .\CortexM0\ARM_GCC_541\Debug\StepperDriver.a(Step_Timer.o)
                0x000012cc                Step_Timer_ReadStatusRegister
 .text.Step_Timer_WriteCounter
                0x000012d8       0x10 .\CortexM0\ARM_GCC_541\Debug\StepperDriver.a(Step_Timer.o)
                0x000012d8                Step_Timer_WriteCounter
 .text.Step_Timer_ReadCounter
                0x000012e8       0x18 .\CortexM0\ARM_GCC_541\Debug\StepperDriver.a(Step_Timer.o)
                0x000012e8                Step_Timer_ReadCounter
 .text.Step_Timer_ReadCapture
                0x00001300       0x10 .\CortexM0\ARM_GCC_541\Debug\StepperDriver.a(Step_Timer.o)
                0x00001300                Step_Timer_ReadCapture
 .text.Step_Timer_WritePeriod
                0x00001310       0x10 .\CortexM0\ARM_GCC_541\Debug\StepperDriver.a(Step_Timer.o)
                0x00001310                Step_Timer_WritePeriod
 .text.Step_Timer_ReadPeriod
                0x00001320       0x10 .\CortexM0\ARM_GCC_541\Debug\StepperDriver.a(Step_Timer.o)
                0x00001320                Step_Timer_ReadPeriod
 .text.Step_Timer_WriteCompare
                0x00001330       0x10 .\CortexM0\ARM_GCC_541\Debug\StepperDriver.a(Step_Timer.o)
                0x00001330                Step_Timer_WriteCompare
 .text.Step_Timer_ClearFIFO
                0x00001340       0x14 .\CortexM0\ARM_GCC_541\Debug\StepperDriver.a(Step_Timer.o)
                0x00001340                Step_Timer_ClearFIFO
 .text.Step_Timer_Init
                0x00001354       0x40 .\CortexM0\ARM_GCC_541\Debug\StepperDriver.a(Step_Timer.o)
                0x00001354                Step_Timer_Init
 .text.Step_Timer_Start
                0x00001394       0x1c .\CortexM0\ARM_GCC_541\Debug\StepperDriver.a(Step_Timer.o)
                0x00001394                Step_Timer_Start
 .text.isr_step_SetVector
                0x000013b0        0xc .\CortexM0\ARM_GCC_541\Debug\StepperDriver.a(isr_step.o)
                0x000013b0                isr_step_SetVector
 .text.isr_step_SetPriority
                0x000013bc       0x20 .\CortexM0\ARM_GCC_541\Debug\StepperDriver.a(isr_step.o)
                0x000013bc                isr_step_SetPriority
 .text.isr_step_Enable
                0x000013dc        0xc .\CortexM0\ARM_GCC_541\Debug\StepperDriver.a(isr_step.o)
                0x000013dc                isr_step_Enable
 .text.isr_step_Disable
                0x000013e8        0xc .\CortexM0\ARM_GCC_541\Debug\StepperDriver.a(isr_step.o)
                0x000013e8                isr_step_Disable
 .text.isr_step_StartEx
                0x000013f4       0x1c .\CortexM0\ARM_GCC_541\Debug\StepperDriver.a(isr_step.o)
                0x000013f4                isr_step_StartEx
 .text.isr_step_ClearPending
                0x00001410        0xc .\CortexM0\ARM_GCC_541\Debug\StepperDriver.a(isr_step.o)
                0x00001410                isr_step_ClearPending
 *fill*         0x0000141c        0x4 
 .text          0x00001420       0x20 .\CortexM0\ARM_GCC_541\Debug\StepperDriver.a(CyBootAsmGnu.o)
                0x00001420                CyDelayCycles
                0x00001432                CyEnterCriticalSection
                0x0000143a                CyExitCriticalSection
 .text.CySysFlashSetWaitCycles
                0x00001440       0x54 .\CortexM0\ARM_GCC_541\Debug\StepperDriver.a(CyFlash.o)
                0x00001440                CySysFlashSetWaitCycles
 .text.CySetReg24
                0x00001494       0x14 .\CortexM0\ARM_GCC_541\Debug\StepperDriver.a(cyutils.o)
                0x00001494                CySetReg24
 .text.CyGetReg24
                0x000014a8       0x14 .\CortexM0\ARM_GCC_541\Debug\StepperDriver.a(cyutils.o)
                0x000014a8                CyGetReg24
 .text.DBG_UART_SpiUartReadRxData
                0x000014bc        0xc .\CortexM0\ARM_GCC_541\Debug\StepperDriver.a(DBG_UART_SPI_UART.o)
                0x000014bc                DBG_UART_SpiUartReadRxData
 .text.DBG_UART_SpiUartGetRxBufferSize
                0x000014c8       0x10 .\CortexM0\ARM_GCC_541\Debug\StepperDriver.a(DBG_UART_SPI_UART.o)
                0x000014c8                DBG_UART_SpiUartGetRxBufferSize
 .text.DBG_UART_SpiUartWriteTxData
                0x000014d8       0x1c .\CortexM0\ARM_GCC_541\Debug\StepperDriver.a(DBG_UART_SPI_UART.o)
                0x000014d8                DBG_UART_SpiUartWriteTxData
 .text.sqrt     0x000014f4       0xc0 c:/program files (x86)/cypress/psoc creator/4.4/psoc creator/import/gnu/arm/5.4.1/bin/../lib/gcc/arm-none-eabi/5.4.1/../../../../arm-none-eabi/lib/armv6-m\libm.a(lib_a-w_sqrt.o)
                0x000014f4                sqrt
 .text.__ieee754_sqrt
                0x000015b4      0x1ec c:/program files (x86)/cypress/psoc creator/4.4/psoc creator/import/gnu/arm/5.4.1/bin/../lib/gcc/arm-none-eabi/5.4.1/../../../../arm-none-eabi/lib/armv6-m\libm.a(lib_a-e_sqrt.o)
                0x000015b4                __ieee754_sqrt
 .text.matherr  0x000017a0        0x4 c:/program files (x86)/cypress/psoc creator/4.4/psoc creator/import/gnu/arm/5.4.1/bin/../lib/gcc/arm-none-eabi/5.4.1/../../../../arm-none-eabi/lib/armv6-m\libm.a(lib_a-s_matherr.o)
                0x000017a0                matherr
 .text          0x000017a4      0x114 c:/program files (x86)/cypress/psoc creator/4.4/psoc creator/import/gnu/arm/5.4.1/bin/../lib/gcc/arm-none-eabi/5.4.1/armv6-m\libgcc.a(_udivsi3.o)
                0x000017a4                __aeabi_uidiv
                0x000017a4                __udivsi3
                0x000018b0                __aeabi_uidivmod
 .text          0x000018b8        0x4 c:/program files (x86)/cypress/psoc creator/4.4/psoc creator/import/gnu/arm/5.4.1/bin/../lib/gcc/arm-none-eabi/5.4.1/armv6-m\libgcc.a(_dvmd_tls.o)
                0x000018b8                __aeabi_idiv0
                0x000018b8                __aeabi_ldiv0
 .text          0x000018bc       0x7c c:/program files (x86)/cypress/psoc creator/4.4/psoc creator/import/gnu/arm/5.4.1/bin/../lib/gcc/arm-none-eabi/5.4.1/armv6-m\libgcc.a(_arm_cmpdf2.o)
                0x000018bc                __aeabi_cdrcmple
                0x000018cc                __aeabi_cdcmple
                0x000018cc                __aeabi_cdcmpeq
                0x000018dc                __aeabi_dcmpeq
                0x000018e8                __aeabi_dcmplt
                0x000018fc                __aeabi_dcmple
                0x00001910                __aeabi_dcmpgt
                0x00001924                __aeabi_dcmpge
 .text          0x00001938       0x3c c:/program files (x86)/cypress/psoc creator/4.4/psoc creator/import/gnu/arm/5.4.1/bin/../lib/gcc/arm-none-eabi/5.4.1/armv6-m\libgcc.a(_fixunsdfsi.o)
                0x00001938                __aeabi_d2uiz
                0x00001938                __fixunsdfsi
 .text          0x00001974      0x658 c:/program files (x86)/cypress/psoc creator/4.4/psoc creator/import/gnu/arm/5.4.1/bin/../lib/gcc/arm-none-eabi/5.4.1/armv6-m\libgcc.a(adddf3.o)
                0x00001974                __aeabi_dadd
 .text          0x00001fcc      0x62c c:/program files (x86)/cypress/psoc creator/4.4/psoc creator/import/gnu/arm/5.4.1/bin/../lib/gcc/arm-none-eabi/5.4.1/armv6-m\libgcc.a(divdf3.o)
                0x00001fcc                __aeabi_ddiv
 .text          0x000025f8       0x80 c:/program files (x86)/cypress/psoc creator/4.4/psoc creator/import/gnu/arm/5.4.1/bin/../lib/gcc/arm-none-eabi/5.4.1/armv6-m\libgcc.a(eqdf2.o)
                0x000025f8                __nedf2
                0x000025f8                __eqdf2
 .text          0x00002678       0xc8 c:/program files (x86)/cypress/psoc creator/4.4/psoc creator/import/gnu/arm/5.4.1/bin/../lib/gcc/arm-none-eabi/5.4.1/armv6-m\libgcc.a(gedf2.o)
                0x00002678                __gedf2
                0x00002678                __gtdf2
 .text          0x00002740       0xd4 c:/program files (x86)/cypress/psoc creator/4.4/psoc creator/import/gnu/arm/5.4.1/bin/../lib/gcc/arm-none-eabi/5.4.1/armv6-m\libgcc.a(ledf2.o)
                0x00002740                __ledf2
                0x00002740                __ltdf2
 .text          0x00002814      0x4f4 c:/program files (x86)/cypress/psoc creator/4.4/psoc creator/import/gnu/arm/5.4.1/bin/../lib/gcc/arm-none-eabi/5.4.1/armv6-m\libgcc.a(muldf3.o)
                0x00002814                __aeabi_dmul
 .text          0x00002d08      0x6a8 c:/program files (x86)/cypress/psoc creator/4.4/psoc creator/import/gnu/arm/5.4.1/bin/../lib/gcc/arm-none-eabi/5.4.1/armv6-m\libgcc.a(subdf3.o)
                0x00002d08                __aeabi_dsub
 .text          0x000033b0       0x40 c:/program files (x86)/cypress/psoc creator/4.4/psoc creator/import/gnu/arm/5.4.1/bin/../lib/gcc/arm-none-eabi/5.4.1/armv6-m\libgcc.a(unorddf2.o)
                0x000033b0                __aeabi_dcmpun
 .text          0x000033f0       0x6c c:/program files (x86)/cypress/psoc creator/4.4/psoc creator/import/gnu/arm/5.4.1/bin/../lib/gcc/arm-none-eabi/5.4.1/armv6-m\libgcc.a(fixdfsi.o)
                0x000033f0                __aeabi_d2iz
 .text          0x0000345c       0x84 c:/program files (x86)/cypress/psoc creator/4.4/psoc creator/import/gnu/arm/5.4.1/bin/../lib/gcc/arm-none-eabi/5.4.1/armv6-m\libgcc.a(floatsidf.o)
                0x0000345c                __aeabi_i2d
 .text          0x000034e0       0x3c c:/program files (x86)/cypress/psoc creator/4.4/psoc creator/import/gnu/arm/5.4.1/bin/../lib/gcc/arm-none-eabi/5.4.1/armv6-m\libgcc.a(_clzsi2.o)
                0x000034e0                __clzsi2
 .text.__errno  0x0000351c        0xc c:/program files (x86)/cypress/psoc creator/4.4/psoc creator/import/gnu/arm/5.4.1/bin/../lib/gcc/arm-none-eabi/5.4.1/../../../../arm-none-eabi/lib/armv6-m\libg_nano.a(lib_a-errno.o)
                0x0000351c                __errno
 .text.__libc_init_array
                0x00003528       0x4c c:/program files (x86)/cypress/psoc creator/4.4/psoc creator/import/gnu/arm/5.4.1/bin/../lib/gcc/arm-none-eabi/5.4.1/../../../../arm-none-eabi/lib/armv6-m\libg_nano.a(lib_a-init.o)
                0x00003528                __libc_init_array
 .text.__itoa   0x00003574       0x2e c:/program files (x86)/cypress/psoc creator/4.4/psoc creator/import/gnu/arm/5.4.1/bin/../lib/gcc/arm-none-eabi/5.4.1/../../../../arm-none-eabi/lib/armv6-m\libg_nano.a(lib_a-itoa.o)
                0x00003574                __itoa
 .text.itoa     0x000035a2        0x8 c:/program files (x86)/cypress/psoc creator/4.4/psoc creator/import/gnu/arm/5.4.1/bin/../lib/gcc/arm-none-eabi/5.4.1/../../../../arm-none-eabi/lib/armv6-m\libg_nano.a(lib_a-itoa.o)
                0x000035a2                itoa
 .text.memcpy   0x000035aa       0x12 c:/program files (x86)/cypress/psoc creator/4.4/psoc creator/import/gnu/arm/5.4.1/bin/../lib/gcc/arm-none-eabi/5.4.1/../../../../arm-none-eabi/lib/armv6-m\libg_nano.a(lib_a-memcpy-stub.o)
                0x000035aa                memcpy
 .text.memset   0x000035bc       0x10 c:/program files (x86)/cypress/psoc creator/4.4/psoc creator/import/gnu/arm/5.4.1/bin/../lib/gcc/arm-none-eabi/5.4.1/../../../../arm-none-eabi/lib/armv6-m\libg_nano.a(lib_a-memset.o)
                0x000035bc                memset
 .text.__utoa   0x000035cc       0x74 c:/program files (x86)/cypress/psoc creator/4.4/psoc creator/import/gnu/arm/5.4.1/bin/../lib/gcc/arm-none-eabi/5.4.1/../../../../arm-none-eabi/lib/armv6-m\libg_nano.a(lib_a-utoa.o)
                0x000035cc                __utoa
 *(.plt)
 *(.gnu.warning)
 *(.glue_7t)
 .glue_7t       0x00003640        0x0 linker stubs
 *(.glue_7)
 .glue_7        0x00003640        0x0 linker stubs
 *(.vfp11_veneer)
 .vfp11_veneer  0x00003640        0x0 linker stubs
 *(.bootloader)
 *(.ARM.extab* .gnu.linkonce.armextab.*)
 *(.gcc_except_table)

.v4_bx          0x00003640        0x0
 .v4_bx         0x00003640        0x0 linker stubs

.iplt           0x00003640        0x0
 .iplt          0x00003640        0x0 c:/program files (x86)/cypress/psoc creator/4.4/psoc creator/import/gnu/arm/5.4.1/bin/../lib/gcc/arm-none-eabi/5.4.1/armv6-m/crtbegin.o

.eh_frame_hdr
 *(.eh_frame_hdr)

.eh_frame       0x00003640        0x4
 *(.eh_frame)
 .eh_frame      0x00003640        0x0 c:/program files (x86)/cypress/psoc creator/4.4/psoc creator/import/gnu/arm/5.4.1/bin/../lib/gcc/arm-none-eabi/5.4.1/armv6-m/crtbegin.o
 .eh_frame      0x00003640        0x4 c:/program files (x86)/cypress/psoc creator/4.4/psoc creator/import/gnu/arm/5.4.1/bin/../lib/gcc/arm-none-eabi/5.4.1/armv6-m/crtend.o
                [!provide]                PROVIDE (__exidx_start, .)

.ARM.exidx
 *(.ARM.exidx* .gnu.linkonce.armexidx.*)
                0x00003644                __exidx_end = .

.rodata         0x00003644      0x584
 *(.rodata .rodata.* .gnu.linkonce.r.*)
 .rodata.str1.4
                0x00003644       0xb9 .\CortexM0\ARM_GCC_541\Debug\main.o
                                 0xbd (size before relaxing)
 *fill*         0x000036fd        0x3 
 .rodata        0x00003700      0x3b4 .\CortexM0\ARM_GCC_541\Debug\cyfitter_cfg.o
 .rodata        0x00003ab4       0x2e .\CortexM0\ARM_GCC_541\Debug\StepperDriver.a(CyLib.o)
                0x00003ab4                cyImoFreqMhz2Reg
 *fill*         0x00003ae2        0x2 
 .rodata.str1.4
                0x00003ae4        0x8 c:/program files (x86)/cypress/psoc creator/4.4/psoc creator/import/gnu/arm/5.4.1/bin/../lib/gcc/arm-none-eabi/5.4.1/../../../../arm-none-eabi/lib/armv6-m\libm.a(lib_a-w_sqrt.o)
                                  0x5 (size before relaxing)
 .rodata        0x00003aec       0x40 c:/program files (x86)/cypress/psoc creator/4.4/psoc creator/import/gnu/arm/5.4.1/bin/../lib/gcc/arm-none-eabi/5.4.1/armv6-m\libgcc.a(divdf3.o)
 .rodata        0x00003b2c       0x40 c:/program files (x86)/cypress/psoc creator/4.4/psoc creator/import/gnu/arm/5.4.1/bin/../lib/gcc/arm-none-eabi/5.4.1/armv6-m\libgcc.a(muldf3.o)
 .rodata.str1.1
                0x00003b6c        0x2 c:/program files (x86)/cypress/psoc creator/4.4/psoc creator/import/gnu/arm/5.4.1/bin/../lib/gcc/arm-none-eabi/5.4.1/../../../../arm-none-eabi/lib/armv6-m\libg_nano.a(lib_a-impure.o)
 .rodata.str1.1
                0x00003b6e       0x25 c:/program files (x86)/cypress/psoc creator/4.4/psoc creator/import/gnu/arm/5.4.1/bin/../lib/gcc/arm-none-eabi/5.4.1/../../../../arm-none-eabi/lib/armv6-m\libg_nano.a(lib_a-utoa.o)
                0x00003b94                . = ALIGN (0x4)
 *fill*         0x00003b93        0x1 
 *(.init)
 .init          0x00003b94        0x4 c:/program files (x86)/cypress/psoc creator/4.4/psoc creator/import/gnu/arm/5.4.1/bin/../lib/gcc/arm-none-eabi/5.4.1/armv6-m/crti.o
                0x00003b94                _init
 .init          0x00003b98        0x8 c:/program files (x86)/cypress/psoc creator/4.4/psoc creator/import/gnu/arm/5.4.1/bin/../lib/gcc/arm-none-eabi/5.4.1/armv6-m/crtn.o
                0x00003ba0                . = ALIGN (0x4)
                0x00003ba0                __preinit_array_start = .
 *(.preinit_array)
                0x00003ba0                __preinit_array_end = .
                0x00003ba0                . = ALIGN (0x4)
                0x00003ba0                __init_array_start = .
 *(SORT(.init_array.*))
 *(.init_array)
 .init_array    0x00003ba0        0x4 c:/program files (x86)/cypress/psoc creator/4.4/psoc creator/import/gnu/arm/5.4.1/bin/../lib/gcc/arm-none-eabi/5.4.1/armv6-m/crtbegin.o
 .init_array    0x00003ba4        0x4 .\CortexM0\ARM_GCC_541\Debug\Cm0Start.o
                0x00003ba8                __init_array_end = .
                0x00003ba8                . = ALIGN (0x4)
 *(.fini)
 .fini          0x00003ba8        0x4 c:/program files (x86)/cypress/psoc creator/4.4/psoc creator/import/gnu/arm/5.4.1/bin/../lib/gcc/arm-none-eabi/5.4.1/armv6-m/crti.o
                0x00003ba8                _fini
 .fini          0x00003bac        0x8 c:/program files (x86)/cypress/psoc creator/4.4/psoc creator/import/gnu/arm/5.4.1/bin/../lib/gcc/arm-none-eabi/5.4.1/armv6-m/crtn.o
                0x00003bb4                . = ALIGN (0x4)
                0x00003bb4                __fini_array_start = .
 *(.fini_array)
 .fini_array    0x00003bb4        0x4 c:/program files (x86)/cypress/psoc creator/4.4/psoc creator/import/gnu/arm/5.4.1/bin/../lib/gcc/arm-none-eabi/5.4.1/armv6-m/crtbegin.o
 *(SORT(.fini_array.*))
                0x00003bb8                __fini_array_end = .
                0x00003bb8                . = ALIGN (0x4)
 *crtbegin.o(.ctors)
 *(EXCLUDE_FILE(*crtend.o) .ctors)
 *(SORT(.ctors.*))
 *crtend.o(.ctors)
                0x00003bb8                . = ALIGN (0x4)
 *crtbegin.o(.dtors)
 *(EXCLUDE_FILE(*crtend.o) .dtors)
 *(SORT(.dtors.*))
 *crtend.o(.dtors)
                0x00003bb8                . = ALIGN (0x4)
                0x00003bb8                __cy_regions = .
                0x00003bb8        0x4 LONG 0x3bc8 __cy_region_init_ram
                0x00003bbc        0x4 LONG 0x200000c0 __cy_region_start_data
                0x00003bc0        0x4 LONG 0x90 __cy_region_init_size_ram
                0x00003bc4        0x4 LONG 0xc0 __cy_region_zero_size_ram
                0x00003bc8                __cy_regions_end = .
                0x00003bc8                . = ALIGN (0x8)
                0x00003bc8                _etext = .

.cy_checksum_exclude
                0x00003bc8        0x0
 *(.cy_checksum_exclude)

.ramvectors     0x20000000       0xc0
                0x20000000                __cy_region_start_ram = .
 *(.ramvectors)
 .ramvectors    0x20000000       0xc0 .\CortexM0\ARM_GCC_541\Debug\Cm0Start.o
                0x20000000                CyRamVectors

.noinit
 *(.noinit)

.data           0x200000c0       0x90 load address 0x00003bc8
                0x200000c0                __cy_region_start_data = .
 *(.jcr)
 .jcr           0x200000c0        0x0 c:/program files (x86)/cypress/psoc creator/4.4/psoc creator/import/gnu/arm/5.4.1/bin/../lib/gcc/arm-none-eabi/5.4.1/armv6-m/crtbegin.o
 .jcr           0x200000c0        0x4 c:/program files (x86)/cypress/psoc creator/4.4/psoc creator/import/gnu/arm/5.4.1/bin/../lib/gcc/arm-none-eabi/5.4.1/armv6-m/crtend.o
 *(.got.plt)
 *(.got)
 *(.shdata)
 *(.data .data.* .gnu.linkonce.d.*)
 .data          0x200000c4        0x4 .\CortexM0\ARM_GCC_541\Debug\main.o
                0x200000c4                dbg_step
 .data          0x200000c8       0x14 .\CortexM0\ARM_GCC_541\Debug\StepperDriver.a(CyLib.o)
                0x200000c8                CySysClkPumpConfig
                0x200000cc                cydelay32kMs
                0x200000d0                cydelayFreqKhz
                0x200000d4                cydelayFreqMhz
                0x200000d8                cydelayFreqHz
 .data          0x200000dc        0x8 .\CortexM0\ARM_GCC_541\Debug\StepperDriver.a(CyLFClk.o)
 .data.__fdlib_version
                0x200000e4        0x1 c:/program files (x86)/cypress/psoc creator/4.4/psoc creator/import/gnu/arm/5.4.1/bin/../lib/gcc/arm-none-eabi/5.4.1/../../../../arm-none-eabi/lib/armv6-m\libm.a(lib_a-s_lib_ver.o)
                0x200000e4                __fdlib_version
 *fill*         0x200000e5        0x3 
 .data.impure_data
                0x200000e8       0x60 c:/program files (x86)/cypress/psoc creator/4.4/psoc creator/import/gnu/arm/5.4.1/bin/../lib/gcc/arm-none-eabi/5.4.1/../../../../arm-none-eabi/lib/armv6-m\libg_nano.a(lib_a-impure.o)
 .data._impure_ptr
                0x20000148        0x4 c:/program files (x86)/cypress/psoc creator/4.4/psoc creator/import/gnu/arm/5.4.1/bin/../lib/gcc/arm-none-eabi/5.4.1/../../../../arm-none-eabi/lib/armv6-m\libg_nano.a(lib_a-impure.o)
                0x20000148                _impure_ptr
                0x20000150                . = ALIGN (0x8)
 *fill*         0x2000014c        0x4 
 *(.ram)
                0x20000150                _edata = .

.igot.plt       0x20000150        0x0 load address 0x00003c58
 .igot.plt      0x20000150        0x0 c:/program files (x86)/cypress/psoc creator/4.4/psoc creator/import/gnu/arm/5.4.1/bin/../lib/gcc/arm-none-eabi/5.4.1/armv6-m/crtbegin.o

.bss            0x20000150       0xc0 load address 0x00003c58
                0x20000150                PROVIDE (__bss_start__, .)
 *(.shbss)
 *(.bss .bss.* .gnu.linkonce.b.*)
 .bss           0x20000150       0x1c c:/program files (x86)/cypress/psoc creator/4.4/psoc creator/import/gnu/arm/5.4.1/bin/../lib/gcc/arm-none-eabi/5.4.1/armv6-m/crtbegin.o
 .bss           0x2000016c       0x10 .\CortexM0\ARM_GCC_541\Debug\main.o
                0x2000016c                mode
                0x20000170                targetPosition
                0x20000174                E
                0x20000178                pos
 .bss           0x2000017c        0x1 .\CortexM0\ARM_GCC_541\Debug\StepperDriver.a(Step_Counter.o)
                0x2000017c                Step_Counter_initVar
 *fill*         0x2000017d        0x3 
 .bss           0x20000180       0x20 .\CortexM0\ARM_GCC_541\Debug\StepperDriver.a(CyLib.o)
                0x20000180                CySysClkImoTrim4
                0x20000184                CySysClkImoTrim5
                0x2000019c                CySysTickInitVar
 .bss           0x200001a0       0x28 .\CortexM0\ARM_GCC_541\Debug\StepperDriver.a(CyLFClk.o)
 .bss           0x200001c8        0x4 .\CortexM0\ARM_GCC_541\Debug\StepperDriver.a(DBG_UART.o)
                0x200001c8                DBG_UART_initVar
                0x200001ca                DBG_UART_IntrTxMask
 .bss           0x200001cc        0x1 .\CortexM0\ARM_GCC_541\Debug\StepperDriver.a(Step_Timer.o)
                0x200001cc                Step_Timer_initVar
 *(COMMON)
 *fill*         0x200001cd        0x3 
 COMMON         0x200001d0       0x40 .\CortexM0\ARM_GCC_541\Debug\main.o
                0x200001d0                accel
                0x200001d8                debugOutput
                0x200001f8                vel
                0x20000200                E_max
                0x20000208                stepSize
                0x20000210                . = ALIGN (0x8)
 *(.ram.b)
                0x20000210                _end = .
                0x20000210                __end = .
                0x20000210                PROVIDE (end, .)
                0x20000210                PROVIDE (__bss_end__, .)
                0x00003bc8                __cy_region_init_ram = LOADADDR (.data)
                0x00000090                __cy_region_init_size_ram = (_edata - ADDR (.data))
                0x000000c0                __cy_region_zero_size_ram = (_end - _edata)

.heap           0x20000210       0x80 load address 0x00003c58
                0x20000210                . = _end
                0x20000290                . = (. + 0x80)
 *fill*         0x20000210       0x80 
                0x20000290                __cy_heap_limit = .

.stack          0x20007800      0x800
                0x20007800                __cy_stack_limit = .
                0x20008000                . = (. + 0x800)
 *fill*         0x20007800      0x800 
                0x00000001                ASSERT ((__cy_stack_limit >= __cy_heap_limit), region RAM overflowed with stack)
                0x00000000                cy_checksum_exclude_size = (CY_APPL_LOADABLE == 0x1)?SIZEOF (.cy_checksum_exclude):0x0
                0x00000001                ASSERT ((cy_checksum_exclude_size <= CY_CHECKSUM_EXCLUDE_SIZE), CY_BOOT: Section .cy_checksum_exclude size exceedes specified limit.)
                0x0003ffc0                cyloadermeta_start = (cy_project_type_bootloader || cy_project_type_app_for_stack_and_copier)?(LENGTH (rom) - CY_METADATA_SIZE):0xf0000000

.cyloadermeta
 *(.cyloadermeta)
                0x0003ffc0                cyloadablemeta_start = cy_project_type_app_for_stack_and_copier?((LENGTH (rom) - CY_FLASH_ROW_SIZE) - CY_METADATA_SIZE):((LENGTH (rom) - (CY_FLASH_ROW_SIZE * (CY_APPL_NUM - 0x1))) - CY_METADATA_SIZE)

.cyloadablemeta
 *(.cyloadablemeta)

.cyflashprotect
                0x90400000       0x80
 *(.cyflashprotect)
 .cyflashprotect
                0x90400000       0x80 .\CortexM0\ARM_GCC_541\Debug\cymetadata.o
                0x90400000                cy_meta_flashprotect

.cymeta         0x90500000        0xc
 *(.cymeta)
 .cymeta        0x90500000        0xc .\CortexM0\ARM_GCC_541\Debug\cymetadata.o
                0x90500000                cy_metadata

.cychipprotect  0x90600000        0x1
 *(.cychipprotect)
 .cychipprotect
                0x90600000        0x1 .\CortexM0\ARM_GCC_541\Debug\cymetadata.o
                0x90600000                cy_meta_chipprotect

.rel.dyn        0x00003c58        0x0 load address 0x90600004
 .rel.iplt      0x00003c58        0x0 c:/program files (x86)/cypress/psoc creator/4.4/psoc creator/import/gnu/arm/5.4.1/bin/../lib/gcc/arm-none-eabi/5.4.1/armv6-m/crtbegin.o

.stab
 *(.stab)

.stabstr
 *(.stabstr)

.debug
 *(.debug)

.line
 *(.line)

.debug_srcinfo
 *(.debug_srcinfo)

.debug_sfnames
 *(.debug_sfnames)

.debug_aranges  0x00000000      0xde8
 *(.debug_aranges)
 .debug_aranges
                0x00000000       0x88 .\CortexM0\ARM_GCC_541\Debug\main.o
 .debug_aranges
                0x00000088       0xc0 .\CortexM0\ARM_GCC_541\Debug\CANCommon.o
 .debug_aranges
                0x00000148       0x88 .\CortexM0\ARM_GCC_541\Debug\CANGPIO.o
 .debug_aranges
                0x000001d0       0x18 .\CortexM0\ARM_GCC_541\Debug\CANLocalization.o
 .debug_aranges
                0x000001e8       0xf0 .\CortexM0\ARM_GCC_541\Debug\CANMotorUnit.o
 .debug_aranges
                0x000002d8       0xa8 .\CortexM0\ARM_GCC_541\Debug\CANPacket.o
 .debug_aranges
                0x00000380       0x40 .\CortexM0\ARM_GCC_541\Debug\CANPower.o
 .debug_aranges
                0x000003c0       0x50 .\CortexM0\ARM_GCC_541\Debug\CANScience.o
 .debug_aranges
                0x00000410       0x40 .\CortexM0\ARM_GCC_541\Debug\cyfitter_cfg.o
 .debug_aranges
                0x00000450       0x18 .\CortexM0\ARM_GCC_541\Debug\cymetadata.o
 .debug_aranges
                0x00000468       0x48 .\CortexM0\ARM_GCC_541\Debug\Cm0Start.o
 .debug_aranges
                0x000004b0       0x28 .\CortexM0\ARM_GCC_541\Debug\StepperDriver.a(Enable.o)
 .debug_aranges
                0x000004d8       0x98 .\CortexM0\ARM_GCC_541\Debug\StepperDriver.a(Step_Counter.o)
 .debug_aranges
                0x00000570       0x28 .\CortexM0\ARM_GCC_541\Debug\StepperDriver.a(Direction.o)
 .debug_aranges
                0x00000598      0x270 .\CortexM0\ARM_GCC_541\Debug\StepperDriver.a(CyLib.o)
 .debug_aranges
                0x00000808      0x188 .\CortexM0\ARM_GCC_541\Debug\StepperDriver.a(CyLFClk.o)
 .debug_aranges
                0x00000990       0x58 .\CortexM0\ARM_GCC_541\Debug\StepperDriver.a(DBG_UART.o)
 .debug_aranges
                0x000009e8       0x90 .\CortexM0\ARM_GCC_541\Debug\StepperDriver.a(DBG_UART_UART.o)
 .debug_aranges
                0x00000a78       0x80 .\CortexM0\ARM_GCC_541\Debug\StepperDriver.a(isr_lim_1.o)
 .debug_aranges
                0x00000af8       0x80 .\CortexM0\ARM_GCC_541\Debug\StepperDriver.a(isr_lim_2.o)
 .debug_aranges
                0x00000b78       0x80 .\CortexM0\ARM_GCC_541\Debug\StepperDriver.a(isr_fault.o)
 .debug_aranges
                0x00000bf8       0x88 .\CortexM0\ARM_GCC_541\Debug\StepperDriver.a(Step_Timer.o)
 .debug_aranges
                0x00000c80       0x80 .\CortexM0\ARM_GCC_541\Debug\StepperDriver.a(isr_step.o)
 .debug_aranges
                0x00000d00       0x20 .\CortexM0\ARM_GCC_541\Debug\StepperDriver.a(CyBootAsmGnu.o)
 .debug_aranges
                0x00000d20       0x40 .\CortexM0\ARM_GCC_541\Debug\StepperDriver.a(CyFlash.o)
 .debug_aranges
                0x00000d60       0x28 .\CortexM0\ARM_GCC_541\Debug\StepperDriver.a(cyutils.o)
 .debug_aranges
                0x00000d88       0x60 .\CortexM0\ARM_GCC_541\Debug\StepperDriver.a(DBG_UART_SPI_UART.o)

.debug_pubnames
 *(.debug_pubnames)

.debug_info     0x00000000     0x86e6
 *(.debug_info .gnu.linkonce.wi.*)
 .debug_info    0x00000000      0xa85 .\CortexM0\ARM_GCC_541\Debug\main.o
 .debug_info    0x00000a85      0xa46 .\CortexM0\ARM_GCC_541\Debug\CANCommon.o
 .debug_info    0x000014cb      0x60d .\CortexM0\ARM_GCC_541\Debug\CANGPIO.o
 .debug_info    0x00001ad8       0x6b .\CortexM0\ARM_GCC_541\Debug\CANLocalization.o
 .debug_info    0x00001b43      0xc13 .\CortexM0\ARM_GCC_541\Debug\CANMotorUnit.o
 .debug_info    0x00002756      0x636 .\CortexM0\ARM_GCC_541\Debug\CANPacket.o
 .debug_info    0x00002d8c      0x2ff .\CortexM0\ARM_GCC_541\Debug\CANPower.o
 .debug_info    0x0000308b      0x39e .\CortexM0\ARM_GCC_541\Debug\CANScience.o
 .debug_info    0x00003429      0x3ce .\CortexM0\ARM_GCC_541\Debug\cyfitter_cfg.o
 .debug_info    0x000037f7       0xf8 .\CortexM0\ARM_GCC_541\Debug\cymetadata.o
 .debug_info    0x000038ef      0x3a2 .\CortexM0\ARM_GCC_541\Debug\Cm0Start.o
 .debug_info    0x00003c91       0xd6 .\CortexM0\ARM_GCC_541\Debug\StepperDriver.a(Enable.o)
 .debug_info    0x00003d67      0x345 .\CortexM0\ARM_GCC_541\Debug\StepperDriver.a(Step_Counter.o)
 .debug_info    0x000040ac       0xd6 .\CortexM0\ARM_GCC_541\Debug\StepperDriver.a(Direction.o)
 .debug_info    0x00004182     0x17e4 .\CortexM0\ARM_GCC_541\Debug\StepperDriver.a(CyLib.o)
 .debug_info    0x00005966     0x1058 .\CortexM0\ARM_GCC_541\Debug\StepperDriver.a(CyLFClk.o)
 .debug_info    0x000069be      0x23a .\CortexM0\ARM_GCC_541\Debug\StepperDriver.a(DBG_UART.o)
 .debug_info    0x00006bf8      0x3b5 .\CortexM0\ARM_GCC_541\Debug\StepperDriver.a(DBG_UART_UART.o)
 .debug_info    0x00006fad      0x305 .\CortexM0\ARM_GCC_541\Debug\StepperDriver.a(isr_lim_1.o)
 .debug_info    0x000072b2      0x305 .\CortexM0\ARM_GCC_541\Debug\StepperDriver.a(isr_lim_2.o)
 .debug_info    0x000075b7      0x305 .\CortexM0\ARM_GCC_541\Debug\StepperDriver.a(isr_fault.o)
 .debug_info    0x000078bc      0x3bf .\CortexM0\ARM_GCC_541\Debug\StepperDriver.a(Step_Timer.o)
 .debug_info    0x00007c7b      0x305 .\CortexM0\ARM_GCC_541\Debug\StepperDriver.a(isr_step.o)
 .debug_info    0x00007f80       0xa9 .\CortexM0\ARM_GCC_541\Debug\StepperDriver.a(CyBootAsmGnu.o)
 .debug_info    0x00008029      0x352 .\CortexM0\ARM_GCC_541\Debug\StepperDriver.a(CyFlash.o)
 .debug_info    0x0000837b      0x14b .\CortexM0\ARM_GCC_541\Debug\StepperDriver.a(cyutils.o)
 .debug_info    0x000084c6      0x220 .\CortexM0\ARM_GCC_541\Debug\StepperDriver.a(DBG_UART_SPI_UART.o)

.debug_abbrev   0x00000000     0x20f9
 *(.debug_abbrev)
 .debug_abbrev  0x00000000      0x19a .\CortexM0\ARM_GCC_541\Debug\main.o
 .debug_abbrev  0x0000019a      0x149 .\CortexM0\ARM_GCC_541\Debug\CANCommon.o
 .debug_abbrev  0x000002e3      0x106 .\CortexM0\ARM_GCC_541\Debug\CANGPIO.o
 .debug_abbrev  0x000003e9       0x26 .\CortexM0\ARM_GCC_541\Debug\CANLocalization.o
 .debug_abbrev  0x0000040f      0x115 .\CortexM0\ARM_GCC_541\Debug\CANMotorUnit.o
 .debug_abbrev  0x00000524      0x168 .\CortexM0\ARM_GCC_541\Debug\CANPacket.o
 .debug_abbrev  0x0000068c      0x124 .\CortexM0\ARM_GCC_541\Debug\CANPower.o
 .debug_abbrev  0x000007b0      0x106 .\CortexM0\ARM_GCC_541\Debug\CANScience.o
 .debug_abbrev  0x000008b6      0x1b8 .\CortexM0\ARM_GCC_541\Debug\cyfitter_cfg.o
 .debug_abbrev  0x00000a6e       0x5d .\CortexM0\ARM_GCC_541\Debug\cymetadata.o
 .debug_abbrev  0x00000acb      0x1d7 .\CortexM0\ARM_GCC_541\Debug\Cm0Start.o
 .debug_abbrev  0x00000ca2       0x81 .\CortexM0\ARM_GCC_541\Debug\StepperDriver.a(Enable.o)
 .debug_abbrev  0x00000d23      0x117 .\CortexM0\ARM_GCC_541\Debug\StepperDriver.a(Step_Counter.o)
 .debug_abbrev  0x00000e3a       0x81 .\CortexM0\ARM_GCC_541\Debug\StepperDriver.a(Direction.o)
 .debug_abbrev  0x00000ebb      0x293 .\CortexM0\ARM_GCC_541\Debug\StepperDriver.a(CyLib.o)
 .debug_abbrev  0x0000114e      0x248 .\CortexM0\ARM_GCC_541\Debug\StepperDriver.a(CyLFClk.o)
 .debug_abbrev  0x00001396       0xd5 .\CortexM0\ARM_GCC_541\Debug\StepperDriver.a(DBG_UART.o)
 .debug_abbrev  0x0000146b      0x132 .\CortexM0\ARM_GCC_541\Debug\StepperDriver.a(DBG_UART_UART.o)
 .debug_abbrev  0x0000159d      0x19a .\CortexM0\ARM_GCC_541\Debug\StepperDriver.a(isr_lim_1.o)
 .debug_abbrev  0x00001737      0x19a .\CortexM0\ARM_GCC_541\Debug\StepperDriver.a(isr_lim_2.o)
 .debug_abbrev  0x000018d1      0x19a .\CortexM0\ARM_GCC_541\Debug\StepperDriver.a(isr_fault.o)
 .debug_abbrev  0x00001a6b      0x14f .\CortexM0\ARM_GCC_541\Debug\StepperDriver.a(Step_Timer.o)
 .debug_abbrev  0x00001bba      0x19a .\CortexM0\ARM_GCC_541\Debug\StepperDriver.a(isr_step.o)
 .debug_abbrev  0x00001d54       0x14 .\CortexM0\ARM_GCC_541\Debug\StepperDriver.a(CyBootAsmGnu.o)
 .debug_abbrev  0x00001d68      0x182 .\CortexM0\ARM_GCC_541\Debug\StepperDriver.a(CyFlash.o)
 .debug_abbrev  0x00001eea       0xc0 .\CortexM0\ARM_GCC_541\Debug\StepperDriver.a(cyutils.o)
 .debug_abbrev  0x00001faa      0x14f .\CortexM0\ARM_GCC_541\Debug\StepperDriver.a(DBG_UART_SPI_UART.o)

.debug_line     0x00000000     0x3513
 *(.debug_line)
 .debug_line    0x00000000      0x2bb .\CortexM0\ARM_GCC_541\Debug\main.o
 .debug_line    0x000002bb      0x2f5 .\CortexM0\ARM_GCC_541\Debug\CANCommon.o
 .debug_line    0x000005b0      0x250 .\CortexM0\ARM_GCC_541\Debug\CANGPIO.o
 .debug_line    0x00000800       0x1d .\CortexM0\ARM_GCC_541\Debug\CANLocalization.o
 .debug_line    0x0000081d      0x351 .\CortexM0\ARM_GCC_541\Debug\CANMotorUnit.o
 .debug_line    0x00000b6e      0x2de .\CortexM0\ARM_GCC_541\Debug\CANPacket.o
 .debug_line    0x00000e4c      0x19f .\CortexM0\ARM_GCC_541\Debug\CANPower.o
 .debug_line    0x00000feb      0x1d3 .\CortexM0\ARM_GCC_541\Debug\CANScience.o
 .debug_line    0x000011be      0x193 .\CortexM0\ARM_GCC_541\Debug\cyfitter_cfg.o
 .debug_line    0x00001351      0x141 .\CortexM0\ARM_GCC_541\Debug\cymetadata.o
 .debug_line    0x00001492      0x236 .\CortexM0\ARM_GCC_541\Debug\Cm0Start.o
 .debug_line    0x000016c8       0x6f .\CortexM0\ARM_GCC_541\Debug\StepperDriver.a(Enable.o)
 .debug_line    0x00001737      0x195 .\CortexM0\ARM_GCC_541\Debug\StepperDriver.a(Step_Counter.o)
 .debug_line    0x000018cc       0x72 .\CortexM0\ARM_GCC_541\Debug\StepperDriver.a(Direction.o)
 .debug_line    0x0000193e      0x8ef .\CortexM0\ARM_GCC_541\Debug\StepperDriver.a(CyLib.o)
 .debug_line    0x0000222d      0x5d1 .\CortexM0\ARM_GCC_541\Debug\StepperDriver.a(CyLFClk.o)
 .debug_line    0x000027fe      0x110 .\CortexM0\ARM_GCC_541\Debug\StepperDriver.a(DBG_UART.o)
 .debug_line    0x0000290e      0x1db .\CortexM0\ARM_GCC_541\Debug\StepperDriver.a(DBG_UART_UART.o)
 .debug_line    0x00002ae9      0x155 .\CortexM0\ARM_GCC_541\Debug\StepperDriver.a(isr_lim_1.o)
 .debug_line    0x00002c3e      0x155 .\CortexM0\ARM_GCC_541\Debug\StepperDriver.a(isr_lim_2.o)
 .debug_line    0x00002d93      0x155 .\CortexM0\ARM_GCC_541\Debug\StepperDriver.a(isr_fault.o)
 .debug_line    0x00002ee8      0x16a .\CortexM0\ARM_GCC_541\Debug\StepperDriver.a(Step_Timer.o)
 .debug_line    0x00003052      0x154 .\CortexM0\ARM_GCC_541\Debug\StepperDriver.a(isr_step.o)
 .debug_line    0x000031a6       0x68 .\CortexM0\ARM_GCC_541\Debug\StepperDriver.a(CyBootAsmGnu.o)
 .debug_line    0x0000320e      0x173 .\CortexM0\ARM_GCC_541\Debug\StepperDriver.a(CyFlash.o)
 .debug_line    0x00003381       0x74 .\CortexM0\ARM_GCC_541\Debug\StepperDriver.a(cyutils.o)
 .debug_line    0x000033f5      0x11e .\CortexM0\ARM_GCC_541\Debug\StepperDriver.a(DBG_UART_SPI_UART.o)

.debug_frame    0x00000000     0x27e4
 *(.debug_frame)
 .debug_frame   0x00000000      0x1b4 .\CortexM0\ARM_GCC_541\Debug\main.o
 .debug_frame   0x000001b4      0x27c .\CortexM0\ARM_GCC_541\Debug\CANCommon.o
 .debug_frame   0x00000430      0x178 .\CortexM0\ARM_GCC_541\Debug\CANGPIO.o
 .debug_frame   0x000005a8      0x2e8 .\CortexM0\ARM_GCC_541\Debug\CANMotorUnit.o
 .debug_frame   0x00000890      0x1a4 .\CortexM0\ARM_GCC_541\Debug\CANPacket.o
 .debug_frame   0x00000a34       0x8c .\CortexM0\ARM_GCC_541\Debug\CANPower.o
 .debug_frame   0x00000ac0       0xc0 .\CortexM0\ARM_GCC_541\Debug\CANScience.o
 .debug_frame   0x00000b80       0x98 .\CortexM0\ARM_GCC_541\Debug\cyfitter_cfg.o
 .debug_frame   0x00000c18       0xbc .\CortexM0\ARM_GCC_541\Debug\Cm0Start.o
 .debug_frame   0x00000cd4       0x30 .\CortexM0\ARM_GCC_541\Debug\StepperDriver.a(Enable.o)
 .debug_frame   0x00000d04      0x134 .\CortexM0\ARM_GCC_541\Debug\StepperDriver.a(Step_Counter.o)
 .debug_frame   0x00000e38       0x30 .\CortexM0\ARM_GCC_541\Debug\StepperDriver.a(Direction.o)
 .debug_frame   0x00000e68      0x718 .\CortexM0\ARM_GCC_541\Debug\StepperDriver.a(CyLib.o)
 .debug_frame   0x00001580      0x4a4 .\CortexM0\ARM_GCC_541\Debug\StepperDriver.a(CyLFClk.o)
 .debug_frame   0x00001a24       0xd8 .\CortexM0\ARM_GCC_541\Debug\StepperDriver.a(DBG_UART.o)
 .debug_frame   0x00001afc      0x144 .\CortexM0\ARM_GCC_541\Debug\StepperDriver.a(DBG_UART_UART.o)
 .debug_frame   0x00001c40      0x110 .\CortexM0\ARM_GCC_541\Debug\StepperDriver.a(isr_lim_1.o)
 .debug_frame   0x00001d50      0x110 .\CortexM0\ARM_GCC_541\Debug\StepperDriver.a(isr_lim_2.o)
 .debug_frame   0x00001e60      0x110 .\CortexM0\ARM_GCC_541\Debug\StepperDriver.a(isr_fault.o)
 .debug_frame   0x00001f70      0x168 .\CortexM0\ARM_GCC_541\Debug\StepperDriver.a(Step_Timer.o)
 .debug_frame   0x000020d8      0x110 .\CortexM0\ARM_GCC_541\Debug\StepperDriver.a(isr_step.o)
 .debug_frame   0x000021e8       0x90 .\CortexM0\ARM_GCC_541\Debug\StepperDriver.a(CyFlash.o)
 .debug_frame   0x00002278       0x30 .\CortexM0\ARM_GCC_541\Debug\StepperDriver.a(cyutils.o)
 .debug_frame   0x000022a8       0xb0 .\CortexM0\ARM_GCC_541\Debug\StepperDriver.a(DBG_UART_SPI_UART.o)
 .debug_frame   0x00002358       0x30 c:/program files (x86)/cypress/psoc creator/4.4/psoc creator/import/gnu/arm/5.4.1/bin/../lib/gcc/arm-none-eabi/5.4.1/../../../../arm-none-eabi/lib/armv6-m\libm.a(lib_a-s_round.o)
 .debug_frame   0x00002388       0x38 c:/program files (x86)/cypress/psoc creator/4.4/psoc creator/import/gnu/arm/5.4.1/bin/../lib/gcc/arm-none-eabi/5.4.1/../../../../arm-none-eabi/lib/armv6-m\libm.a(lib_a-w_sqrt.o)
 .debug_frame   0x000023c0       0x3c c:/program files (x86)/cypress/psoc creator/4.4/psoc creator/import/gnu/arm/5.4.1/bin/../lib/gcc/arm-none-eabi/5.4.1/../../../../arm-none-eabi/lib/armv6-m\libm.a(lib_a-e_sqrt.o)
 .debug_frame   0x000023fc       0x20 c:/program files (x86)/cypress/psoc creator/4.4/psoc creator/import/gnu/arm/5.4.1/bin/../lib/gcc/arm-none-eabi/5.4.1/../../../../arm-none-eabi/lib/armv6-m\libm.a(lib_a-s_matherr.o)
 .debug_frame   0x0000241c       0x20 c:/program files (x86)/cypress/psoc creator/4.4/psoc creator/import/gnu/arm/5.4.1/bin/../lib/gcc/arm-none-eabi/5.4.1/armv6-m\libgcc.a(_udivsi3.o)
 .debug_frame   0x0000243c       0x20 c:/program files (x86)/cypress/psoc creator/4.4/psoc creator/import/gnu/arm/5.4.1/bin/../lib/gcc/arm-none-eabi/5.4.1/armv6-m\libgcc.a(_divsi3.o)
 .debug_frame   0x0000245c       0x2c c:/program files (x86)/cypress/psoc creator/4.4/psoc creator/import/gnu/arm/5.4.1/bin/../lib/gcc/arm-none-eabi/5.4.1/armv6-m\libgcc.a(_fixunsdfsi.o)
 .debug_frame   0x00002488       0x3c c:/program files (x86)/cypress/psoc creator/4.4/psoc creator/import/gnu/arm/5.4.1/bin/../lib/gcc/arm-none-eabi/5.4.1/armv6-m\libgcc.a(adddf3.o)
 .debug_frame   0x000024c4       0x3c c:/program files (x86)/cypress/psoc creator/4.4/psoc creator/import/gnu/arm/5.4.1/bin/../lib/gcc/arm-none-eabi/5.4.1/armv6-m\libgcc.a(divdf3.o)
 .debug_frame   0x00002500       0x38 c:/program files (x86)/cypress/psoc creator/4.4/psoc creator/import/gnu/arm/5.4.1/bin/../lib/gcc/arm-none-eabi/5.4.1/armv6-m\libgcc.a(eqdf2.o)
 .debug_frame   0x00002538       0x38 c:/program files (x86)/cypress/psoc creator/4.4/psoc creator/import/gnu/arm/5.4.1/bin/../lib/gcc/arm-none-eabi/5.4.1/armv6-m\libgcc.a(gedf2.o)
 .debug_frame   0x00002570       0x38 c:/program files (x86)/cypress/psoc creator/4.4/psoc creator/import/gnu/arm/5.4.1/bin/../lib/gcc/arm-none-eabi/5.4.1/armv6-m\libgcc.a(ledf2.o)
 .debug_frame   0x000025a8       0x3c c:/program files (x86)/cypress/psoc creator/4.4/psoc creator/import/gnu/arm/5.4.1/bin/../lib/gcc/arm-none-eabi/5.4.1/armv6-m\libgcc.a(muldf3.o)
 .debug_frame   0x000025e4       0x38 c:/program files (x86)/cypress/psoc creator/4.4/psoc creator/import/gnu/arm/5.4.1/bin/../lib/gcc/arm-none-eabi/5.4.1/armv6-m\libgcc.a(subdf3.o)
 .debug_frame   0x0000261c       0x2c c:/program files (x86)/cypress/psoc creator/4.4/psoc creator/import/gnu/arm/5.4.1/bin/../lib/gcc/arm-none-eabi/5.4.1/armv6-m\libgcc.a(unorddf2.o)
 .debug_frame   0x00002648       0x2c c:/program files (x86)/cypress/psoc creator/4.4/psoc creator/import/gnu/arm/5.4.1/bin/../lib/gcc/arm-none-eabi/5.4.1/armv6-m\libgcc.a(fixdfsi.o)
 .debug_frame   0x00002674       0x2c c:/program files (x86)/cypress/psoc creator/4.4/psoc creator/import/gnu/arm/5.4.1/bin/../lib/gcc/arm-none-eabi/5.4.1/armv6-m\libgcc.a(floatsidf.o)
 .debug_frame   0x000026a0       0x20 c:/program files (x86)/cypress/psoc creator/4.4/psoc creator/import/gnu/arm/5.4.1/bin/../lib/gcc/arm-none-eabi/5.4.1/../../../../arm-none-eabi/lib/armv6-m\libg_nano.a(lib_a-errno.o)
 .debug_frame   0x000026c0       0x28 c:/program files (x86)/cypress/psoc creator/4.4/psoc creator/import/gnu/arm/5.4.1/bin/../lib/gcc/arm-none-eabi/5.4.1/../../../../arm-none-eabi/lib/armv6-m\libg_nano.a(lib_a-exit.o)
 .debug_frame   0x000026e8       0x2c c:/program files (x86)/cypress/psoc creator/4.4/psoc creator/import/gnu/arm/5.4.1/bin/../lib/gcc/arm-none-eabi/5.4.1/../../../../arm-none-eabi/lib/armv6-m\libg_nano.a(lib_a-init.o)
 .debug_frame   0x00002714       0x40 c:/program files (x86)/cypress/psoc creator/4.4/psoc creator/import/gnu/arm/5.4.1/bin/../lib/gcc/arm-none-eabi/5.4.1/../../../../arm-none-eabi/lib/armv6-m\libg_nano.a(lib_a-itoa.o)
 .debug_frame   0x00002754       0x28 c:/program files (x86)/cypress/psoc creator/4.4/psoc creator/import/gnu/arm/5.4.1/bin/../lib/gcc/arm-none-eabi/5.4.1/../../../../arm-none-eabi/lib/armv6-m\libg_nano.a(lib_a-memcpy-stub.o)
 .debug_frame   0x0000277c       0x20 c:/program files (x86)/cypress/psoc creator/4.4/psoc creator/import/gnu/arm/5.4.1/bin/../lib/gcc/arm-none-eabi/5.4.1/../../../../arm-none-eabi/lib/armv6-m\libg_nano.a(lib_a-memset.o)
 .debug_frame   0x0000279c       0x48 c:/program files (x86)/cypress/psoc creator/4.4/psoc creator/import/gnu/arm/5.4.1/bin/../lib/gcc/arm-none-eabi/5.4.1/../../../../arm-none-eabi/lib/armv6-m\libg_nano.a(lib_a-utoa.o)

.debug_str      0x00000000     0x3011
 *(.debug_str)
 .debug_str     0x00000000      0x433 .\CortexM0\ARM_GCC_541\Debug\main.o
                                0x48b (size before relaxing)
 .debug_str     0x00000433      0x417 .\CortexM0\ARM_GCC_541\Debug\CANCommon.o
                                0x5be (size before relaxing)
 .debug_str     0x0000084a      0x204 .\CortexM0\ARM_GCC_541\Debug\CANGPIO.o
                                0x447 (size before relaxing)
 .debug_str     0x00000a4e       0x1e .\CortexM0\ARM_GCC_541\Debug\CANLocalization.o
                                0x194 (size before relaxing)
 .debug_str     0x00000a6c      0x328 .\CortexM0\ARM_GCC_541\Debug\CANMotorUnit.o
                                0x5c2 (size before relaxing)
 .debug_str     0x00000d94      0x199 .\CortexM0\ARM_GCC_541\Debug\CANPacket.o
                                0x446 (size before relaxing)
 .debug_str     0x00000f2d       0xbe .\CortexM0\ARM_GCC_541\Debug\CANPower.o
                                0x32c (size before relaxing)
 .debug_str     0x00000feb      0x109 .\CortexM0\ARM_GCC_541\Debug\CANScience.o
                                0x377 (size before relaxing)
 .debug_str     0x000010f4      0x13e .\CortexM0\ARM_GCC_541\Debug\cyfitter_cfg.o
                                0x2f5 (size before relaxing)
 .debug_str     0x00001232       0x59 .\CortexM0\ARM_GCC_541\Debug\cymetadata.o
                                0x1e1 (size before relaxing)
 .debug_str     0x0000128b      0x13a .\CortexM0\ARM_GCC_541\Debug\Cm0Start.o
                                0x31a (size before relaxing)
 .debug_str     0x000013c5       0x34 .\CortexM0\ARM_GCC_541\Debug\StepperDriver.a(Enable.o)
                                0x1cb (size before relaxing)
 .debug_str     0x000013f9      0x1fc .\CortexM0\ARM_GCC_541\Debug\StepperDriver.a(Step_Counter.o)
                                0x3f6 (size before relaxing)
 .debug_str     0x000015f5       0x23 .\CortexM0\ARM_GCC_541\Debug\StepperDriver.a(Direction.o)
                                0x1d4 (size before relaxing)
 .debug_str     0x00001618      0x8f1 .\CortexM0\ARM_GCC_541\Debug\StepperDriver.a(CyLib.o)
                                0xb61 (size before relaxing)
 .debug_str     0x00001f09      0x6e2 .\CortexM0\ARM_GCC_541\Debug\StepperDriver.a(CyLFClk.o)
                                0x936 (size before relaxing)
 .debug_str     0x000025eb      0x12b .\CortexM0\ARM_GCC_541\Debug\StepperDriver.a(DBG_UART.o)
                                0x2e8 (size before relaxing)
 .debug_str     0x00002716      0x1ff .\CortexM0\ARM_GCC_541\Debug\StepperDriver.a(DBG_UART_UART.o)
                                0x431 (size before relaxing)
 .debug_str     0x00002915      0x104 .\CortexM0\ARM_GCC_541\Debug\StepperDriver.a(isr_lim_1.o)
                                0x33b (size before relaxing)
 .debug_str     0x00002a19       0xf5 .\CortexM0\ARM_GCC_541\Debug\StepperDriver.a(isr_lim_2.o)
                                0x33b (size before relaxing)
 .debug_str     0x00002b0e       0xf5 .\CortexM0\ARM_GCC_541\Debug\StepperDriver.a(isr_fault.o)
                                0x33b (size before relaxing)
 .debug_str     0x00002c03      0x146 .\CortexM0\ARM_GCC_541\Debug\StepperDriver.a(Step_Timer.o)
                                0x39a (size before relaxing)
 .debug_str     0x00002d49       0xe9 .\CortexM0\ARM_GCC_541\Debug\StepperDriver.a(isr_step.o)
                                0x32d (size before relaxing)
 .debug_str     0x00002e32       0xb2 .\CortexM0\ARM_GCC_541\Debug\StepperDriver.a(CyFlash.o)
                                0x2c9 (size before relaxing)
 .debug_str     0x00002ee4       0x2e .\CortexM0\ARM_GCC_541\Debug\StepperDriver.a(cyutils.o)
                                0x1d6 (size before relaxing)
 .debug_str     0x00002f12       0xff .\CortexM0\ARM_GCC_541\Debug\StepperDriver.a(DBG_UART_SPI_UART.o)
                                0x30f (size before relaxing)

.debug_loc      0x00000000     0x567b
 *(.debug_loc)
 .debug_loc     0x00000000      0x139 .\CortexM0\ARM_GCC_541\Debug\main.o
 .debug_loc     0x00000139      0x926 .\CortexM0\ARM_GCC_541\Debug\CANCommon.o
 .debug_loc     0x00000a5f      0x620 .\CortexM0\ARM_GCC_541\Debug\CANGPIO.o
 .debug_loc     0x0000107f      0xb1c .\CortexM0\ARM_GCC_541\Debug\CANMotorUnit.o
 .debug_loc     0x00001b9b      0x540 .\CortexM0\ARM_GCC_541\Debug\CANPacket.o
 .debug_loc     0x000020db      0x1bb .\CortexM0\ARM_GCC_541\Debug\CANPower.o
 .debug_loc     0x00002296      0x2ce .\CortexM0\ARM_GCC_541\Debug\CANScience.o
 .debug_loc     0x00002564      0x118 .\CortexM0\ARM_GCC_541\Debug\cyfitter_cfg.o
 .debug_loc     0x0000267c      0x14f .\CortexM0\ARM_GCC_541\Debug\Cm0Start.o
 .debug_loc     0x000027cb       0x3d .\CortexM0\ARM_GCC_541\Debug\StepperDriver.a(Step_Counter.o)
 .debug_loc     0x00002808     0x18f5 .\CortexM0\ARM_GCC_541\Debug\StepperDriver.a(CyLib.o)
 .debug_loc     0x000040fd      0xdb7 .\CortexM0\ARM_GCC_541\Debug\StepperDriver.a(CyLFClk.o)
 .debug_loc     0x00004eb4       0x7e .\CortexM0\ARM_GCC_541\Debug\StepperDriver.a(DBG_UART.o)
 .debug_loc     0x00004f32      0x223 .\CortexM0\ARM_GCC_541\Debug\StepperDriver.a(DBG_UART_UART.o)
 .debug_loc     0x00005155       0x82 .\CortexM0\ARM_GCC_541\Debug\StepperDriver.a(isr_lim_1.o)
 .debug_loc     0x000051d7       0x82 .\CortexM0\ARM_GCC_541\Debug\StepperDriver.a(isr_lim_2.o)
 .debug_loc     0x00005259       0x82 .\CortexM0\ARM_GCC_541\Debug\StepperDriver.a(isr_fault.o)
 .debug_loc     0x000052db       0x97 .\CortexM0\ARM_GCC_541\Debug\StepperDriver.a(Step_Timer.o)
 .debug_loc     0x00005372       0x82 .\CortexM0\ARM_GCC_541\Debug\StepperDriver.a(isr_step.o)
 .debug_loc     0x000053f4      0x160 .\CortexM0\ARM_GCC_541\Debug\StepperDriver.a(CyFlash.o)
 .debug_loc     0x00005554       0x91 .\CortexM0\ARM_GCC_541\Debug\StepperDriver.a(cyutils.o)
 .debug_loc     0x000055e5       0x96 .\CortexM0\ARM_GCC_541\Debug\StepperDriver.a(DBG_UART_SPI_UART.o)

.debug_macinfo
 *(.debug_macinfo)

.debug_ranges   0x00000000      0xc48
 *(.debug_ranges)
 .debug_ranges  0x00000000       0x78 .\CortexM0\ARM_GCC_541\Debug\main.o
 .debug_ranges  0x00000078       0xb0 .\CortexM0\ARM_GCC_541\Debug\CANCommon.o
 .debug_ranges  0x00000128       0x78 .\CortexM0\ARM_GCC_541\Debug\CANGPIO.o
 .debug_ranges  0x000001a0       0xe0 .\CortexM0\ARM_GCC_541\Debug\CANMotorUnit.o
 .debug_ranges  0x00000280       0xc8 .\CortexM0\ARM_GCC_541\Debug\CANPacket.o
 .debug_ranges  0x00000348       0x30 .\CortexM0\ARM_GCC_541\Debug\CANPower.o
 .debug_ranges  0x00000378       0x40 .\CortexM0\ARM_GCC_541\Debug\CANScience.o
 .debug_ranges  0x000003b8       0x30 .\CortexM0\ARM_GCC_541\Debug\cyfitter_cfg.o
 .debug_ranges  0x000003e8       0x38 .\CortexM0\ARM_GCC_541\Debug\Cm0Start.o
 .debug_ranges  0x00000420       0x18 .\CortexM0\ARM_GCC_541\Debug\StepperDriver.a(Enable.o)
 .debug_ranges  0x00000438       0x88 .\CortexM0\ARM_GCC_541\Debug\StepperDriver.a(Step_Counter.o)
 .debug_ranges  0x000004c0       0x18 .\CortexM0\ARM_GCC_541\Debug\StepperDriver.a(Direction.o)
 .debug_ranges  0x000004d8      0x260 .\CortexM0\ARM_GCC_541\Debug\StepperDriver.a(CyLib.o)
 .debug_ranges  0x00000738      0x178 .\CortexM0\ARM_GCC_541\Debug\StepperDriver.a(CyLFClk.o)
 .debug_ranges  0x000008b0       0x48 .\CortexM0\ARM_GCC_541\Debug\StepperDriver.a(DBG_UART.o)
 .debug_ranges  0x000008f8       0x80 .\CortexM0\ARM_GCC_541\Debug\StepperDriver.a(DBG_UART_UART.o)
 .debug_ranges  0x00000978       0x70 .\CortexM0\ARM_GCC_541\Debug\StepperDriver.a(isr_lim_1.o)
 .debug_ranges  0x000009e8       0x70 .\CortexM0\ARM_GCC_541\Debug\StepperDriver.a(isr_lim_2.o)
 .debug_ranges  0x00000a58       0x70 .\CortexM0\ARM_GCC_541\Debug\StepperDriver.a(isr_fault.o)
 .debug_ranges  0x00000ac8       0x78 .\CortexM0\ARM_GCC_541\Debug\StepperDriver.a(Step_Timer.o)
 .debug_ranges  0x00000b40       0x70 .\CortexM0\ARM_GCC_541\Debug\StepperDriver.a(isr_step.o)
 .debug_ranges  0x00000bb0       0x30 .\CortexM0\ARM_GCC_541\Debug\StepperDriver.a(CyFlash.o)
 .debug_ranges  0x00000be0       0x18 .\CortexM0\ARM_GCC_541\Debug\StepperDriver.a(cyutils.o)
 .debug_ranges  0x00000bf8       0x50 .\CortexM0\ARM_GCC_541\Debug\StepperDriver.a(DBG_UART_SPI_UART.o)

.comment        0x00000000       0x6e
 .comment       0x00000000       0x6e .\CortexM0\ARM_GCC_541\Debug\main.o
                                 0x6f (size before relaxing)
 .comment       0x0000006e       0x6f .\CortexM0\ARM_GCC_541\Debug\CANCommon.o
 .comment       0x0000006e       0x6f .\CortexM0\ARM_GCC_541\Debug\CANGPIO.o
 .comment       0x0000006e       0x6f .\CortexM0\ARM_GCC_541\Debug\CANLocalization.o
 .comment       0x0000006e       0x6f .\CortexM0\ARM_GCC_541\Debug\CANMotorUnit.o
 .comment       0x0000006e       0x6f .\CortexM0\ARM_GCC_541\Debug\CANPacket.o
 .comment       0x0000006e       0x6f .\CortexM0\ARM_GCC_541\Debug\CANPower.o
 .comment       0x0000006e       0x6f .\CortexM0\ARM_GCC_541\Debug\CANScience.o
 .comment       0x0000006e       0x6f .\CortexM0\ARM_GCC_541\Debug\cyfitter_cfg.o
 .comment       0x0000006e       0x6f .\CortexM0\ARM_GCC_541\Debug\cymetadata.o
 .comment       0x0000006e       0x6f .\CortexM0\ARM_GCC_541\Debug\Cm0Start.o
 .comment       0x0000006e       0x6f .\CortexM0\ARM_GCC_541\Debug\StepperDriver.a(Enable.o)
 .comment       0x0000006e       0x6f .\CortexM0\ARM_GCC_541\Debug\StepperDriver.a(Step_Counter.o)
 .comment       0x0000006e       0x6f .\CortexM0\ARM_GCC_541\Debug\StepperDriver.a(Direction.o)
 .comment       0x0000006e       0x6f .\CortexM0\ARM_GCC_541\Debug\StepperDriver.a(CyLib.o)
 .comment       0x0000006e       0x6f .\CortexM0\ARM_GCC_541\Debug\StepperDriver.a(CyLFClk.o)
 .comment       0x0000006e       0x6f .\CortexM0\ARM_GCC_541\Debug\StepperDriver.a(DBG_UART.o)
 .comment       0x0000006e       0x6f .\CortexM0\ARM_GCC_541\Debug\StepperDriver.a(DBG_UART_UART.o)
 .comment       0x0000006e       0x6f .\CortexM0\ARM_GCC_541\Debug\StepperDriver.a(isr_lim_1.o)
 .comment       0x0000006e       0x6f .\CortexM0\ARM_GCC_541\Debug\StepperDriver.a(isr_lim_2.o)
 .comment       0x0000006e       0x6f .\CortexM0\ARM_GCC_541\Debug\StepperDriver.a(isr_fault.o)
 .comment       0x0000006e       0x6f .\CortexM0\ARM_GCC_541\Debug\StepperDriver.a(Step_Timer.o)
 .comment       0x0000006e       0x6f .\CortexM0\ARM_GCC_541\Debug\StepperDriver.a(isr_step.o)
 .comment       0x0000006e       0x6f .\CortexM0\ARM_GCC_541\Debug\StepperDriver.a(CyFlash.o)
 .comment       0x0000006e       0x6f .\CortexM0\ARM_GCC_541\Debug\StepperDriver.a(cyutils.o)
 .comment       0x0000006e       0x6f .\CortexM0\ARM_GCC_541\Debug\StepperDriver.a(DBG_UART_SPI_UART.o)

.debug_weaknames
 *(.debug_weaknames)

.debug_funcnames
 *(.debug_funcnames)

.debug_typenames
 *(.debug_typenames)

.debug_varnames
 *(.debug_varnames)

.note.gnu.arm.ident
 *(.note.gnu.arm.ident)

.ARM.attributes
                0x00000000       0x28
 *(.ARM.attributes)
 .ARM.attributes
                0x00000000       0x1e c:/program files (x86)/cypress/psoc creator/4.4/psoc creator/import/gnu/arm/5.4.1/bin/../lib/gcc/arm-none-eabi/5.4.1/armv6-m/crti.o
 .ARM.attributes
                0x0000001e       0x2c c:/program files (x86)/cypress/psoc creator/4.4/psoc creator/import/gnu/arm/5.4.1/bin/../lib/gcc/arm-none-eabi/5.4.1/armv6-m/crtbegin.o
 .ARM.attributes
                0x0000004a       0x1b c:/program files (x86)/cypress/psoc creator/4.4/psoc creator/import/gnu/arm/5.4.1/bin/../lib/gcc/arm-none-eabi/5.4.1/../../../../arm-none-eabi/lib/armv6-m/crt0.o
 .ARM.attributes
                0x00000065       0x31 .\CortexM0\ARM_GCC_541\Debug\main.o
 .ARM.attributes
                0x00000096       0x31 .\CortexM0\ARM_GCC_541\Debug\CANCommon.o
 .ARM.attributes
                0x000000c7       0x31 .\CortexM0\ARM_GCC_541\Debug\CANGPIO.o
 .ARM.attributes
                0x000000f8       0x31 .\CortexM0\ARM_GCC_541\Debug\CANLocalization.o
 .ARM.attributes
                0x00000129       0x31 .\CortexM0\ARM_GCC_541\Debug\CANMotorUnit.o
 .ARM.attributes
                0x0000015a       0x31 .\CortexM0\ARM_GCC_541\Debug\CANPacket.o
 .ARM.attributes
                0x0000018b       0x31 .\CortexM0\ARM_GCC_541\Debug\CANPower.o
 .ARM.attributes
                0x000001bc       0x31 .\CortexM0\ARM_GCC_541\Debug\CANScience.o
 .ARM.attributes
                0x000001ed       0x31 .\CortexM0\ARM_GCC_541\Debug\cyfitter_cfg.o
 .ARM.attributes
                0x0000021e       0x31 .\CortexM0\ARM_GCC_541\Debug\cymetadata.o
 .ARM.attributes
                0x0000024f       0x31 .\CortexM0\ARM_GCC_541\Debug\Cm0Start.o
 .ARM.attributes
                0x00000280       0x31 .\CortexM0\ARM_GCC_541\Debug\StepperDriver.a(Enable.o)
 .ARM.attributes
                0x000002b1       0x31 .\CortexM0\ARM_GCC_541\Debug\StepperDriver.a(Step_Counter.o)
 .ARM.attributes
                0x000002e2       0x31 .\CortexM0\ARM_GCC_541\Debug\StepperDriver.a(Direction.o)
 .ARM.attributes
                0x00000313       0x31 .\CortexM0\ARM_GCC_541\Debug\StepperDriver.a(CyLib.o)
 .ARM.attributes
                0x00000344       0x31 .\CortexM0\ARM_GCC_541\Debug\StepperDriver.a(CyLFClk.o)
 .ARM.attributes
                0x00000375       0x31 .\CortexM0\ARM_GCC_541\Debug\StepperDriver.a(DBG_UART.o)
 .ARM.attributes
                0x000003a6       0x31 .\CortexM0\ARM_GCC_541\Debug\StepperDriver.a(DBG_UART_UART.o)
 .ARM.attributes
                0x000003d7       0x31 .\CortexM0\ARM_GCC_541\Debug\StepperDriver.a(isr_lim_1.o)
 .ARM.attributes
                0x00000408       0x31 .\CortexM0\ARM_GCC_541\Debug\StepperDriver.a(isr_lim_2.o)
 .ARM.attributes
                0x00000439       0x31 .\CortexM0\ARM_GCC_541\Debug\StepperDriver.a(isr_fault.o)
 .ARM.attributes
                0x0000046a       0x31 .\CortexM0\ARM_GCC_541\Debug\StepperDriver.a(Step_Timer.o)
 .ARM.attributes
                0x0000049b       0x31 .\CortexM0\ARM_GCC_541\Debug\StepperDriver.a(isr_step.o)
 .ARM.attributes
                0x000004cc       0x21 .\CortexM0\ARM_GCC_541\Debug\StepperDriver.a(CyBootAsmGnu.o)
 .ARM.attributes
                0x000004ed       0x31 .\CortexM0\ARM_GCC_541\Debug\StepperDriver.a(CyFlash.o)
 .ARM.attributes
                0x0000051e       0x31 .\CortexM0\ARM_GCC_541\Debug\StepperDriver.a(cyutils.o)
 .ARM.attributes
                0x0000054f       0x31 .\CortexM0\ARM_GCC_541\Debug\StepperDriver.a(DBG_UART_SPI_UART.o)
 .ARM.attributes
                0x00000580       0x2c c:/program files (x86)/cypress/psoc creator/4.4/psoc creator/import/gnu/arm/5.4.1/bin/../lib/gcc/arm-none-eabi/5.4.1/../../../../arm-none-eabi/lib/armv6-m\libm.a(lib_a-s_round.o)
 .ARM.attributes
                0x000005ac       0x2c c:/program files (x86)/cypress/psoc creator/4.4/psoc creator/import/gnu/arm/5.4.1/bin/../lib/gcc/arm-none-eabi/5.4.1/../../../../arm-none-eabi/lib/armv6-m\libm.a(lib_a-w_sqrt.o)
 .ARM.attributes
                0x000005d8       0x2c c:/program files (x86)/cypress/psoc creator/4.4/psoc creator/import/gnu/arm/5.4.1/bin/../lib/gcc/arm-none-eabi/5.4.1/../../../../arm-none-eabi/lib/armv6-m\libm.a(lib_a-e_sqrt.o)
 .ARM.attributes
                0x00000604       0x2c c:/program files (x86)/cypress/psoc creator/4.4/psoc creator/import/gnu/arm/5.4.1/bin/../lib/gcc/arm-none-eabi/5.4.1/../../../../arm-none-eabi/lib/armv6-m\libm.a(lib_a-s_lib_ver.o)
 .ARM.attributes
                0x00000630       0x2c c:/program files (x86)/cypress/psoc creator/4.4/psoc creator/import/gnu/arm/5.4.1/bin/../lib/gcc/arm-none-eabi/5.4.1/../../../../arm-none-eabi/lib/armv6-m\libm.a(lib_a-s_matherr.o)
 .ARM.attributes
                0x0000065c       0x1e c:/program files (x86)/cypress/psoc creator/4.4/psoc creator/import/gnu/arm/5.4.1/bin/../lib/gcc/arm-none-eabi/5.4.1/armv6-m\libgcc.a(_udivsi3.o)
 .ARM.attributes
                0x0000067a       0x1e c:/program files (x86)/cypress/psoc creator/4.4/psoc creator/import/gnu/arm/5.4.1/bin/../lib/gcc/arm-none-eabi/5.4.1/armv6-m\libgcc.a(_divsi3.o)
 .ARM.attributes
                0x00000698       0x1e c:/program files (x86)/cypress/psoc creator/4.4/psoc creator/import/gnu/arm/5.4.1/bin/../lib/gcc/arm-none-eabi/5.4.1/armv6-m\libgcc.a(_dvmd_tls.o)
 .ARM.attributes
                0x000006b6       0x1e c:/program files (x86)/cypress/psoc creator/4.4/psoc creator/import/gnu/arm/5.4.1/bin/../lib/gcc/arm-none-eabi/5.4.1/armv6-m\libgcc.a(_arm_cmpdf2.o)
 .ARM.attributes
                0x000006d4       0x2c c:/program files (x86)/cypress/psoc creator/4.4/psoc creator/import/gnu/arm/5.4.1/bin/../lib/gcc/arm-none-eabi/5.4.1/armv6-m\libgcc.a(_fixunsdfsi.o)
 .ARM.attributes
                0x00000700       0x2c c:/program files (x86)/cypress/psoc creator/4.4/psoc creator/import/gnu/arm/5.4.1/bin/../lib/gcc/arm-none-eabi/5.4.1/armv6-m\libgcc.a(adddf3.o)
 .ARM.attributes
                0x0000072c       0x2c c:/program files (x86)/cypress/psoc creator/4.4/psoc creator/import/gnu/arm/5.4.1/bin/../lib/gcc/arm-none-eabi/5.4.1/armv6-m\libgcc.a(divdf3.o)
 .ARM.attributes
                0x00000758       0x2c c:/program files (x86)/cypress/psoc creator/4.4/psoc creator/import/gnu/arm/5.4.1/bin/../lib/gcc/arm-none-eabi/5.4.1/armv6-m\libgcc.a(eqdf2.o)
 .ARM.attributes
                0x00000784       0x2c c:/program files (x86)/cypress/psoc creator/4.4/psoc creator/import/gnu/arm/5.4.1/bin/../lib/gcc/arm-none-eabi/5.4.1/armv6-m\libgcc.a(gedf2.o)
 .ARM.attributes
                0x000007b0       0x2c c:/program files (x86)/cypress/psoc creator/4.4/psoc creator/import/gnu/arm/5.4.1/bin/../lib/gcc/arm-none-eabi/5.4.1/armv6-m\libgcc.a(ledf2.o)
 .ARM.attributes
                0x000007dc       0x2c c:/program files (x86)/cypress/psoc creator/4.4/psoc creator/import/gnu/arm/5.4.1/bin/../lib/gcc/arm-none-eabi/5.4.1/armv6-m\libgcc.a(muldf3.o)
 .ARM.attributes
                0x00000808       0x2c c:/program files (x86)/cypress/psoc creator/4.4/psoc creator/import/gnu/arm/5.4.1/bin/../lib/gcc/arm-none-eabi/5.4.1/armv6-m\libgcc.a(subdf3.o)
 .ARM.attributes
                0x00000834       0x2c c:/program files (x86)/cypress/psoc creator/4.4/psoc creator/import/gnu/arm/5.4.1/bin/../lib/gcc/arm-none-eabi/5.4.1/armv6-m\libgcc.a(unorddf2.o)
 .ARM.attributes
                0x00000860       0x2c c:/program files (x86)/cypress/psoc creator/4.4/psoc creator/import/gnu/arm/5.4.1/bin/../lib/gcc/arm-none-eabi/5.4.1/armv6-m\libgcc.a(fixdfsi.o)
 .ARM.attributes
                0x0000088c       0x2c c:/program files (x86)/cypress/psoc creator/4.4/psoc creator/import/gnu/arm/5.4.1/bin/../lib/gcc/arm-none-eabi/5.4.1/armv6-m\libgcc.a(floatsidf.o)
 .ARM.attributes
                0x000008b8       0x1e c:/program files (x86)/cypress/psoc creator/4.4/psoc creator/import/gnu/arm/5.4.1/bin/../lib/gcc/arm-none-eabi/5.4.1/armv6-m\libgcc.a(_clzsi2.o)
 .ARM.attributes
                0x000008d6       0x2c c:/program files (x86)/cypress/psoc creator/4.4/psoc creator/import/gnu/arm/5.4.1/bin/../lib/gcc/arm-none-eabi/5.4.1/../../../../arm-none-eabi/lib/armv6-m\libg_nano.a(lib_a-errno.o)
 .ARM.attributes
                0x00000902       0x2c c:/program files (x86)/cypress/psoc creator/4.4/psoc creator/import/gnu/arm/5.4.1/bin/../lib/gcc/arm-none-eabi/5.4.1/../../../../arm-none-eabi/lib/armv6-m\libg_nano.a(lib_a-exit.o)
 .ARM.attributes
                0x0000092e       0x2c c:/program files (x86)/cypress/psoc creator/4.4/psoc creator/import/gnu/arm/5.4.1/bin/../lib/gcc/arm-none-eabi/5.4.1/../../../../arm-none-eabi/lib/armv6-m\libg_nano.a(lib_a-impure.o)
 .ARM.attributes
                0x0000095a       0x2c c:/program files (x86)/cypress/psoc creator/4.4/psoc creator/import/gnu/arm/5.4.1/bin/../lib/gcc/arm-none-eabi/5.4.1/../../../../arm-none-eabi/lib/armv6-m\libg_nano.a(lib_a-init.o)
 .ARM.attributes
                0x00000986       0x2c c:/program files (x86)/cypress/psoc creator/4.4/psoc creator/import/gnu/arm/5.4.1/bin/../lib/gcc/arm-none-eabi/5.4.1/../../../../arm-none-eabi/lib/armv6-m\libg_nano.a(lib_a-itoa.o)
 .ARM.attributes
                0x000009b2       0x2c c:/program files (x86)/cypress/psoc creator/4.4/psoc creator/import/gnu/arm/5.4.1/bin/../lib/gcc/arm-none-eabi/5.4.1/../../../../arm-none-eabi/lib/armv6-m\libg_nano.a(lib_a-memcpy-stub.o)
 .ARM.attributes
                0x000009de       0x2c c:/program files (x86)/cypress/psoc creator/4.4/psoc creator/import/gnu/arm/5.4.1/bin/../lib/gcc/arm-none-eabi/5.4.1/../../../../arm-none-eabi/lib/armv6-m\libg_nano.a(lib_a-memset.o)
 .ARM.attributes
                0x00000a0a       0x2c c:/program files (x86)/cypress/psoc creator/4.4/psoc creator/import/gnu/arm/5.4.1/bin/../lib/gcc/arm-none-eabi/5.4.1/../../../../arm-none-eabi/lib/armv6-m\libg_nano.a(lib_a-utoa.o)
 .ARM.attributes
                0x00000a36       0x2c c:/program files (x86)/cypress/psoc creator/4.4/psoc creator/import/gnu/arm/5.4.1/bin/../lib/gcc/arm-none-eabi/5.4.1/armv6-m/crtend.o
 .ARM.attributes
                0x00000a62       0x1e c:/program files (x86)/cypress/psoc creator/4.4/psoc creator/import/gnu/arm/5.4.1/bin/../lib/gcc/arm-none-eabi/5.4.1/armv6-m/crtn.o

/DISCARD/
 *(.note.GNU-stack)
OUTPUT(C:\Users\casey\Desktop\Robotics Stuff\TB67S249FTG_Stepper_Motor_Driver\StepperDriver.cydsn\CortexM0\ARM_GCC_541\Debug\StepperDriver.elf elf32-littlearm)
