Archive member included to satisfy reference by file (symbol)

.\CortexM0\ARM_GCC_541\Debug\StepperDriver.a(Enable.o)
                              .\CortexM0\ARM_GCC_541\Debug\main.o (Enable_Write)
.\CortexM0\ARM_GCC_541\Debug\StepperDriver.a(Step_Counter.o)
                              .\CortexM0\ARM_GCC_541\Debug\main.o (Step_Counter_WriteCounter)
.\CortexM0\ARM_GCC_541\Debug\StepperDriver.a(Direction.o)
                              .\CortexM0\ARM_GCC_541\Debug\main.o (Direction_Write)
.\CortexM0\ARM_GCC_541\Debug\StepperDriver.a(CyLib.o)
                              .\CortexM0\ARM_GCC_541\Debug\cyfitter_cfg.o (CyIntEnable)
.\CortexM0\ARM_GCC_541\Debug\StepperDriver.a(CyLFClk.o)
                              .\CortexM0\ARM_GCC_541\Debug\StepperDriver.a(CyLib.o) (CySysClkWcoEnabled)
.\CortexM0\ARM_GCC_541\Debug\StepperDriver.a(DBG_UART.o)
                              .\CortexM0\ARM_GCC_541\Debug\main.o (DBG_UART_Start)
.\CortexM0\ARM_GCC_541\Debug\StepperDriver.a(DBG_UART_UART.o)
                              .\CortexM0\ARM_GCC_541\Debug\StepperDriver.a(DBG_UART.o) (DBG_UART_UartInit)
.\CortexM0\ARM_GCC_541\Debug\StepperDriver.a(isr_lim_1.o)
                              .\CortexM0\ARM_GCC_541\Debug\main.o (isr_lim_1_StartEx)
.\CortexM0\ARM_GCC_541\Debug\StepperDriver.a(isr_lim_2.o)
                              .\CortexM0\ARM_GCC_541\Debug\main.o (isr_lim_2_StartEx)
.\CortexM0\ARM_GCC_541\Debug\StepperDriver.a(isr_fault.o)
                              .\CortexM0\ARM_GCC_541\Debug\main.o (isr_fault_StartEx)
.\CortexM0\ARM_GCC_541\Debug\StepperDriver.a(Step_Timer.o)
                              .\CortexM0\ARM_GCC_541\Debug\main.o (Step_Timer_ReadCounter)
.\CortexM0\ARM_GCC_541\Debug\StepperDriver.a(isr_step.o)
                              .\CortexM0\ARM_GCC_541\Debug\main.o (isr_step_StartEx)
.\CortexM0\ARM_GCC_541\Debug\StepperDriver.a(CyBootAsmGnu.o)
                              .\CortexM0\ARM_GCC_541\Debug\StepperDriver.a(CyLib.o) (CyDelayCycles)
.\CortexM0\ARM_GCC_541\Debug\StepperDriver.a(CyFlash.o)
                              .\CortexM0\ARM_GCC_541\Debug\StepperDriver.a(CyLib.o) (CySysFlashSetWaitCycles)
.\CortexM0\ARM_GCC_541\Debug\StepperDriver.a(cyutils.o)
                              .\CortexM0\ARM_GCC_541\Debug\StepperDriver.a(Step_Timer.o) (CySetReg24)
.\CortexM0\ARM_GCC_541\Debug\StepperDriver.a(DBG_UART_SPI_UART.o)
                              .\CortexM0\ARM_GCC_541\Debug\StepperDriver.a(DBG_UART_UART.o) (DBG_UART_SpiUartReadRxData)
c:/program files (x86)/cypress/psoc creator/4.4/psoc creator/import/gnu/arm/5.4.1/bin/../lib/gcc/arm-none-eabi/5.4.1/../../../../arm-none-eabi/lib/armv6-m\libm.a(lib_a-s_round.o)
                              .\CortexM0\ARM_GCC_541\Debug\main.o (round)
c:/program files (x86)/cypress/psoc creator/4.4/psoc creator/import/gnu/arm/5.4.1/bin/../lib/gcc/arm-none-eabi/5.4.1/../../../../arm-none-eabi/lib/armv6-m\libm.a(lib_a-w_sqrt.o)
                              .\CortexM0\ARM_GCC_541\Debug\main.o (sqrt)
c:/program files (x86)/cypress/psoc creator/4.4/psoc creator/import/gnu/arm/5.4.1/bin/../lib/gcc/arm-none-eabi/5.4.1/../../../../arm-none-eabi/lib/armv6-m\libm.a(lib_a-e_sqrt.o)
                              c:/program files (x86)/cypress/psoc creator/4.4/psoc creator/import/gnu/arm/5.4.1/bin/../lib/gcc/arm-none-eabi/5.4.1/../../../../arm-none-eabi/lib/armv6-m\libm.a(lib_a-w_sqrt.o) (__ieee754_sqrt)
c:/program files (x86)/cypress/psoc creator/4.4/psoc creator/import/gnu/arm/5.4.1/bin/../lib/gcc/arm-none-eabi/5.4.1/../../../../arm-none-eabi/lib/armv6-m\libm.a(lib_a-s_lib_ver.o)
                              c:/program files (x86)/cypress/psoc creator/4.4/psoc creator/import/gnu/arm/5.4.1/bin/../lib/gcc/arm-none-eabi/5.4.1/../../../../arm-none-eabi/lib/armv6-m\libm.a(lib_a-w_sqrt.o) (__fdlib_version)
c:/program files (x86)/cypress/psoc creator/4.4/psoc creator/import/gnu/arm/5.4.1/bin/../lib/gcc/arm-none-eabi/5.4.1/../../../../arm-none-eabi/lib/armv6-m\libm.a(lib_a-s_matherr.o)
                              c:/program files (x86)/cypress/psoc creator/4.4/psoc creator/import/gnu/arm/5.4.1/bin/../lib/gcc/arm-none-eabi/5.4.1/../../../../arm-none-eabi/lib/armv6-m\libm.a(lib_a-w_sqrt.o) (matherr)
c:/program files (x86)/cypress/psoc creator/4.4/psoc creator/import/gnu/arm/5.4.1/bin/../lib/gcc/arm-none-eabi/5.4.1/armv6-m\libgcc.a(_udivsi3.o)
                              .\CortexM0\ARM_GCC_541\Debug\StepperDriver.a(CyLib.o) (__aeabi_uidiv)
c:/program files (x86)/cypress/psoc creator/4.4/psoc creator/import/gnu/arm/5.4.1/bin/../lib/gcc/arm-none-eabi/5.4.1/armv6-m\libgcc.a(_divsi3.o)
                              .\CortexM0\ARM_GCC_541\Debug\StepperDriver.a(CyLib.o) (__aeabi_idiv)
c:/program files (x86)/cypress/psoc creator/4.4/psoc creator/import/gnu/arm/5.4.1/bin/../lib/gcc/arm-none-eabi/5.4.1/armv6-m\libgcc.a(_dvmd_tls.o)
[...]
Memory Configuration

Name             Origin             Length             Attributes
rom              0x00000000         0x00040000         xr
ram              0x20000000         0x00008000         xrw
*default*        0x00000000         0xffffffff

Linker script and memory map

LOAD c:/program files (x86)/cypress/psoc creator/4.4/psoc creator/import/gnu/arm/5.4.1/bin/../lib/gcc/arm-none-eabi/5.4.1/armv6-m/crti.o
LOAD c:/program files (x86)/cypress/psoc creator/4.4/psoc creator/import/gnu/arm/5.4.1/bin/../lib/gcc/arm-none-eabi/5.4.1/armv6-m/crtbegin.o
LOAD c:/program files (x86)/cypress/psoc creator/4.4/psoc creator/import/gnu/arm/5.4.1/bin/../lib/gcc/arm-none-eabi/5.4.1/../../../../arm-none-eabi/lib/armv6-m/crt0.o
START GROUP
LOAD .\CortexM0\ARM_GCC_541\Debug\main.o
LOAD .\CortexM0\ARM_GCC_541\Debug\cyfitter_cfg.o
LOAD .\CortexM0\ARM_GCC_541\Debug\cymetadata.o
LOAD .\CortexM0\ARM_GCC_541\Debug\Cm0Start.o
LOAD .\CortexM0\ARM_GCC_541\Debug\StepperDriver.a
LOAD c:/program files (x86)/cypress/psoc creator/4.4/psoc creator/import/gnu/arm/5.4.1/bin/../lib/gcc/arm-none-eabi/5.4.1/../../../../arm-none-eabi/lib/armv6-m\libm.a
END GROUP
START GROUP
LOAD c:/program files (x86)/cypress/psoc creator/4.4/psoc creator/import/gnu/arm/5.4.1/bin/../lib/gcc/arm-none-eabi/5.4.1/armv6-m\libgcc.a
LOAD c:/program files (x86)/cypress/psoc creator/4.4/psoc creator/import/gnu/arm/5.4.1/bin/../lib/gcc/arm-none-eabi/5.4.1/../../../../arm-none-eabi/lib/armv6-m\libg_nano.a
LOAD c:/program files (x86)/cypress/psoc creator/4.4/psoc creator/import/gnu/arm/5.4.1/bin/../lib/gcc/arm-none-eabi/5.4.1/../../../../arm-none-eabi/lib/armv6-m\libc_nano.a
END GROUP
START GROUP
LOAD c:/program files (x86)/cypress/psoc creator/4.4/psoc creator/import/gnu/arm/5.4.1/bin/../lib/gcc/arm-none-eabi/5.4.1/armv6-m\libgcc.a
LOAD c:/program files (x86)/cypress/psoc creator/4.4/psoc creator/import/gnu/arm/5.4.1/bin/../lib/gcc/arm-none-eabi/5.4.1/../../../../arm-none-eabi/lib/armv6-m\libc_nano.a
END GROUP
LOAD c:/program files (x86)/cypress/psoc creator/4.4/psoc creator/import/gnu/arm/5.4.1/bin/../lib/gcc/arm-none-eabi/5.4.1/armv6-m/crtend.o
LOAD c:/program files (x86)/cypress/psoc creator/4.4/psoc creator/import/gnu/arm/5.4.1/bin/../lib/gcc/arm-none-eabi/5.4.1/armv6-m/crtn.o
START GROUP
LOAD c:/program files (x86)/cypress/psoc creator/4.4/psoc creator/import/gnu/arm/5.4.1/bin/../lib/gcc/arm-none-eabi/5.4.1/armv6-m\libgcc.a
LOAD c:/program files (x86)/cypress/psoc creator/4.4/psoc creator/import/gnu/arm/5.4.1/bin/../lib/gcc/arm-none-eabi/5.4.1/../../../../arm-none-eabi/lib/armv6-m\libc.a
LOAD c:/program files (x86)/cypress/psoc creator/4.4/psoc creator/import/gnu/arm/5.4.1/bin/../lib/gcc/arm-none-eabi/5.4.1/../../../../arm-none-eabi/lib/armv6-m\libnosys.a
END GROUP
                0x00000000                CY_APPL_ORIGIN = 0x0
                0x00000100                CY_FLASH_ROW_SIZE = 0x100
                0x00000001                CY_APPL_NUM = 0x1
                0x00000001                CY_APPL_MAX = 0x1
                0x00000040                CY_METADATA_SIZE = 0x40
                0x00000000                CY_APPL_LOADABLE = 0x0
                0x00000000                CY_CHECKSUM_EXCLUDE_SIZE = ALIGN (0x0, CY_FLASH_ROW_SIZE)
                0x00000000                CY_APP_FOR_STACK_AND_COPIER = 0x0
                [!provide]                PROVIDE (__cy_heap_start, _end)
                0x00000001                PROVIDE (__cy_region_num, ((__cy_regions_end - __cy_regions) / 0x10))
                0x20008000                PROVIDE (__cy_stack, (ORIGIN (ram) + LENGTH (ram)))
                [!provide]                PROVIDE (__cy_heap_end, (__cy_stack - 0x800))

.cybootloader   0x00000000        0x0
 *(.cybootloader)
                0x00000000                appl1_start = CY_APPL_ORIGIN?CY_APPL_ORIGIN:ALIGN (CY_FLASH_ROW_SIZE)
                0x0001ff00                appl2_start = (appl1_start + ALIGN ((((LENGTH (rom) - appl1_start) - (0x2 * CY_FLASH_ROW_SIZE)) / 0x2), CY_FLASH_ROW_SIZE))
                0x00000000                appl_start = (CY_APPL_NUM == 0x1)?appl1_start:appl2_start
                0x00000001                cy_project_type_bootloader = (appl_start == 0x0)?0x1:0x0
                0x00000000                cy_project_type_app_for_stack_and_copier = (CY_APP_FOR_STACK_AND_COPIER == 0x1)?0x1:0x0

.text           0x00000000     0x35c0
 CREATE_OBJECT_SYMBOLS
                0x00000000                PROVIDE (__cy_interrupt_vector, RomVectors)
 *(.romvectors)
 .romvectors    0x00000000       0x10 .\CortexM0\ARM_GCC_541\Debug\Cm0Start.o
                0x00000000                RomVectors
                0x00000001                ASSERT ((. != __cy_interrupt_vector), No interrupt vector)
                0x00000001                ASSERT (CY_APPL_ORIGIN?(SIZEOF (.cybootloader) <= CY_APPL_ORIGIN):0x1, Wrong image location)
                0x00000010                PROVIDE (__cy_reset, Reset)
 *(.text.Reset)
 .text.Reset    0x00000010        0x8 .\CortexM0\ARM_GCC_541\Debug\Cm0Start.o
                0x00000010                Reset
                0x00000001                ASSERT ((. != __cy_reset), No reset code)
 *(.psocinit)
 .psocinit      0x00000018      0x27c .\CortexM0\ARM_GCC_541\Debug\cyfitter_cfg.o
                0x000000c0                cyfitter_cfg
                0x00000294                . = MAX (., 0x100)
 *(.text .text.* .gnu.linkonce.t.*)
 .text          0x00000294       0x60 c:/program files (x86)/cypress/psoc creator/4.4/psoc creator/import/gnu/arm/5.4.1/bin/../lib/gcc/arm-none-eabi/5.4.1/armv6-m/crtbegin.o
 .text.getCurrentPosition
                0x000002f4        0x8 .\CortexM0\ARM_GCC_541\Debug\main.o
                0x000002f4                getCurrentPosition
 .text.stop     0x000002fc       0x1c .\CortexM0\ARM_GCC_541\Debug\main.o
                0x000002fc                stop
 .text.On_Lim_1
                0x00000318       0x20 .\CortexM0\ARM_GCC_541\Debug\main.o
                0x00000318                On_Lim_1
 .text.On_Lim_2
                0x00000338       0x20 .\CortexM0\ARM_GCC_541\Debug\main.o
                0x00000338                On_Lim_2
 .text.On_Fault
                0x00000358       0x28 .\CortexM0\ARM_GCC_541\Debug\main.o
                0x00000358                On_Fault
 .text.setSpeed
                0x00000380       0x1c .\CortexM0\ARM_GCC_541\Debug\main.o
                0x00000380                setSpeed
 .text.AccelToTarget
                0x0000039c       0xb4 .\CortexM0\ARM_GCC_541\Debug\main.o
                0x0000039c                AccelToTarget
 .text.On_Step  0x00000450        0xc .\CortexM0\ARM_GCC_541\Debug\main.o
                0x00000450                On_Step
 .text.StartMove
                0x0000045c       0x3c .\CortexM0\ARM_GCC_541\Debug\main.o
                0x0000045c                StartMove
 .text.Step     0x00000498       0x14 .\CortexM0\ARM_GCC_541\Debug\main.o
                0x00000498                Step
 .text.main     0x000004ac      0x218 .\CortexM0\ARM_GCC_541\Debug\main.o
                0x000004ac                main
 .text.cfg_write_bytes32
                0x000006c4       0x34 .\CortexM0\ARM_GCC_541\Debug\cyfitter_cfg.o
 .text.AnalogSetDefault
                0x000006f8       0x20 .\CortexM0\ARM_GCC_541\Debug\cyfitter_cfg.o
 .text.CYMEMZERO
                0x00000718        0xc .\CortexM0\ARM_GCC_541\Debug\cyfitter_cfg.o
 .text.IntDefaultHandler
                0x00000724       0x10 .\CortexM0\ARM_GCC_541\Debug\Cm0Start.o
                0x00000724                IntDefaultHandler
 .text.Start_c  0x00000734       0x48 .\CortexM0\ARM_GCC_541\Debug\Cm0Start.o
                0x00000734                Start_c
 .text.initialize_psoc
                0x0000077c       0x4c .\CortexM0\ARM_GCC_541\Debug\Cm0Start.o
                0x0000077c                initialize_psoc
 .text.Enable_Write
                0x000007c8        0xc .\CortexM0\ARM_GCC_541\Debug\StepperDriver.a(Enable.o)
                0x000007c8                Enable_Write
 .text.Step_Counter_Enable
                0x000007d4       0x14 .\CortexM0\ARM_GCC_541\Debug\StepperDriver.a(Step_Counter.o)
                0x000007d4                Step_Counter_Enable
 .text.Step_Counter_SetInterruptMode
                0x000007e8        0xc .\CortexM0\ARM_GCC_541\Debug\StepperDriver.a(Step_Counter.o)
                0x000007e8                Step_Counter_SetInterruptMode
 .text.Step_Counter_ReadStatusRegister
                0x000007f4        0xc .\CortexM0\ARM_GCC_541\Debug\StepperDriver.a(Step_Counter.o)
                0x000007f4                Step_Counter_ReadStatusRegister
 .text.Step_Counter_WriteCounter
                0x00000800        0xc .\CortexM0\ARM_GCC_541\Debug\StepperDriver.a(Step_Counter.o)
                0x00000800                Step_Counter_WriteCounter
 .text.Step_Counter_ReadCounter
                0x0000080c       0x14 .\CortexM0\ARM_GCC_541\Debug\StepperDriver.a(Step_Counter.o)
                0x0000080c                Step_Counter_ReadCounter
 .text.Step_Counter_ReadCapture
                0x00000820        0xc .\CortexM0\ARM_GCC_541\Debug\StepperDriver.a(Step_Counter.o)
                0x00000820                Step_Counter_ReadCapture
 .text.Step_Counter_WritePeriod
                0x0000082c        0xc .\CortexM0\ARM_GCC_541\Debug\StepperDriver.a(Step_Counter.o)
                0x0000082c                Step_Counter_WritePeriod
 .text.Step_Counter_WriteCompare
                0x00000838        0xc .\CortexM0\ARM_GCC_541\Debug\StepperDriver.a(Step_Counter.o)
                0x00000838                Step_Counter_WriteCompare
 .text.Step_Counter_ClearFIFO
                0x00000844       0x14 .\CortexM0\ARM_GCC_541\Debug\StepperDriver.a(Step_Counter.o)
                0x00000844                Step_Counter_ClearFIFO
 .text.Step_Counter_Init
                0x00000858       0x58 .\CortexM0\ARM_GCC_541\Debug\StepperDriver.a(Step_Counter.o)
                0x00000858                Step_Counter_Init
 .text.Step_Counter_Start
                0x000008b0       0x20 .\CortexM0\ARM_GCC_541\Debug\StepperDriver.a(Step_Counter.o)
                0x000008b0                Step_Counter_Start
 .text.Direction_Write
                0x000008d0        0xc .\CortexM0\ARM_GCC_541\Debug\StepperDriver.a(Direction.o)
                0x000008d0                Direction_Write
 .text.CySysClkImoSetPwrBgTrim5
                0x000008dc       0x30 .\CortexM0\ARM_GCC_541\Debug\StepperDriver.a(CyLib.o)
 .text.CySysClkImoSetImoTrims
                0x0000090c       0xb0 .\CortexM0\ARM_GCC_541\Debug\StepperDriver.a(CyLib.o)
 .text.CySysClkImoDisableWcoLock
                0x000009bc       0x54 .\CortexM0\ARM_GCC_541\Debug\StepperDriver.a(CyLib.o)
                0x000009bc                CySysClkImoDisableWcoLock
 .text.CySysClkImoGetWcoLock
                0x00000a10       0x14 .\CortexM0\ARM_GCC_541\Debug\StepperDriver.a(CyLib.o)
                0x00000a10                CySysClkImoGetWcoLock
 .text.CySysClkImoEnableUsbLock
                0x00000a24       0x44 .\CortexM0\ARM_GCC_541\Debug\StepperDriver.a(CyLib.o)
                0x00000a24                CySysClkImoEnableUsbLock
 .text.CySysClkImoDisableUsbLock
                0x00000a68       0x74 .\CortexM0\ARM_GCC_541\Debug\StepperDriver.a(CyLib.o)
                0x00000a68                CySysClkImoDisableUsbLock
 .text.CySysClkImoGetUsbLock
                0x00000adc       0x14 .\CortexM0\ARM_GCC_541\Debug\StepperDriver.a(CyLib.o)
                0x00000adc                CySysClkImoGetUsbLock
 .text.CyIntEnable
                0x00000af0       0x14 .\CortexM0\ARM_GCC_541\Debug\StepperDriver.a(CyLib.o)
                0x00000af0                CyIntEnable
 .text.CyHalt   0x00000b04        0x4 .\CortexM0\ARM_GCC_541\Debug\StepperDriver.a(CyLib.o)
                0x00000b04                CyHalt
 .text.CyIntSetVector
                0x00000b08       0x24 .\CortexM0\ARM_GCC_541\Debug\StepperDriver.a(CyLib.o)
                0x00000b08                CyIntSetVector
 .text.CyDelay  0x00000b2c       0x30 .\CortexM0\ARM_GCC_541\Debug\StepperDriver.a(CyLib.o)
                0x00000b2c                CyDelay
 .text.CySysClkImoEnableWcoLock
                0x00000b5c      0x104 .\CortexM0\ARM_GCC_541\Debug\StepperDriver.a(CyLib.o)
                0x00000b5c                CySysClkImoEnableWcoLock
 .text.CyDelayUs
                0x00000c60       0x14 .\CortexM0\ARM_GCC_541\Debug\StepperDriver.a(CyLib.o)
                0x00000c60                CyDelayUs
 .text.CySysClkWriteImoFreq
                0x00000c74      0x1bc .\CortexM0\ARM_GCC_541\Debug\StepperDriver.a(CyLib.o)
                0x00000c74                CySysClkWriteImoFreq
 .text.CySysWdtLocked
                0x00000e30       0x14 .\CortexM0\ARM_GCC_541\Debug\StepperDriver.a(CyLFClk.o)
 .text.CySysClkWcoEnabled
                0x00000e44       0x14 .\CortexM0\ARM_GCC_541\Debug\StepperDriver.a(CyLFClk.o)
                0x00000e44                CySysClkWcoEnabled
 .text.CySysWdtLock
                0x00000e58       0x1c .\CortexM0\ARM_GCC_541\Debug\StepperDriver.a(CyLFClk.o)
                0x00000e58                CySysWdtLock
 .text.CySysWdtUnlock
                0x00000e74       0x30 .\CortexM0\ARM_GCC_541\Debug\StepperDriver.a(CyLFClk.o)
                0x00000e74                CySysWdtUnlock
 .text.CySysWdtClearInterrupt
                0x00000ea4       0x4c .\CortexM0\ARM_GCC_541\Debug\StepperDriver.a(CyLFClk.o)
                0x00000ea4                CySysWdtClearInterrupt
 .text.CySysWdtIsr
                0x00000ef0       0xa4 .\CortexM0\ARM_GCC_541\Debug\StepperDriver.a(CyLFClk.o)
                0x00000ef0                CySysWdtIsr
 .text.DBG_UART_ScbModePostEnable
                0x00000f94        0x8 .\CortexM0\ARM_GCC_541\Debug\StepperDriver.a(DBG_UART.o)
 .text.DBG_UART_Init
                0x00000f9c        0x8 .\CortexM0\ARM_GCC_541\Debug\StepperDriver.a(DBG_UART.o)
                0x00000f9c                DBG_UART_Init
 .text.DBG_UART_Enable
                0x00000fa4       0x18 .\CortexM0\ARM_GCC_541\Debug\StepperDriver.a(DBG_UART.o)
                0x00000fa4                DBG_UART_Enable
 .text.DBG_UART_Start
                0x00000fbc       0x20 .\CortexM0\ARM_GCC_541\Debug\StepperDriver.a(DBG_UART.o)
                0x00000fbc                DBG_UART_Start
 .text.DBG_UART_UartInit
                0x00000fdc       0xa8 .\CortexM0\ARM_GCC_541\Debug\StepperDriver.a(DBG_UART_UART.o)
                0x00000fdc                DBG_UART_UartInit
 .text.DBG_UART_UartPostEnable
                0x00001084       0x24 .\CortexM0\ARM_GCC_541\Debug\StepperDriver.a(DBG_UART_UART.o)
                0x00001084                DBG_UART_UartPostEnable
 .text.DBG_UART_UartGetByte
                0x000010a8       0x34 .\CortexM0\ARM_GCC_541\Debug\StepperDriver.a(DBG_UART_UART.o)
                0x000010a8                DBG_UART_UartGetByte
 .text.DBG_UART_UartPutString
                0x000010dc       0x18 .\CortexM0\ARM_GCC_541\Debug\StepperDriver.a(DBG_UART_UART.o)
                0x000010dc                DBG_UART_UartPutString
 .text.isr_lim_1_SetVector
                0x000010f4        0xc .\CortexM0\ARM_GCC_541\Debug\StepperDriver.a(isr_lim_1.o)
                0x000010f4                isr_lim_1_SetVector
 .text.isr_lim_1_SetPriority
                0x00001100       0x24 .\CortexM0\ARM_GCC_541\Debug\StepperDriver.a(isr_lim_1.o)
                0x00001100                isr_lim_1_SetPriority
 .text.isr_lim_1_Enable
                0x00001124        0xc .\CortexM0\ARM_GCC_541\Debug\StepperDriver.a(isr_lim_1.o)
                0x00001124                isr_lim_1_Enable
 .text.isr_lim_1_Disable
                0x00001130        0xc .\CortexM0\ARM_GCC_541\Debug\StepperDriver.a(isr_lim_1.o)
                0x00001130                isr_lim_1_Disable
 .text.isr_lim_1_StartEx
                0x0000113c       0x1c .\CortexM0\ARM_GCC_541\Debug\StepperDriver.a(isr_lim_1.o)
                0x0000113c                isr_lim_1_StartEx
 .text.isr_lim_1_ClearPending
                0x00001158        0xc .\CortexM0\ARM_GCC_541\Debug\StepperDriver.a(isr_lim_1.o)
                0x00001158                isr_lim_1_ClearPending
 .text.isr_lim_2_SetVector
                0x00001164        0xc .\CortexM0\ARM_GCC_541\Debug\StepperDriver.a(isr_lim_2.o)
                0x00001164                isr_lim_2_SetVector
 .text.isr_lim_2_SetPriority
                0x00001170       0x20 .\CortexM0\ARM_GCC_541\Debug\StepperDriver.a(isr_lim_2.o)
                0x00001170                isr_lim_2_SetPriority
 .text.isr_lim_2_Enable
                0x00001190        0xc .\CortexM0\ARM_GCC_541\Debug\StepperDriver.a(isr_lim_2.o)
                0x00001190                isr_lim_2_Enable
 .text.isr_lim_2_Disable
                0x0000119c        0xc .\CortexM0\ARM_GCC_541\Debug\StepperDriver.a(isr_lim_2.o)
                0x0000119c                isr_lim_2_Disable
 .text.isr_lim_2_StartEx
                0x000011a8       0x1c .\CortexM0\ARM_GCC_541\Debug\StepperDriver.a(isr_lim_2.o)
                0x000011a8                isr_lim_2_StartEx
 .text.isr_lim_2_ClearPending
                0x000011c4        0xc .\CortexM0\ARM_GCC_541\Debug\StepperDriver.a(isr_lim_2.o)
                0x000011c4                isr_lim_2_ClearPending
 .text.isr_fault_SetVector
                0x000011d0        0xc .\CortexM0\ARM_GCC_541\Debug\StepperDriver.a(isr_fault.o)
                0x000011d0                isr_fault_SetVector
 .text.isr_fault_SetPriority
                0x000011dc       0x24 .\CortexM0\ARM_GCC_541\Debug\StepperDriver.a(isr_fault.o)
                0x000011dc                isr_fault_SetPriority
 .text.isr_fault_Enable
                0x00001200        0xc .\CortexM0\ARM_GCC_541\Debug\StepperDriver.a(isr_fault.o)
                0x00001200                isr_fault_Enable
 .text.isr_fault_Disable
                0x0000120c        0xc .\CortexM0\ARM_GCC_541\Debug\StepperDriver.a(isr_fault.o)
                0x0000120c                isr_fault_Disable
 .text.isr_fault_StartEx
                0x00001218       0x1c .\CortexM0\ARM_GCC_541\Debug\StepperDriver.a(isr_fault.o)
                0x00001218                isr_fault_StartEx
 .text.isr_fault_ClearPending
                0x00001234        0xc .\CortexM0\ARM_GCC_541\Debug\StepperDriver.a(isr_fault.o)
                0x00001234                isr_fault_ClearPending
 .text.Step_Timer_SetInterruptMode
                0x00001240        0xc .\CortexM0\ARM_GCC_541\Debug\StepperDriver.a(Step_Timer.o)
                0x00001240                Step_Timer_SetInterruptMode
 .text.Step_Timer_ReadStatusRegister
                0x0000124c        0xc .\CortexM0\ARM_GCC_541\Debug\StepperDriver.a(Step_Timer.o)
                0x0000124c                Step_Timer_ReadStatusRegister
 .text.Step_Timer_WriteCounter
                0x00001258       0x10 .\CortexM0\ARM_GCC_541\Debug\StepperDriver.a(Step_Timer.o)
                0x00001258                Step_Timer_WriteCounter
 .text.Step_Timer_ReadCounter
                0x00001268       0x18 .\CortexM0\ARM_GCC_541\Debug\StepperDriver.a(Step_Timer.o)
                0x00001268                Step_Timer_ReadCounter
 .text.Step_Timer_ReadCapture
                0x00001280       0x10 .\CortexM0\ARM_GCC_541\Debug\StepperDriver.a(Step_Timer.o)
                0x00001280                Step_Timer_ReadCapture
 .text.Step_Timer_WritePeriod
                0x00001290       0x10 .\CortexM0\ARM_GCC_541\Debug\StepperDriver.a(Step_Timer.o)
                0x00001290                Step_Timer_WritePeriod
 .text.Step_Timer_ReadPeriod
                0x000012a0       0x10 .\CortexM0\ARM_GCC_541\Debug\StepperDriver.a(Step_Timer.o)
                0x000012a0                Step_Timer_ReadPeriod
 .text.Step_Timer_WriteCompare
                0x000012b0       0x10 .\CortexM0\ARM_GCC_541\Debug\StepperDriver.a(Step_Timer.o)
                0x000012b0                Step_Timer_WriteCompare
 .text.Step_Timer_ClearFIFO
                0x000012c0       0x14 .\CortexM0\ARM_GCC_541\Debug\StepperDriver.a(Step_Timer.o)
                0x000012c0                Step_Timer_ClearFIFO
 .text.Step_Timer_Init
                0x000012d4       0x40 .\CortexM0\ARM_GCC_541\Debug\StepperDriver.a(Step_Timer.o)
                0x000012d4                Step_Timer_Init
 .text.Step_Timer_Start
                0x00001314       0x1c .\CortexM0\ARM_GCC_541\Debug\StepperDriver.a(Step_Timer.o)
                0x00001314                Step_Timer_Start
 .text.isr_step_SetVector
                0x00001330        0xc .\CortexM0\ARM_GCC_541\Debug\StepperDriver.a(isr_step.o)
                0x00001330                isr_step_SetVector
 .text.isr_step_SetPriority
                0x0000133c       0x20 .\CortexM0\ARM_GCC_541\Debug\StepperDriver.a(isr_step.o)
                0x0000133c                isr_step_SetPriority
 .text.isr_step_Enable
                0x0000135c        0xc .\CortexM0\ARM_GCC_541\Debug\StepperDriver.a(isr_step.o)
                0x0000135c                isr_step_Enable
 .text.isr_step_Disable
                0x00001368        0xc .\CortexM0\ARM_GCC_541\Debug\StepperDriver.a(isr_step.o)
                0x00001368                isr_step_Disable
 .text.isr_step_StartEx
                0x00001374       0x1c .\CortexM0\ARM_GCC_541\Debug\StepperDriver.a(isr_step.o)
                0x00001374                isr_step_StartEx
 .text.isr_step_ClearPending
                0x00001390        0xc .\CortexM0\ARM_GCC_541\Debug\StepperDriver.a(isr_step.o)
                0x00001390                isr_step_ClearPending
 *fill*         0x0000139c        0x4 
 .text          0x000013a0       0x20 .\CortexM0\ARM_GCC_541\Debug\StepperDriver.a(CyBootAsmGnu.o)
                0x000013a0                CyDelayCycles
                0x000013b2                CyEnterCriticalSection
                0x000013ba                CyExitCriticalSection
 .text.CySysFlashSetWaitCycles
                0x000013c0       0x54 .\CortexM0\ARM_GCC_541\Debug\StepperDriver.a(CyFlash.o)
                0x000013c0                CySysFlashSetWaitCycles
 .text.CySetReg24
                0x00001414       0x14 .\CortexM0\ARM_GCC_541\Debug\StepperDriver.a(cyutils.o)
                0x00001414                CySetReg24
 .text.CyGetReg24
                0x00001428       0x14 .\CortexM0\ARM_GCC_541\Debug\StepperDriver.a(cyutils.o)
                0x00001428                CyGetReg24
 .text.DBG_UART_SpiUartReadRxData
                0x0000143c        0xc .\CortexM0\ARM_GCC_541\Debug\StepperDriver.a(DBG_UART_SPI_UART.o)
                0x0000143c                DBG_UART_SpiUartReadRxData
 .text.DBG_UART_SpiUartGetRxBufferSize
                0x00001448       0x10 .\CortexM0\ARM_GCC_541\Debug\StepperDriver.a(DBG_UART_SPI_UART.o)
                0x00001448                DBG_UART_SpiUartGetRxBufferSize
 .text.DBG_UART_SpiUartWriteTxData
                0x00001458       0x1c .\CortexM0\ARM_GCC_541\Debug\StepperDriver.a(DBG_UART_SPI_UART.o)
                0x00001458                DBG_UART_SpiUartWriteTxData
 .text.sqrt     0x00001474       0xc0 c:/program files (x86)/cypress/psoc creator/4.4/psoc creator/import/gnu/arm/5.4.1/bin/../lib/gcc/arm-none-eabi/5.4.1/../../../../arm-none-eabi/lib/armv6-m\libm.a(lib_a-w_sqrt.o)
                0x00001474                sqrt
 .text.__ieee754_sqrt
                0x00001534      0x1ec c:/program files (x86)/cypress/psoc creator/4.4/psoc creator/import/gnu/arm/5.4.1/bin/../lib/gcc/arm-none-eabi/5.4.1/../../../../arm-none-eabi/lib/armv6-m\libm.a(lib_a-e_sqrt.o)
                0x00001534                __ieee754_sqrt
 .text.matherr  0x00001720        0x4 c:/program files (x86)/cypress/psoc creator/4.4/psoc creator/import/gnu/arm/5.4.1/bin/../lib/gcc/arm-none-eabi/5.4.1/../../../../arm-none-eabi/lib/armv6-m\libm.a(lib_a-s_matherr.o)
                0x00001720                matherr
 .text          0x00001724      0x114 c:/program files (x86)/cypress/psoc creator/4.4/psoc creator/import/gnu/arm/5.4.1/bin/../lib/gcc/arm-none-eabi/5.4.1/armv6-m\libgcc.a(_udivsi3.o)
                0x00001724                __aeabi_uidiv
                0x00001724                __udivsi3
                0x00001830                __aeabi_uidivmod
 .text          0x00001838        0x4 c:/program files (x86)/cypress/psoc creator/4.4/psoc creator/import/gnu/arm/5.4.1/bin/../lib/gcc/arm-none-eabi/5.4.1/armv6-m\libgcc.a(_dvmd_tls.o)
                0x00001838                __aeabi_idiv0
                0x00001838                __aeabi_ldiv0
 .text          0x0000183c       0x7c c:/program files (x86)/cypress/psoc creator/4.4/psoc creator/import/gnu/arm/5.4.1/bin/../lib/gcc/arm-none-eabi/5.4.1/armv6-m\libgcc.a(_arm_cmpdf2.o)
                0x0000183c                __aeabi_cdrcmple
                0x0000184c                __aeabi_cdcmple
                0x0000184c                __aeabi_cdcmpeq
                0x0000185c                __aeabi_dcmpeq
                0x00001868                __aeabi_dcmplt
                0x0000187c                __aeabi_dcmple
                0x00001890                __aeabi_dcmpgt
                0x000018a4                __aeabi_dcmpge
 .text          0x000018b8       0x3c c:/program files (x86)/cypress/psoc creator/4.4/psoc creator/import/gnu/arm/5.4.1/bin/../lib/gcc/arm-none-eabi/5.4.1/armv6-m\libgcc.a(_fixunsdfsi.o)
                0x000018b8                __aeabi_d2uiz
                0x000018b8                __fixunsdfsi
 .text          0x000018f4      0x658 c:/program files (x86)/cypress/psoc creator/4.4/psoc creator/import/gnu/arm/5.4.1/bin/../lib/gcc/arm-none-eabi/5.4.1/armv6-m\libgcc.a(adddf3.o)
                0x000018f4                __aeabi_dadd
 .text          0x00001f4c      0x62c c:/program files (x86)/cypress/psoc creator/4.4/psoc creator/import/gnu/arm/5.4.1/bin/../lib/gcc/arm-none-eabi/5.4.1/armv6-m\libgcc.a(divdf3.o)
                0x00001f4c                __aeabi_ddiv
 .text          0x00002578       0x80 c:/program files (x86)/cypress/psoc creator/4.4/psoc creator/import/gnu/arm/5.4.1/bin/../lib/gcc/arm-none-eabi/5.4.1/armv6-m\libgcc.a(eqdf2.o)
                0x00002578                __nedf2
                0x00002578                __eqdf2
 .text          0x000025f8       0xc8 c:/program files (x86)/cypress/psoc creator/4.4/psoc creator/import/gnu/arm/5.4.1/bin/../lib/gcc/arm-none-eabi/5.4.1/armv6-m\libgcc.a(gedf2.o)
                0x000025f8                __gedf2
                0x000025f8                __gtdf2
 .text          0x000026c0       0xd4 c:/program files (x86)/cypress/psoc creator/4.4/psoc creator/import/gnu/arm/5.4.1/bin/../lib/gcc/arm-none-eabi/5.4.1/armv6-m\libgcc.a(ledf2.o)
                0x000026c0                __ledf2
                0x000026c0                __ltdf2
 .text          0x00002794      0x4f4 c:/program files (x86)/cypress/psoc creator/4.4/psoc creator/import/gnu/arm/5.4.1/bin/../lib/gcc/arm-none-eabi/5.4.1/armv6-m\libgcc.a(muldf3.o)
                0x00002794                __aeabi_dmul
 .text          0x00002c88      0x6a8 c:/program files (x86)/cypress/psoc creator/4.4/psoc creator/import/gnu/arm/5.4.1/bin/../lib/gcc/arm-none-eabi/5.4.1/armv6-m\libgcc.a(subdf3.o)
                0x00002c88                __aeabi_dsub
 .text          0x00003330       0x40 c:/program files (x86)/cypress/psoc creator/4.4/psoc creator/import/gnu/arm/5.4.1/bin/../lib/gcc/arm-none-eabi/5.4.1/armv6-m\libgcc.a(unorddf2.o)
                0x00003330                __aeabi_dcmpun
 .text          0x00003370       0x6c c:/program files (x86)/cypress/psoc creator/4.4/psoc creator/import/gnu/arm/5.4.1/bin/../lib/gcc/arm-none-eabi/5.4.1/armv6-m\libgcc.a(fixdfsi.o)
                0x00003370                __aeabi_d2iz
 .text          0x000033dc       0x84 c:/program files (x86)/cypress/psoc creator/4.4/psoc creator/import/gnu/arm/5.4.1/bin/../lib/gcc/arm-none-eabi/5.4.1/armv6-m\libgcc.a(floatsidf.o)
                0x000033dc                __aeabi_i2d
 .text          0x00003460       0x3c c:/program files (x86)/cypress/psoc creator/4.4/psoc creator/import/gnu/arm/5.4.1/bin/../lib/gcc/arm-none-eabi/5.4.1/armv6-m\libgcc.a(_clzsi2.o)
                0x00003460                __clzsi2
 .text.__errno  0x0000349c        0xc c:/program files (x86)/cypress/psoc creator/4.4/psoc creator/import/gnu/arm/5.4.1/bin/../lib/gcc/arm-none-eabi/5.4.1/../../../../arm-none-eabi/lib/armv6-m\libg_nano.a(lib_a-errno.o)
                0x0000349c                __errno
 .text.__libc_init_array
                0x000034a8       0x4c c:/program files (x86)/cypress/psoc creator/4.4/psoc creator/import/gnu/arm/5.4.1/bin/../lib/gcc/arm-none-eabi/5.4.1/../../../../arm-none-eabi/lib/armv6-m\libg_nano.a(lib_a-init.o)
                0x000034a8                __libc_init_array
 .text.__itoa   0x000034f4       0x2e c:/program files (x86)/cypress/psoc creator/4.4/psoc creator/import/gnu/arm/5.4.1/bin/../lib/gcc/arm-none-eabi/5.4.1/../../../../arm-none-eabi/lib/armv6-m\libg_nano.a(lib_a-itoa.o)
                0x000034f4                __itoa
 .text.itoa     0x00003522        0x8 c:/program files (x86)/cypress/psoc creator/4.4/psoc creator/import/gnu/arm/5.4.1/bin/../lib/gcc/arm-none-eabi/5.4.1/../../../../arm-none-eabi/lib/armv6-m\libg_nano.a(lib_a-itoa.o)
                0x00003522                itoa
 .text.memcpy   0x0000352a       0x12 c:/program files (x86)/cypress/psoc creator/4.4/psoc creator/import/gnu/arm/5.4.1/bin/../lib/gcc/arm-none-eabi/5.4.1/../../../../arm-none-eabi/lib/armv6-m\libg_nano.a(lib_a-memcpy-stub.o)
                0x0000352a                memcpy
 .text.memset   0x0000353c       0x10 c:/program files (x86)/cypress/psoc creator/4.4/psoc creator/import/gnu/arm/5.4.1/bin/../lib/gcc/arm-none-eabi/5.4.1/../../../../arm-none-eabi/lib/armv6-m\libg_nano.a(lib_a-memset.o)
                0x0000353c                memset
 .text.__utoa   0x0000354c       0x74 c:/program files (x86)/cypress/psoc creator/4.4/psoc creator/import/gnu/arm/5.4.1/bin/../lib/gcc/arm-none-eabi/5.4.1/../../../../arm-none-eabi/lib/armv6-m\libg_nano.a(lib_a-utoa.o)
                0x0000354c                __utoa
 *(.plt)
 *(.gnu.warning)
 *(.glue_7t)
 .glue_7t       0x000035c0        0x0 linker stubs
 *(.glue_7)
 .glue_7        0x000035c0        0x0 linker stubs
 *(.vfp11_veneer)
 .vfp11_veneer  0x000035c0        0x0 linker stubs
 *(.bootloader)
 *(.ARM.extab* .gnu.linkonce.armextab.*)
 *(.gcc_except_table)

.v4_bx          0x000035c0        0x0
 .v4_bx         0x000035c0        0x0 linker stubs

.iplt           0x000035c0        0x0
 .iplt          0x000035c0        0x0 c:/program files (x86)/cypress/psoc creator/4.4/psoc creator/import/gnu/arm/5.4.1/bin/../lib/gcc/arm-none-eabi/5.4.1/armv6-m/crtbegin.o

.eh_frame_hdr
 *(.eh_frame_hdr)

.eh_frame       0x000035c0        0x4
 *(.eh_frame)
 .eh_frame      0x000035c0        0x0 c:/program files (x86)/cypress/psoc creator/4.4/psoc creator/import/gnu/arm/5.4.1/bin/../lib/gcc/arm-none-eabi/5.4.1/armv6-m/crtbegin.o
 .eh_frame      0x000035c0        0x4 c:/program files (x86)/cypress/psoc creator/4.4/psoc creator/import/gnu/arm/5.4.1/bin/../lib/gcc/arm-none-eabi/5.4.1/armv6-m/crtend.o
                [!provide]                PROVIDE (__exidx_start, .)

.ARM.exidx
 *(.ARM.exidx* .gnu.linkonce.armexidx.*)
                0x000035c4                __exidx_end = .

.rodata         0x000035c4      0x584
 *(.rodata .rodata.* .gnu.linkonce.r.*)
 .rodata.str1.4
                0x000035c4       0xb9 .\CortexM0\ARM_GCC_541\Debug\main.o
                                 0xbd (size before relaxing)
 *fill*         0x0000367d        0x3 
 .rodata        0x00003680      0x3b4 .\CortexM0\ARM_GCC_541\Debug\cyfitter_cfg.o
 .rodata        0x00003a34       0x2e .\CortexM0\ARM_GCC_541\Debug\StepperDriver.a(CyLib.o)
                0x00003a34                cyImoFreqMhz2Reg
 *fill*         0x00003a62        0x2 
 .rodata.str1.4
                0x00003a64        0x8 c:/program files (x86)/cypress/psoc creator/4.4/psoc creator/import/gnu/arm/5.4.1/bin/../lib/gcc/arm-none-eabi/5.4.1/../../../../arm-none-eabi/lib/armv6-m\libm.a(lib_a-w_sqrt.o)
                                  0x5 (size before relaxing)
 .rodata        0x00003a6c       0x40 c:/program files (x86)/cypress/psoc creator/4.4/psoc creator/import/gnu/arm/5.4.1/bin/../lib/gcc/arm-none-eabi/5.4.1/armv6-m\libgcc.a(divdf3.o)
 .rodata        0x00003aac       0x40 c:/program files (x86)/cypress/psoc creator/4.4/psoc creator/import/gnu/arm/5.4.1/bin/../lib/gcc/arm-none-eabi/5.4.1/armv6-m\libgcc.a(muldf3.o)
 .rodata.str1.1
                0x00003aec        0x2 c:/program files (x86)/cypress/psoc creator/4.4/psoc creator/import/gnu/arm/5.4.1/bin/../lib/gcc/arm-none-eabi/5.4.1/../../../../arm-none-eabi/lib/armv6-m\libg_nano.a(lib_a-impure.o)
 .rodata.str1.1
                0x00003aee       0x25 c:/program files (x86)/cypress/psoc creator/4.4/psoc creator/import/gnu/arm/5.4.1/bin/../lib/gcc/arm-none-eabi/5.4.1/../../../../arm-none-eabi/lib/armv6-m\libg_nano.a(lib_a-utoa.o)
                0x00003b14                . = ALIGN (0x4)
 *fill*         0x00003b13        0x1 
 *(.init)
 .init          0x00003b14        0x4 c:/program files (x86)/cypress/psoc creator/4.4/psoc creator/import/gnu/arm/5.4.1/bin/../lib/gcc/arm-none-eabi/5.4.1/armv6-m/crti.o
                0x00003b14                _init
 .init          0x00003b18        0x8 c:/program files (x86)/cypress/psoc creator/4.4/psoc creator/import/gnu/arm/5.4.1/bin/../lib/gcc/arm-none-eabi/5.4.1/armv6-m/crtn.o
                0x00003b20                . = ALIGN (0x4)
                0x00003b20                __preinit_array_start = .
 *(.preinit_array)
                0x00003b20                __preinit_array_end = .
                0x00003b20                . = ALIGN (0x4)
                0x00003b20                __init_array_start = .
 *(SORT(.init_array.*))
 *(.init_array)
 .init_array    0x00003b20        0x4 c:/program files (x86)/cypress/psoc creator/4.4/psoc creator/import/gnu/arm/5.4.1/bin/../lib/gcc/arm-none-eabi/5.4.1/armv6-m/crtbegin.o
 .init_array    0x00003b24        0x4 .\CortexM0\ARM_GCC_541\Debug\Cm0Start.o
                0x00003b28                __init_array_end = .
                0x00003b28                . = ALIGN (0x4)
 *(.fini)
 .fini          0x00003b28        0x4 c:/program files (x86)/cypress/psoc creator/4.4/psoc creator/import/gnu/arm/5.4.1/bin/../lib/gcc/arm-none-eabi/5.4.1/armv6-m/crti.o
                0x00003b28                _fini
 .fini          0x00003b2c        0x8 c:/program files (x86)/cypress/psoc creator/4.4/psoc creator/import/gnu/arm/5.4.1/bin/../lib/gcc/arm-none-eabi/5.4.1/armv6-m/crtn.o
                0x00003b34                . = ALIGN (0x4)
                0x00003b34                __fini_array_start = .
 *(.fini_array)
 .fini_array    0x00003b34        0x4 c:/program files (x86)/cypress/psoc creator/4.4/psoc creator/import/gnu/arm/5.4.1/bin/../lib/gcc/arm-none-eabi/5.4.1/armv6-m/crtbegin.o
 *(SORT(.fini_array.*))
                0x00003b38                __fini_array_end = .
                0x00003b38                . = ALIGN (0x4)
 *crtbegin.o(.ctors)
 *(EXCLUDE_FILE(*crtend.o) .ctors)
 *(SORT(.ctors.*))
 *crtend.o(.ctors)
                0x00003b38                . = ALIGN (0x4)
 *crtbegin.o(.dtors)
 *(EXCLUDE_FILE(*crtend.o) .dtors)
 *(SORT(.dtors.*))
 *crtend.o(.dtors)
                0x00003b38                . = ALIGN (0x4)
                0x00003b38                __cy_regions = .
                0x00003b38        0x4 LONG 0x3b48 __cy_region_init_ram
                0x00003b3c        0x4 LONG 0x200000c0 __cy_region_start_data
                0x00003b40        0x4 LONG 0x90 __cy_region_init_size_ram
                0x00003b44        0x4 LONG 0xc0 __cy_region_zero_size_ram
                0x00003b48                __cy_regions_end = .
                0x00003b48                . = ALIGN (0x8)
                0x00003b48                _etext = .

.cy_checksum_exclude
                0x00003b48        0x0
 *(.cy_checksum_exclude)

.ramvectors     0x20000000       0xc0
                0x20000000                __cy_region_start_ram = .
 *(.ramvectors)
 .ramvectors    0x20000000       0xc0 .\CortexM0\ARM_GCC_541\Debug\Cm0Start.o
                0x20000000                CyRamVectors

.noinit
 *(.noinit)

.data           0x200000c0       0x90 load address 0x00003b48
                0x200000c0                __cy_region_start_data = .
 *(.jcr)
 .jcr           0x200000c0        0x0 c:/program files (x86)/cypress/psoc creator/4.4/psoc creator/import/gnu/arm/5.4.1/bin/../lib/gcc/arm-none-eabi/5.4.1/armv6-m/crtbegin.o
 .jcr           0x200000c0        0x4 c:/program files (x86)/cypress/psoc creator/4.4/psoc creator/import/gnu/arm/5.4.1/bin/../lib/gcc/arm-none-eabi/5.4.1/armv6-m/crtend.o
 *(.got.plt)
 *(.got)
 *(.shdata)
 *(.data .data.* .gnu.linkonce.d.*)
 .data          0x200000c4        0x4 .\CortexM0\ARM_GCC_541\Debug\main.o
                0x200000c4                dbg_step
 .data          0x200000c8       0x14 .\CortexM0\ARM_GCC_541\Debug\StepperDriver.a(CyLib.o)
                0x200000c8                CySysClkPumpConfig
                0x200000cc                cydelay32kMs
                0x200000d0                cydelayFreqKhz
                0x200000d4                cydelayFreqMhz
                0x200000d8                cydelayFreqHz
 .data          0x200000dc        0x8 .\CortexM0\ARM_GCC_541\Debug\StepperDriver.a(CyLFClk.o)
 .data.__fdlib_version
                0x200000e4        0x1 c:/program files (x86)/cypress/psoc creator/4.4/psoc creator/import/gnu/arm/5.4.1/bin/../lib/gcc/arm-none-eabi/5.4.1/../../../../arm-none-eabi/lib/armv6-m\libm.a(lib_a-s_lib_ver.o)
                0x200000e4                __fdlib_version
 *fill*         0x200000e5        0x3 
 .data.impure_data
                0x200000e8       0x60 c:/program files (x86)/cypress/psoc creator/4.4/psoc creator/import/gnu/arm/5.4.1/bin/../lib/gcc/arm-none-eabi/5.4.1/../../../../arm-none-eabi/lib/armv6-m\libg_nano.a(lib_a-impure.o)
 .data._impure_ptr
                0x20000148        0x4 c:/program files (x86)/cypress/psoc creator/4.4/psoc creator/import/gnu/arm/5.4.1/bin/../lib/gcc/arm-none-eabi/5.4.1/../../../../arm-none-eabi/lib/armv6-m\libg_nano.a(lib_a-impure.o)
                0x20000148                _impure_ptr
                0x20000150                . = ALIGN (0x8)
 *fill*         0x2000014c        0x4 
 *(.ram)
                0x20000150                _edata = .

.igot.plt       0x20000150        0x0 load address 0x00003bd8
 .igot.plt      0x20000150        0x0 c:/program files (x86)/cypress/psoc creator/4.4/psoc creator/import/gnu/arm/5.4.1/bin/../lib/gcc/arm-none-eabi/5.4.1/armv6-m/crtbegin.o

.bss            0x20000150       0xc0 load address 0x00003bd8
                0x20000150                PROVIDE (__bss_start__, .)
 *(.shbss)
 *(.bss .bss.* .gnu.linkonce.b.*)
 .bss           0x20000150       0x1c c:/program files (x86)/cypress/psoc creator/4.4/psoc creator/import/gnu/arm/5.4.1/bin/../lib/gcc/arm-none-eabi/5.4.1/armv6-m/crtbegin.o
 .bss           0x2000016c        0xc .\CortexM0\ARM_GCC_541\Debug\main.o
                0x2000016c                targetPosition
                0x20000170                E
                0x20000174                pos
 .bss           0x20000178        0x1 .\CortexM0\ARM_GCC_541\Debug\StepperDriver.a(Step_Counter.o)
                0x20000178                Step_Counter_initVar
 *fill*         0x20000179        0x3 
 .bss           0x2000017c       0x20 .\CortexM0\ARM_GCC_541\Debug\StepperDriver.a(CyLib.o)
                0x2000017c                CySysClkImoTrim4
                0x20000180                CySysClkImoTrim5
                0x20000198                CySysTickInitVar
 .bss           0x2000019c       0x28 .\CortexM0\ARM_GCC_541\Debug\StepperDriver.a(CyLFClk.o)
 .bss           0x200001c4        0x4 .\CortexM0\ARM_GCC_541\Debug\StepperDriver.a(DBG_UART.o)
                0x200001c4                DBG_UART_initVar
                0x200001c6                DBG_UART_IntrTxMask
 .bss           0x200001c8        0x1 .\CortexM0\ARM_GCC_541\Debug\StepperDriver.a(Step_Timer.o)
                0x200001c8                Step_Timer_initVar
 *(COMMON)
 *fill*         0x200001c9        0x7 
 COMMON         0x200001d0       0x40 .\CortexM0\ARM_GCC_541\Debug\main.o
                0x200001d0                accel
                0x200001d8                debugOutput
                0x200001f8                vel
                0x20000200                E_max
                0x20000208                stepSize
                0x20000210                . = ALIGN (0x8)
 *(.ram.b)
                0x20000210                _end = .
                0x20000210                __end = .
                0x20000210                PROVIDE (end, .)
                0x20000210                PROVIDE (__bss_end__, .)
                0x00003b48                __cy_region_init_ram = LOADADDR (.data)
                0x00000090                __cy_region_init_size_ram = (_edata - ADDR (.data))
                0x000000c0                __cy_region_zero_size_ram = (_end - _edata)

.heap           0x20000210       0x80 load address 0x00003bd8
                0x20000210                . = _end
                0x20000290                . = (. + 0x80)
 *fill*         0x20000210       0x80 
                0x20000290                __cy_heap_limit = .

.stack          0x20007800      0x800
                0x20007800                __cy_stack_limit = .
                0x20008000                . = (. + 0x800)
 *fill*         0x20007800      0x800 
                0x00000001                ASSERT ((__cy_stack_limit >= __cy_heap_limit), region RAM overflowed with stack)
                0x00000000                cy_checksum_exclude_size = (CY_APPL_LOADABLE == 0x1)?SIZEOF (.cy_checksum_exclude):0x0
                0x00000001                ASSERT ((cy_checksum_exclude_size <= CY_CHECKSUM_EXCLUDE_SIZE), CY_BOOT: Section .cy_checksum_exclude size exceedes specified limit.)
                0x0003ffc0                cyloadermeta_start = (cy_project_type_bootloader || cy_project_type_app_for_stack_and_copier)?(LENGTH (rom) - CY_METADATA_SIZE):0xf0000000

.cyloadermeta
 *(.cyloadermeta)
                0x0003ffc0                cyloadablemeta_start = cy_project_type_app_for_stack_and_copier?((LENGTH (rom) - CY_FLASH_ROW_SIZE) - CY_METADATA_SIZE):((LENGTH (rom) - (CY_FLASH_ROW_SIZE * (CY_APPL_NUM - 0x1))) - CY_METADATA_SIZE)

.cyloadablemeta
 *(.cyloadablemeta)

.cyflashprotect
                0x90400000       0x80
 *(.cyflashprotect)
 .cyflashprotect
                0x90400000       0x80 .\CortexM0\ARM_GCC_541\Debug\cymetadata.o
                0x90400000                cy_meta_flashprotect

.cymeta         0x90500000        0xc
 *(.cymeta)
 .cymeta        0x90500000        0xc .\CortexM0\ARM_GCC_541\Debug\cymetadata.o
                0x90500000                cy_metadata

.cychipprotect  0x90600000        0x1
 *(.cychipprotect)
 .cychipprotect
                0x90600000        0x1 .\CortexM0\ARM_GCC_541\Debug\cymetadata.o
                0x90600000                cy_meta_chipprotect

.rel.dyn        0x00003bd8        0x0 load address 0x90600004
 .rel.iplt      0x00003bd8        0x0 c:/program files (x86)/cypress/psoc creator/4.4/psoc creator/import/gnu/arm/5.4.1/bin/../lib/gcc/arm-none-eabi/5.4.1/armv6-m/crtbegin.o

.stab
 *(.stab)

.stabstr
 *(.stabstr)

.debug
 *(.debug)

.line
 *(.line)

.debug_srcinfo
 *(.debug_srcinfo)

.debug_sfnames
 *(.debug_sfnames)

.debug_aranges  0x00000000      0xa50
 *(.debug_aranges)
 .debug_aranges
                0x00000000       0x78 .\CortexM0\ARM_GCC_541\Debug\main.o
 .debug_aranges
                0x00000078       0x40 .\CortexM0\ARM_GCC_541\Debug\cyfitter_cfg.o
 .debug_aranges
                0x000000b8       0x18 .\CortexM0\ARM_GCC_541\Debug\cymetadata.o
 .debug_aranges
                0x000000d0       0x48 .\CortexM0\ARM_GCC_541\Debug\Cm0Start.o
 .debug_aranges
                0x00000118       0x28 .\CortexM0\ARM_GCC_541\Debug\StepperDriver.a(Enable.o)
 .debug_aranges
                0x00000140       0x98 .\CortexM0\ARM_GCC_541\Debug\StepperDriver.a(Step_Counter.o)
 .debug_aranges
                0x000001d8       0x28 .\CortexM0\ARM_GCC_541\Debug\StepperDriver.a(Direction.o)
 .debug_aranges
                0x00000200      0x270 .\CortexM0\ARM_GCC_541\Debug\StepperDriver.a(CyLib.o)
 .debug_aranges
                0x00000470      0x188 .\CortexM0\ARM_GCC_541\Debug\StepperDriver.a(CyLFClk.o)
 .debug_aranges
                0x000005f8       0x58 .\CortexM0\ARM_GCC_541\Debug\StepperDriver.a(DBG_UART.o)
 .debug_aranges
                0x00000650       0x90 .\CortexM0\ARM_GCC_541\Debug\StepperDriver.a(DBG_UART_UART.o)
 .debug_aranges
                0x000006e0       0x80 .\CortexM0\ARM_GCC_541\Debug\StepperDriver.a(isr_lim_1.o)
 .debug_aranges
                0x00000760       0x80 .\CortexM0\ARM_GCC_541\Debug\StepperDriver.a(isr_lim_2.o)
 .debug_aranges
                0x000007e0       0x80 .\CortexM0\ARM_GCC_541\Debug\StepperDriver.a(isr_fault.o)
 .debug_aranges
                0x00000860       0x88 .\CortexM0\ARM_GCC_541\Debug\StepperDriver.a(Step_Timer.o)
 .debug_aranges
                0x000008e8       0x80 .\CortexM0\ARM_GCC_541\Debug\StepperDriver.a(isr_step.o)
 .debug_aranges
                0x00000968       0x20 .\CortexM0\ARM_GCC_541\Debug\StepperDriver.a(CyBootAsmGnu.o)
 .debug_aranges
                0x00000988       0x40 .\CortexM0\ARM_GCC_541\Debug\StepperDriver.a(CyFlash.o)
 .debug_aranges
                0x000009c8       0x28 .\CortexM0\ARM_GCC_541\Debug\StepperDriver.a(cyutils.o)
 .debug_aranges
                0x000009f0       0x60 .\CortexM0\ARM_GCC_541\Debug\StepperDriver.a(DBG_UART_SPI_UART.o)

.debug_pubnames
 *(.debug_pubnames)

.debug_info     0x00000000     0x5c4b
 *(.debug_info .gnu.linkonce.wi.*)
 .debug_info    0x00000000      0x98e .\CortexM0\ARM_GCC_541\Debug\main.o
 .debug_info    0x0000098e      0x3ce .\CortexM0\ARM_GCC_541\Debug\cyfitter_cfg.o
 .debug_info    0x00000d5c       0xf8 .\CortexM0\ARM_GCC_541\Debug\cymetadata.o
 .debug_info    0x00000e54      0x3a2 .\CortexM0\ARM_GCC_541\Debug\Cm0Start.o
 .debug_info    0x000011f6       0xd6 .\CortexM0\ARM_GCC_541\Debug\StepperDriver.a(Enable.o)
 .debug_info    0x000012cc      0x345 .\CortexM0\ARM_GCC_541\Debug\StepperDriver.a(Step_Counter.o)
 .debug_info    0x00001611       0xd6 .\CortexM0\ARM_GCC_541\Debug\StepperDriver.a(Direction.o)
 .debug_info    0x000016e7     0x17e4 .\CortexM0\ARM_GCC_541\Debug\StepperDriver.a(CyLib.o)
 .debug_info    0x00002ecb     0x1058 .\CortexM0\ARM_GCC_541\Debug\StepperDriver.a(CyLFClk.o)
 .debug_info    0x00003f23      0x23a .\CortexM0\ARM_GCC_541\Debug\StepperDriver.a(DBG_UART.o)
 .debug_info    0x0000415d      0x3b5 .\CortexM0\ARM_GCC_541\Debug\StepperDriver.a(DBG_UART_UART.o)
 .debug_info    0x00004512      0x305 .\CortexM0\ARM_GCC_541\Debug\StepperDriver.a(isr_lim_1.o)
 .debug_info    0x00004817      0x305 .\CortexM0\ARM_GCC_541\Debug\StepperDriver.a(isr_lim_2.o)
 .debug_info    0x00004b1c      0x305 .\CortexM0\ARM_GCC_541\Debug\StepperDriver.a(isr_fault.o)
 .debug_info    0x00004e21      0x3bf .\CortexM0\ARM_GCC_541\Debug\StepperDriver.a(Step_Timer.o)
 .debug_info    0x000051e0      0x305 .\CortexM0\ARM_GCC_541\Debug\StepperDriver.a(isr_step.o)
 .debug_info    0x000054e5       0xa9 .\CortexM0\ARM_GCC_541\Debug\StepperDriver.a(CyBootAsmGnu.o)
 .debug_info    0x0000558e      0x352 .\CortexM0\ARM_GCC_541\Debug\StepperDriver.a(CyFlash.o)
 .debug_info    0x000058e0      0x14b .\CortexM0\ARM_GCC_541\Debug\StepperDriver.a(cyutils.o)
 .debug_info    0x00005a2b      0x220 .\CortexM0\ARM_GCC_541\Debug\StepperDriver.a(DBG_UART_SPI_UART.o)

.debug_abbrev   0x00000000     0x19dd
 *(.debug_abbrev)
 .debug_abbrev  0x00000000      0x19a .\CortexM0\ARM_GCC_541\Debug\main.o
 .debug_abbrev  0x0000019a      0x1b8 .\CortexM0\ARM_GCC_541\Debug\cyfitter_cfg.o
 .debug_abbrev  0x00000352       0x5d .\CortexM0\ARM_GCC_541\Debug\cymetadata.o
 .debug_abbrev  0x000003af      0x1d7 .\CortexM0\ARM_GCC_541\Debug\Cm0Start.o
 .debug_abbrev  0x00000586       0x81 .\CortexM0\ARM_GCC_541\Debug\StepperDriver.a(Enable.o)
 .debug_abbrev  0x00000607      0x117 .\CortexM0\ARM_GCC_541\Debug\StepperDriver.a(Step_Counter.o)
 .debug_abbrev  0x0000071e       0x81 .\CortexM0\ARM_GCC_541\Debug\StepperDriver.a(Direction.o)
 .debug_abbrev  0x0000079f      0x293 .\CortexM0\ARM_GCC_541\Debug\StepperDriver.a(CyLib.o)
 .debug_abbrev  0x00000a32      0x248 .\CortexM0\ARM_GCC_541\Debug\StepperDriver.a(CyLFClk.o)
 .debug_abbrev  0x00000c7a       0xd5 .\CortexM0\ARM_GCC_541\Debug\StepperDriver.a(DBG_UART.o)
 .debug_abbrev  0x00000d4f      0x132 .\CortexM0\ARM_GCC_541\Debug\StepperDriver.a(DBG_UART_UART.o)
 .debug_abbrev  0x00000e81      0x19a .\CortexM0\ARM_GCC_541\Debug\StepperDriver.a(isr_lim_1.o)
 .debug_abbrev  0x0000101b      0x19a .\CortexM0\ARM_GCC_541\Debug\StepperDriver.a(isr_lim_2.o)
 .debug_abbrev  0x000011b5      0x19a .\CortexM0\ARM_GCC_541\Debug\StepperDriver.a(isr_fault.o)
 .debug_abbrev  0x0000134f      0x14f .\CortexM0\ARM_GCC_541\Debug\StepperDriver.a(Step_Timer.o)
 .debug_abbrev  0x0000149e      0x19a .\CortexM0\ARM_GCC_541\Debug\StepperDriver.a(isr_step.o)
 .debug_abbrev  0x00001638       0x14 .\CortexM0\ARM_GCC_541\Debug\StepperDriver.a(CyBootAsmGnu.o)
 .debug_abbrev  0x0000164c      0x182 .\CortexM0\ARM_GCC_541\Debug\StepperDriver.a(CyFlash.o)
 .debug_abbrev  0x000017ce       0xc0 .\CortexM0\ARM_GCC_541\Debug\StepperDriver.a(cyutils.o)
 .debug_abbrev  0x0000188e      0x14f .\CortexM0\ARM_GCC_541\Debug\StepperDriver.a(DBG_UART_SPI_UART.o)

.debug_line     0x00000000     0x25d4
 *(.debug_line)
 .debug_line    0x00000000      0x27f .\CortexM0\ARM_GCC_541\Debug\main.o
 .debug_line    0x0000027f      0x193 .\CortexM0\ARM_GCC_541\Debug\cyfitter_cfg.o
 .debug_line    0x00000412      0x141 .\CortexM0\ARM_GCC_541\Debug\cymetadata.o
 .debug_line    0x00000553      0x236 .\CortexM0\ARM_GCC_541\Debug\Cm0Start.o
 .debug_line    0x00000789       0x6f .\CortexM0\ARM_GCC_541\Debug\StepperDriver.a(Enable.o)
 .debug_line    0x000007f8      0x195 .\CortexM0\ARM_GCC_541\Debug\StepperDriver.a(Step_Counter.o)
 .debug_line    0x0000098d       0x72 .\CortexM0\ARM_GCC_541\Debug\StepperDriver.a(Direction.o)
 .debug_line    0x000009ff      0x8ef .\CortexM0\ARM_GCC_541\Debug\StepperDriver.a(CyLib.o)
 .debug_line    0x000012ee      0x5d1 .\CortexM0\ARM_GCC_541\Debug\StepperDriver.a(CyLFClk.o)
 .debug_line    0x000018bf      0x110 .\CortexM0\ARM_GCC_541\Debug\StepperDriver.a(DBG_UART.o)
 .debug_line    0x000019cf      0x1db .\CortexM0\ARM_GCC_541\Debug\StepperDriver.a(DBG_UART_UART.o)
 .debug_line    0x00001baa      0x155 .\CortexM0\ARM_GCC_541\Debug\StepperDriver.a(isr_lim_1.o)
 .debug_line    0x00001cff      0x155 .\CortexM0\ARM_GCC_541\Debug\StepperDriver.a(isr_lim_2.o)
 .debug_line    0x00001e54      0x155 .\CortexM0\ARM_GCC_541\Debug\StepperDriver.a(isr_fault.o)
 .debug_line    0x00001fa9      0x16a .\CortexM0\ARM_GCC_541\Debug\StepperDriver.a(Step_Timer.o)
 .debug_line    0x00002113      0x154 .\CortexM0\ARM_GCC_541\Debug\StepperDriver.a(isr_step.o)
 .debug_line    0x00002267       0x68 .\CortexM0\ARM_GCC_541\Debug\StepperDriver.a(CyBootAsmGnu.o)
 .debug_line    0x000022cf      0x173 .\CortexM0\ARM_GCC_541\Debug\StepperDriver.a(CyFlash.o)
 .debug_line    0x00002442       0x74 .\CortexM0\ARM_GCC_541\Debug\StepperDriver.a(cyutils.o)
 .debug_line    0x000024b6      0x11e .\CortexM0\ARM_GCC_541\Debug\StepperDriver.a(DBG_UART_SPI_UART.o)

.debug_frame    0x00000000     0x1dd4
 *(.debug_frame)
 .debug_frame   0x00000000      0x170 .\CortexM0\ARM_GCC_541\Debug\main.o
 .debug_frame   0x00000170       0x98 .\CortexM0\ARM_GCC_541\Debug\cyfitter_cfg.o
 .debug_frame   0x00000208       0xbc .\CortexM0\ARM_GCC_541\Debug\Cm0Start.o
 .debug_frame   0x000002c4       0x30 .\CortexM0\ARM_GCC_541\Debug\StepperDriver.a(Enable.o)
 .debug_frame   0x000002f4      0x134 .\CortexM0\ARM_GCC_541\Debug\StepperDriver.a(Step_Counter.o)
 .debug_frame   0x00000428       0x30 .\CortexM0\ARM_GCC_541\Debug\StepperDriver.a(Direction.o)
 .debug_frame   0x00000458      0x718 .\CortexM0\ARM_GCC_541\Debug\StepperDriver.a(CyLib.o)
 .debug_frame   0x00000b70      0x4a4 .\CortexM0\ARM_GCC_541\Debug\StepperDriver.a(CyLFClk.o)
 .debug_frame   0x00001014       0xd8 .\CortexM0\ARM_GCC_541\Debug\StepperDriver.a(DBG_UART.o)
 .debug_frame   0x000010ec      0x144 .\CortexM0\ARM_GCC_541\Debug\StepperDriver.a(DBG_UART_UART.o)
 .debug_frame   0x00001230      0x110 .\CortexM0\ARM_GCC_541\Debug\StepperDriver.a(isr_lim_1.o)
 .debug_frame   0x00001340      0x110 .\CortexM0\ARM_GCC_541\Debug\StepperDriver.a(isr_lim_2.o)
 .debug_frame   0x00001450      0x110 .\CortexM0\ARM_GCC_541\Debug\StepperDriver.a(isr_fault.o)
 .debug_frame   0x00001560      0x168 .\CortexM0\ARM_GCC_541\Debug\StepperDriver.a(Step_Timer.o)
 .debug_frame   0x000016c8      0x110 .\CortexM0\ARM_GCC_541\Debug\StepperDriver.a(isr_step.o)
 .debug_frame   0x000017d8       0x90 .\CortexM0\ARM_GCC_541\Debug\StepperDriver.a(CyFlash.o)
 .debug_frame   0x00001868       0x30 .\CortexM0\ARM_GCC_541\Debug\StepperDriver.a(cyutils.o)
 .debug_frame   0x00001898       0xb0 .\CortexM0\ARM_GCC_541\Debug\StepperDriver.a(DBG_UART_SPI_UART.o)
 .debug_frame   0x00001948       0x30 c:/program files (x86)/cypress/psoc creator/4.4/psoc creator/import/gnu/arm/5.4.1/bin/../lib/gcc/arm-none-eabi/5.4.1/../../../../arm-none-eabi/lib/armv6-m\libm.a(lib_a-s_round.o)
 .debug_frame   0x00001978       0x38 c:/program files (x86)/cypress/psoc creator/4.4/psoc creator/import/gnu/arm/5.4.1/bin/../lib/gcc/arm-none-eabi/5.4.1/../../../../arm-none-eabi/lib/armv6-m\libm.a(lib_a-w_sqrt.o)
 .debug_frame   0x000019b0       0x3c c:/program files (x86)/cypress/psoc creator/4.4/psoc creator/import/gnu/arm/5.4.1/bin/../lib/gcc/arm-none-eabi/5.4.1/../../../../arm-none-eabi/lib/armv6-m\libm.a(lib_a-e_sqrt.o)
 .debug_frame   0x000019ec       0x20 c:/program files (x86)/cypress/psoc creator/4.4/psoc creator/import/gnu/arm/5.4.1/bin/../lib/gcc/arm-none-eabi/5.4.1/../../../../arm-none-eabi/lib/armv6-m\libm.a(lib_a-s_matherr.o)
 .debug_frame   0x00001a0c       0x20 c:/program files (x86)/cypress/psoc creator/4.4/psoc creator/import/gnu/arm/5.4.1/bin/../lib/gcc/arm-none-eabi/5.4.1/armv6-m\libgcc.a(_udivsi3.o)
 .debug_frame   0x00001a2c       0x20 c:/program files (x86)/cypress/psoc creator/4.4/psoc creator/import/gnu/arm/5.4.1/bin/../lib/gcc/arm-none-eabi/5.4.1/armv6-m\libgcc.a(_divsi3.o)
 .debug_frame   0x00001a4c       0x2c c:/program files (x86)/cypress/psoc creator/4.4/psoc creator/import/gnu/arm/5.4.1/bin/../lib/gcc/arm-none-eabi/5.4.1/armv6-m\libgcc.a(_fixunsdfsi.o)
 .debug_frame   0x00001a78       0x3c c:/program files (x86)/cypress/psoc creator/4.4/psoc creator/import/gnu/arm/5.4.1/bin/../lib/gcc/arm-none-eabi/5.4.1/armv6-m\libgcc.a(adddf3.o)
 .debug_frame   0x00001ab4       0x3c c:/program files (x86)/cypress/psoc creator/4.4/psoc creator/import/gnu/arm/5.4.1/bin/../lib/gcc/arm-none-eabi/5.4.1/armv6-m\libgcc.a(divdf3.o)
 .debug_frame   0x00001af0       0x38 c:/program files (x86)/cypress/psoc creator/4.4/psoc creator/import/gnu/arm/5.4.1/bin/../lib/gcc/arm-none-eabi/5.4.1/armv6-m\libgcc.a(eqdf2.o)
 .debug_frame   0x00001b28       0x38 c:/program files (x86)/cypress/psoc creator/4.4/psoc creator/import/gnu/arm/5.4.1/bin/../lib/gcc/arm-none-eabi/5.4.1/armv6-m\libgcc.a(gedf2.o)
 .debug_frame   0x00001b60       0x38 c:/program files (x86)/cypress/psoc creator/4.4/psoc creator/import/gnu/arm/5.4.1/bin/../lib/gcc/arm-none-eabi/5.4.1/armv6-m\libgcc.a(ledf2.o)
 .debug_frame   0x00001b98       0x3c c:/program files (x86)/cypress/psoc creator/4.4/psoc creator/import/gnu/arm/5.4.1/bin/../lib/gcc/arm-none-eabi/5.4.1/armv6-m\libgcc.a(muldf3.o)
 .debug_frame   0x00001bd4       0x38 c:/program files (x86)/cypress/psoc creator/4.4/psoc creator/import/gnu/arm/5.4.1/bin/../lib/gcc/arm-none-eabi/5.4.1/armv6-m\libgcc.a(subdf3.o)
 .debug_frame   0x00001c0c       0x2c c:/program files (x86)/cypress/psoc creator/4.4/psoc creator/import/gnu/arm/5.4.1/bin/../lib/gcc/arm-none-eabi/5.4.1/armv6-m\libgcc.a(unorddf2.o)
 .debug_frame   0x00001c38       0x2c c:/program files (x86)/cypress/psoc creator/4.4/psoc creator/import/gnu/arm/5.4.1/bin/../lib/gcc/arm-none-eabi/5.4.1/armv6-m\libgcc.a(fixdfsi.o)
 .debug_frame   0x00001c64       0x2c c:/program files (x86)/cypress/psoc creator/4.4/psoc creator/import/gnu/arm/5.4.1/bin/../lib/gcc/arm-none-eabi/5.4.1/armv6-m\libgcc.a(floatsidf.o)
 .debug_frame   0x00001c90       0x20 c:/program files (x86)/cypress/psoc creator/4.4/psoc creator/import/gnu/arm/5.4.1/bin/../lib/gcc/arm-none-eabi/5.4.1/../../../../arm-none-eabi/lib/armv6-m\libg_nano.a(lib_a-errno.o)
 .debug_frame   0x00001cb0       0x28 c:/program files (x86)/cypress/psoc creator/4.4/psoc creator/import/gnu/arm/5.4.1/bin/../lib/gcc/arm-none-eabi/5.4.1/../../../../arm-none-eabi/lib/armv6-m\libg_nano.a(lib_a-exit.o)
 .debug_frame   0x00001cd8       0x2c c:/program files (x86)/cypress/psoc creator/4.4/psoc creator/import/gnu/arm/5.4.1/bin/../lib/gcc/arm-none-eabi/5.4.1/../../../../arm-none-eabi/lib/armv6-m\libg_nano.a(lib_a-init.o)
 .debug_frame   0x00001d04       0x40 c:/program files (x86)/cypress/psoc creator/4.4/psoc creator/import/gnu/arm/5.4.1/bin/../lib/gcc/arm-none-eabi/5.4.1/../../../../arm-none-eabi/lib/armv6-m\libg_nano.a(lib_a-itoa.o)
 .debug_frame   0x00001d44       0x28 c:/program files (x86)/cypress/psoc creator/4.4/psoc creator/import/gnu/arm/5.4.1/bin/../lib/gcc/arm-none-eabi/5.4.1/../../../../arm-none-eabi/lib/armv6-m\libg_nano.a(lib_a-memcpy-stub.o)
 .debug_frame   0x00001d6c       0x20 c:/program files (x86)/cypress/psoc creator/4.4/psoc creator/import/gnu/arm/5.4.1/bin/../lib/gcc/arm-none-eabi/5.4.1/../../../../arm-none-eabi/lib/armv6-m\libg_nano.a(lib_a-memset.o)
 .debug_frame   0x00001d8c       0x48 c:/program files (x86)/cypress/psoc creator/4.4/psoc creator/import/gnu/arm/5.4.1/bin/../lib/gcc/arm-none-eabi/5.4.1/../../../../arm-none-eabi/lib/armv6-m\libg_nano.a(lib_a-utoa.o)

.debug_str      0x00000000     0x2347
 *(.debug_str)
 .debug_str     0x00000000      0x3fb .\CortexM0\ARM_GCC_541\Debug\main.o
                                0x445 (size before relaxing)
 .debug_str     0x000003fb      0x13e .\CortexM0\ARM_GCC_541\Debug\cyfitter_cfg.o
                                0x2f5 (size before relaxing)
 .debug_str     0x00000539       0x63 .\CortexM0\ARM_GCC_541\Debug\cymetadata.o
                                0x1e1 (size before relaxing)
 .debug_str     0x0000059c      0x13a .\CortexM0\ARM_GCC_541\Debug\Cm0Start.o
                                0x31a (size before relaxing)
 .debug_str     0x000006d6       0x34 .\CortexM0\ARM_GCC_541\Debug\StepperDriver.a(Enable.o)
                                0x1cb (size before relaxing)
 .debug_str     0x0000070a      0x1fc .\CortexM0\ARM_GCC_541\Debug\StepperDriver.a(Step_Counter.o)
                                0x3f6 (size before relaxing)
 .debug_str     0x00000906       0x32 .\CortexM0\ARM_GCC_541\Debug\StepperDriver.a(Direction.o)
                                0x1d4 (size before relaxing)
 .debug_str     0x00000938      0x902 .\CortexM0\ARM_GCC_541\Debug\StepperDriver.a(CyLib.o)
                                0xb61 (size before relaxing)
 .debug_str     0x0000123a      0x6e7 .\CortexM0\ARM_GCC_541\Debug\StepperDriver.a(CyLFClk.o)
                                0x936 (size before relaxing)
 .debug_str     0x00001921      0x12b .\CortexM0\ARM_GCC_541\Debug\StepperDriver.a(DBG_UART.o)
                                0x2e8 (size before relaxing)
 .debug_str     0x00001a4c      0x1ff .\CortexM0\ARM_GCC_541\Debug\StepperDriver.a(DBG_UART_UART.o)
                                0x431 (size before relaxing)
 .debug_str     0x00001c4b      0x104 .\CortexM0\ARM_GCC_541\Debug\StepperDriver.a(isr_lim_1.o)
                                0x33b (size before relaxing)
 .debug_str     0x00001d4f       0xf5 .\CortexM0\ARM_GCC_541\Debug\StepperDriver.a(isr_lim_2.o)
                                0x33b (size before relaxing)
 .debug_str     0x00001e44       0xf5 .\CortexM0\ARM_GCC_541\Debug\StepperDriver.a(isr_fault.o)
                                0x33b (size before relaxing)
 .debug_str     0x00001f39      0x146 .\CortexM0\ARM_GCC_541\Debug\StepperDriver.a(Step_Timer.o)
                                0x39a (size before relaxing)
 .debug_str     0x0000207f       0xe9 .\CortexM0\ARM_GCC_541\Debug\StepperDriver.a(isr_step.o)
                                0x32d (size before relaxing)
 .debug_str     0x00002168       0xb2 .\CortexM0\ARM_GCC_541\Debug\StepperDriver.a(CyFlash.o)
                                0x2c9 (size before relaxing)
 .debug_str     0x0000221a       0x2e .\CortexM0\ARM_GCC_541\Debug\StepperDriver.a(cyutils.o)
                                0x1d6 (size before relaxing)
 .debug_str     0x00002248       0xff .\CortexM0\ARM_GCC_541\Debug\StepperDriver.a(DBG_UART_SPI_UART.o)
                                0x30f (size before relaxing)

.debug_loc      0x00000000     0x3200
 *(.debug_loc)
 .debug_loc     0x00000000       0xe9 .\CortexM0\ARM_GCC_541\Debug\main.o
 .debug_loc     0x000000e9      0x118 .\CortexM0\ARM_GCC_541\Debug\cyfitter_cfg.o
 .debug_loc     0x00000201      0x14f .\CortexM0\ARM_GCC_541\Debug\Cm0Start.o
 .debug_loc     0x00000350       0x3d .\CortexM0\ARM_GCC_541\Debug\StepperDriver.a(Step_Counter.o)
 .debug_loc     0x0000038d     0x18f5 .\CortexM0\ARM_GCC_541\Debug\StepperDriver.a(CyLib.o)
 .debug_loc     0x00001c82      0xdb7 .\CortexM0\ARM_GCC_541\Debug\StepperDriver.a(CyLFClk.o)
 .debug_loc     0x00002a39       0x7e .\CortexM0\ARM_GCC_541\Debug\StepperDriver.a(DBG_UART.o)
 .debug_loc     0x00002ab7      0x223 .\CortexM0\ARM_GCC_541\Debug\StepperDriver.a(DBG_UART_UART.o)
 .debug_loc     0x00002cda       0x82 .\CortexM0\ARM_GCC_541\Debug\StepperDriver.a(isr_lim_1.o)
 .debug_loc     0x00002d5c       0x82 .\CortexM0\ARM_GCC_541\Debug\StepperDriver.a(isr_lim_2.o)
 .debug_loc     0x00002dde       0x82 .\CortexM0\ARM_GCC_541\Debug\StepperDriver.a(isr_fault.o)
 .debug_loc     0x00002e60       0x97 .\CortexM0\ARM_GCC_541\Debug\StepperDriver.a(Step_Timer.o)
 .debug_loc     0x00002ef7       0x82 .\CortexM0\ARM_GCC_541\Debug\StepperDriver.a(isr_step.o)
 .debug_loc     0x00002f79      0x160 .\CortexM0\ARM_GCC_541\Debug\StepperDriver.a(CyFlash.o)
 .debug_loc     0x000030d9       0x91 .\CortexM0\ARM_GCC_541\Debug\StepperDriver.a(cyutils.o)
 .debug_loc     0x0000316a       0x96 .\CortexM0\ARM_GCC_541\Debug\StepperDriver.a(DBG_UART_SPI_UART.o)

.debug_macinfo
 *(.debug_macinfo)

.debug_ranges   0x00000000      0x8f8
 *(.debug_ranges)
 .debug_ranges  0x00000000       0x68 .\CortexM0\ARM_GCC_541\Debug\main.o
 .debug_ranges  0x00000068       0x30 .\CortexM0\ARM_GCC_541\Debug\cyfitter_cfg.o
 .debug_ranges  0x00000098       0x38 .\CortexM0\ARM_GCC_541\Debug\Cm0Start.o
 .debug_ranges  0x000000d0       0x18 .\CortexM0\ARM_GCC_541\Debug\StepperDriver.a(Enable.o)
 .debug_ranges  0x000000e8       0x88 .\CortexM0\ARM_GCC_541\Debug\StepperDriver.a(Step_Counter.o)
 .debug_ranges  0x00000170       0x18 .\CortexM0\ARM_GCC_541\Debug\StepperDriver.a(Direction.o)
 .debug_ranges  0x00000188      0x260 .\CortexM0\ARM_GCC_541\Debug\StepperDriver.a(CyLib.o)
 .debug_ranges  0x000003e8      0x178 .\CortexM0\ARM_GCC_541\Debug\StepperDriver.a(CyLFClk.o)
 .debug_ranges  0x00000560       0x48 .\CortexM0\ARM_GCC_541\Debug\StepperDriver.a(DBG_UART.o)
 .debug_ranges  0x000005a8       0x80 .\CortexM0\ARM_GCC_541\Debug\StepperDriver.a(DBG_UART_UART.o)
 .debug_ranges  0x00000628       0x70 .\CortexM0\ARM_GCC_541\Debug\StepperDriver.a(isr_lim_1.o)
 .debug_ranges  0x00000698       0x70 .\CortexM0\ARM_GCC_541\Debug\StepperDriver.a(isr_lim_2.o)
 .debug_ranges  0x00000708       0x70 .\CortexM0\ARM_GCC_541\Debug\StepperDriver.a(isr_fault.o)
 .debug_ranges  0x00000778       0x78 .\CortexM0\ARM_GCC_541\Debug\StepperDriver.a(Step_Timer.o)
 .debug_ranges  0x000007f0       0x70 .\CortexM0\ARM_GCC_541\Debug\StepperDriver.a(isr_step.o)
 .debug_ranges  0x00000860       0x30 .\CortexM0\ARM_GCC_541\Debug\StepperDriver.a(CyFlash.o)
 .debug_ranges  0x00000890       0x18 .\CortexM0\ARM_GCC_541\Debug\StepperDriver.a(cyutils.o)
 .debug_ranges  0x000008a8       0x50 .\CortexM0\ARM_GCC_541\Debug\StepperDriver.a(DBG_UART_SPI_UART.o)

.comment        0x00000000       0x6e
 .comment       0x00000000       0x6e .\CortexM0\ARM_GCC_541\Debug\main.o
                                 0x6f (size before relaxing)
 .comment       0x0000006e       0x6f .\CortexM0\ARM_GCC_541\Debug\cyfitter_cfg.o
 .comment       0x0000006e       0x6f .\CortexM0\ARM_GCC_541\Debug\cymetadata.o
 .comment       0x0000006e       0x6f .\CortexM0\ARM_GCC_541\Debug\Cm0Start.o
 .comment       0x0000006e       0x6f .\CortexM0\ARM_GCC_541\Debug\StepperDriver.a(Enable.o)
 .comment       0x0000006e       0x6f .\CortexM0\ARM_GCC_541\Debug\StepperDriver.a(Step_Counter.o)
 .comment       0x0000006e       0x6f .\CortexM0\ARM_GCC_541\Debug\StepperDriver.a(Direction.o)
 .comment       0x0000006e       0x6f .\CortexM0\ARM_GCC_541\Debug\StepperDriver.a(CyLib.o)
 .comment       0x0000006e       0x6f .\CortexM0\ARM_GCC_541\Debug\StepperDriver.a(CyLFClk.o)
 .comment       0x0000006e       0x6f .\CortexM0\ARM_GCC_541\Debug\StepperDriver.a(DBG_UART.o)
 .comment       0x0000006e       0x6f .\CortexM0\ARM_GCC_541\Debug\StepperDriver.a(DBG_UART_UART.o)
 .comment       0x0000006e       0x6f .\CortexM0\ARM_GCC_541\Debug\StepperDriver.a(isr_lim_1.o)
 .comment       0x0000006e       0x6f .\CortexM0\ARM_GCC_541\Debug\StepperDriver.a(isr_lim_2.o)
 .comment       0x0000006e       0x6f .\CortexM0\ARM_GCC_541\Debug\StepperDriver.a(isr_fault.o)
 .comment       0x0000006e       0x6f .\CortexM0\ARM_GCC_541\Debug\StepperDriver.a(Step_Timer.o)
 .comment       0x0000006e       0x6f .\CortexM0\ARM_GCC_541\Debug\StepperDriver.a(isr_step.o)
 .comment       0x0000006e       0x6f .\CortexM0\ARM_GCC_541\Debug\StepperDriver.a(CyFlash.o)
 .comment       0x0000006e       0x6f .\CortexM0\ARM_GCC_541\Debug\StepperDriver.a(cyutils.o)
 .comment       0x0000006e       0x6f .\CortexM0\ARM_GCC_541\Debug\StepperDriver.a(DBG_UART_SPI_UART.o)

.debug_weaknames
 *(.debug_weaknames)

.debug_funcnames
 *(.debug_funcnames)

.debug_typenames
 *(.debug_typenames)

.debug_varnames
 *(.debug_varnames)

.note.gnu.arm.ident
 *(.note.gnu.arm.ident)

.ARM.attributes
                0x00000000       0x28
 *(.ARM.attributes)
 .ARM.attributes
                0x00000000       0x1e c:/program files (x86)/cypress/psoc creator/4.4/psoc creator/import/gnu/arm/5.4.1/bin/../lib/gcc/arm-none-eabi/5.4.1/armv6-m/crti.o
 .ARM.attributes
                0x0000001e       0x2c c:/program files (x86)/cypress/psoc creator/4.4/psoc creator/import/gnu/arm/5.4.1/bin/../lib/gcc/arm-none-eabi/5.4.1/armv6-m/crtbegin.o
 .ARM.attributes
                0x0000004a       0x1b c:/program files (x86)/cypress/psoc creator/4.4/psoc creator/import/gnu/arm/5.4.1/bin/../lib/gcc/arm-none-eabi/5.4.1/../../../../arm-none-eabi/lib/armv6-m/crt0.o
 .ARM.attributes
                0x00000065       0x31 .\CortexM0\ARM_GCC_541\Debug\main.o
 .ARM.attributes
                0x00000096       0x31 .\CortexM0\ARM_GCC_541\Debug\cyfitter_cfg.o
 .ARM.attributes
                0x000000c7       0x31 .\CortexM0\ARM_GCC_541\Debug\cymetadata.o
 .ARM.attributes
                0x000000f8       0x31 .\CortexM0\ARM_GCC_541\Debug\Cm0Start.o
 .ARM.attributes
                0x00000129       0x31 .\CortexM0\ARM_GCC_541\Debug\StepperDriver.a(Enable.o)
 .ARM.attributes
                0x0000015a       0x31 .\CortexM0\ARM_GCC_541\Debug\StepperDriver.a(Step_Counter.o)
 .ARM.attributes
                0x0000018b       0x31 .\CortexM0\ARM_GCC_541\Debug\StepperDriver.a(Direction.o)
 .ARM.attributes
                0x000001bc       0x31 .\CortexM0\ARM_GCC_541\Debug\StepperDriver.a(CyLib.o)
 .ARM.attributes
                0x000001ed       0x31 .\CortexM0\ARM_GCC_541\Debug\StepperDriver.a(CyLFClk.o)
 .ARM.attributes
                0x0000021e       0x31 .\CortexM0\ARM_GCC_541\Debug\StepperDriver.a(DBG_UART.o)
 .ARM.attributes
                0x0000024f       0x31 .\CortexM0\ARM_GCC_541\Debug\StepperDriver.a(DBG_UART_UART.o)
 .ARM.attributes
                0x00000280       0x31 .\CortexM0\ARM_GCC_541\Debug\StepperDriver.a(isr_lim_1.o)
 .ARM.attributes
                0x000002b1       0x31 .\CortexM0\ARM_GCC_541\Debug\StepperDriver.a(isr_lim_2.o)
 .ARM.attributes
                0x000002e2       0x31 .\CortexM0\ARM_GCC_541\Debug\StepperDriver.a(isr_fault.o)
 .ARM.attributes
                0x00000313       0x31 .\CortexM0\ARM_GCC_541\Debug\StepperDriver.a(Step_Timer.o)
 .ARM.attributes
                0x00000344       0x31 .\CortexM0\ARM_GCC_541\Debug\StepperDriver.a(isr_step.o)
 .ARM.attributes
                0x00000375       0x21 .\CortexM0\ARM_GCC_541\Debug\StepperDriver.a(CyBootAsmGnu.o)
 .ARM.attributes
                0x00000396       0x31 .\CortexM0\ARM_GCC_541\Debug\StepperDriver.a(CyFlash.o)
 .ARM.attributes
                0x000003c7       0x31 .\CortexM0\ARM_GCC_541\Debug\StepperDriver.a(cyutils.o)
 .ARM.attributes
                0x000003f8       0x31 .\CortexM0\ARM_GCC_541\Debug\StepperDriver.a(DBG_UART_SPI_UART.o)
 .ARM.attributes
                0x00000429       0x2c c:/program files (x86)/cypress/psoc creator/4.4/psoc creator/import/gnu/arm/5.4.1/bin/../lib/gcc/arm-none-eabi/5.4.1/../../../../arm-none-eabi/lib/armv6-m\libm.a(lib_a-s_round.o)
 .ARM.attributes
                0x00000455       0x2c c:/program files (x86)/cypress/psoc creator/4.4/psoc creator/import/gnu/arm/5.4.1/bin/../lib/gcc/arm-none-eabi/5.4.1/../../../../arm-none-eabi/lib/armv6-m\libm.a(lib_a-w_sqrt.o)
 .ARM.attributes
                0x00000481       0x2c c:/program files (x86)/cypress/psoc creator/4.4/psoc creator/import/gnu/arm/5.4.1/bin/../lib/gcc/arm-none-eabi/5.4.1/../../../../arm-none-eabi/lib/armv6-m\libm.a(lib_a-e_sqrt.o)
 .ARM.attributes
                0x000004ad       0x2c c:/program files (x86)/cypress/psoc creator/4.4/psoc creator/import/gnu/arm/5.4.1/bin/../lib/gcc/arm-none-eabi/5.4.1/../../../../arm-none-eabi/lib/armv6-m\libm.a(lib_a-s_lib_ver.o)
 .ARM.attributes
                0x000004d9       0x2c c:/program files (x86)/cypress/psoc creator/4.4/psoc creator/import/gnu/arm/5.4.1/bin/../lib/gcc/arm-none-eabi/5.4.1/../../../../arm-none-eabi/lib/armv6-m\libm.a(lib_a-s_matherr.o)
 .ARM.attributes
                0x00000505       0x1e c:/program files (x86)/cypress/psoc creator/4.4/psoc creator/import/gnu/arm/5.4.1/bin/../lib/gcc/arm-none-eabi/5.4.1/armv6-m\libgcc.a(_udivsi3.o)
 .ARM.attributes
                0x00000523       0x1e c:/program files (x86)/cypress/psoc creator/4.4/psoc creator/import/gnu/arm/5.4.1/bin/../lib/gcc/arm-none-eabi/5.4.1/armv6-m\libgcc.a(_divsi3.o)
 .ARM.attributes
                0x00000541       0x1e c:/program files (x86)/cypress/psoc creator/4.4/psoc creator/import/gnu/arm/5.4.1/bin/../lib/gcc/arm-none-eabi/5.4.1/armv6-m\libgcc.a(_dvmd_tls.o)
 .ARM.attributes
                0x0000055f       0x1e c:/program files (x86)/cypress/psoc creator/4.4/psoc creator/import/gnu/arm/5.4.1/bin/../lib/gcc/arm-none-eabi/5.4.1/armv6-m\libgcc.a(_arm_cmpdf2.o)
 .ARM.attributes
                0x0000057d       0x2c c:/program files (x86)/cypress/psoc creator/4.4/psoc creator/import/gnu/arm/5.4.1/bin/../lib/gcc/arm-none-eabi/5.4.1/armv6-m\libgcc.a(_fixunsdfsi.o)
 .ARM.attributes
                0x000005a9       0x2c c:/program files (x86)/cypress/psoc creator/4.4/psoc creator/import/gnu/arm/5.4.1/bin/../lib/gcc/arm-none-eabi/5.4.1/armv6-m\libgcc.a(adddf3.o)
 .ARM.attributes
                0x000005d5       0x2c c:/program files (x86)/cypress/psoc creator/4.4/psoc creator/import/gnu/arm/5.4.1/bin/../lib/gcc/arm-none-eabi/5.4.1/armv6-m\libgcc.a(divdf3.o)
 .ARM.attributes
                0x00000601       0x2c c:/program files (x86)/cypress/psoc creator/4.4/psoc creator/import/gnu/arm/5.4.1/bin/../lib/gcc/arm-none-eabi/5.4.1/armv6-m\libgcc.a(eqdf2.o)
 .ARM.attributes
                0x0000062d       0x2c c:/program files (x86)/cypress/psoc creator/4.4/psoc creator/import/gnu/arm/5.4.1/bin/../lib/gcc/arm-none-eabi/5.4.1/armv6-m\libgcc.a(gedf2.o)
 .ARM.attributes
                0x00000659       0x2c c:/program files (x86)/cypress/psoc creator/4.4/psoc creator/import/gnu/arm/5.4.1/bin/../lib/gcc/arm-none-eabi/5.4.1/armv6-m\libgcc.a(ledf2.o)
 .ARM.attributes
                0x00000685       0x2c c:/program files (x86)/cypress/psoc creator/4.4/psoc creator/import/gnu/arm/5.4.1/bin/../lib/gcc/arm-none-eabi/5.4.1/armv6-m\libgcc.a(muldf3.o)
 .ARM.attributes
                0x000006b1       0x2c c:/program files (x86)/cypress/psoc creator/4.4/psoc creator/import/gnu/arm/5.4.1/bin/../lib/gcc/arm-none-eabi/5.4.1/armv6-m\libgcc.a(subdf3.o)
 .ARM.attributes
                0x000006dd       0x2c c:/program files (x86)/cypress/psoc creator/4.4/psoc creator/import/gnu/arm/5.4.1/bin/../lib/gcc/arm-none-eabi/5.4.1/armv6-m\libgcc.a(unorddf2.o)
 .ARM.attributes
                0x00000709       0x2c c:/program files (x86)/cypress/psoc creator/4.4/psoc creator/import/gnu/arm/5.4.1/bin/../lib/gcc/arm-none-eabi/5.4.1/armv6-m\libgcc.a(fixdfsi.o)
 .ARM.attributes
                0x00000735       0x2c c:/program files (x86)/cypress/psoc creator/4.4/psoc creator/import/gnu/arm/5.4.1/bin/../lib/gcc/arm-none-eabi/5.4.1/armv6-m\libgcc.a(floatsidf.o)
 .ARM.attributes
                0x00000761       0x1e c:/program files (x86)/cypress/psoc creator/4.4/psoc creator/import/gnu/arm/5.4.1/bin/../lib/gcc/arm-none-eabi/5.4.1/armv6-m\libgcc.a(_clzsi2.o)
 .ARM.attributes
                0x0000077f       0x2c c:/program files (x86)/cypress/psoc creator/4.4/psoc creator/import/gnu/arm/5.4.1/bin/../lib/gcc/arm-none-eabi/5.4.1/../../../../arm-none-eabi/lib/armv6-m\libg_nano.a(lib_a-errno.o)
 .ARM.attributes
                0x000007ab       0x2c c:/program files (x86)/cypress/psoc creator/4.4/psoc creator/import/gnu/arm/5.4.1/bin/../lib/gcc/arm-none-eabi/5.4.1/../../../../arm-none-eabi/lib/armv6-m\libg_nano.a(lib_a-exit.o)
 .ARM.attributes
                0x000007d7       0x2c c:/program files (x86)/cypress/psoc creator/4.4/psoc creator/import/gnu/arm/5.4.1/bin/../lib/gcc/arm-none-eabi/5.4.1/../../../../arm-none-eabi/lib/armv6-m\libg_nano.a(lib_a-impure.o)
 .ARM.attributes
                0x00000803       0x2c c:/program files (x86)/cypress/psoc creator/4.4/psoc creator/import/gnu/arm/5.4.1/bin/../lib/gcc/arm-none-eabi/5.4.1/../../../../arm-none-eabi/lib/armv6-m\libg_nano.a(lib_a-init.o)
 .ARM.attributes
                0x0000082f       0x2c c:/program files (x86)/cypress/psoc creator/4.4/psoc creator/import/gnu/arm/5.4.1/bin/../lib/gcc/arm-none-eabi/5.4.1/../../../../arm-none-eabi/lib/armv6-m\libg_nano.a(lib_a-itoa.o)
 .ARM.attributes
                0x0000085b       0x2c c:/program files (x86)/cypress/psoc creator/4.4/psoc creator/import/gnu/arm/5.4.1/bin/../lib/gcc/arm-none-eabi/5.4.1/../../../../arm-none-eabi/lib/armv6-m\libg_nano.a(lib_a-memcpy-stub.o)
 .ARM.attributes
                0x00000887       0x2c c:/program files (x86)/cypress/psoc creator/4.4/psoc creator/import/gnu/arm/5.4.1/bin/../lib/gcc/arm-none-eabi/5.4.1/../../../../arm-none-eabi/lib/armv6-m\libg_nano.a(lib_a-memset.o)
 .ARM.attributes
                0x000008b3       0x2c c:/program files (x86)/cypress/psoc creator/4.4/psoc creator/import/gnu/arm/5.4.1/bin/../lib/gcc/arm-none-eabi/5.4.1/../../../../arm-none-eabi/lib/armv6-m\libg_nano.a(lib_a-utoa.o)
 .ARM.attributes
                0x000008df       0x2c c:/program files (x86)/cypress/psoc creator/4.4/psoc creator/import/gnu/arm/5.4.1/bin/../lib/gcc/arm-none-eabi/5.4.1/armv6-m/crtend.o
 .ARM.attributes
                0x0000090b       0x1e c:/program files (x86)/cypress/psoc creator/4.4/psoc creator/import/gnu/arm/5.4.1/bin/../lib/gcc/arm-none-eabi/5.4.1/armv6-m/crtn.o

/DISCARD/
 *(.note.GNU-stack)
OUTPUT(C:\Users\casey\Desktop\Robotics Stuff\TB67S249FTG_Stepper_Motor_Driver\StepperDriver.cydsn\CortexM0\ARM_GCC_541\Debug\StepperDriver.elf elf32-littlearm)
