Archive member included to satisfy reference by file (symbol)

.\CortexM0\ARM_GCC_541\Debug\StepperDriver.a(Enable.o)
                              .\CortexM0\ARM_GCC_541\Debug\main.o (Enable_Write)
.\CortexM0\ARM_GCC_541\Debug\StepperDriver.a(Step_Counter.o)
                              .\CortexM0\ARM_GCC_541\Debug\main.o (Step_Counter_WriteCounter)
.\CortexM0\ARM_GCC_541\Debug\StepperDriver.a(Direction.o)
                              .\CortexM0\ARM_GCC_541\Debug\main.o (Direction_Write)
.\CortexM0\ARM_GCC_541\Debug\StepperDriver.a(CyLib.o)
                              .\CortexM0\ARM_GCC_541\Debug\cyfitter_cfg.o (CyIntEnable)
.\CortexM0\ARM_GCC_541\Debug\StepperDriver.a(CyLFClk.o)
                              .\CortexM0\ARM_GCC_541\Debug\StepperDriver.a(CyLib.o) (CySysClkWcoEnabled)
.\CortexM0\ARM_GCC_541\Debug\StepperDriver.a(DBG_UART.o)
                              .\CortexM0\ARM_GCC_541\Debug\main.o (DBG_UART_Start)
.\CortexM0\ARM_GCC_541\Debug\StepperDriver.a(DBG_UART_UART.o)
                              .\CortexM0\ARM_GCC_541\Debug\StepperDriver.a(DBG_UART.o) (DBG_UART_UartInit)
.\CortexM0\ARM_GCC_541\Debug\StepperDriver.a(isr_lim_1.o)
                              .\CortexM0\ARM_GCC_541\Debug\main.o (isr_lim_1_StartEx)
.\CortexM0\ARM_GCC_541\Debug\StepperDriver.a(isr_lim_2.o)
                              .\CortexM0\ARM_GCC_541\Debug\main.o (isr_lim_2_StartEx)
.\CortexM0\ARM_GCC_541\Debug\StepperDriver.a(isr_fault.o)
                              .\CortexM0\ARM_GCC_541\Debug\main.o (isr_fault_StartEx)
.\CortexM0\ARM_GCC_541\Debug\StepperDriver.a(Step_Timer.o)
                              .\CortexM0\ARM_GCC_541\Debug\main.o (Step_Timer_WritePeriod)
.\CortexM0\ARM_GCC_541\Debug\StepperDriver.a(isr_step.o)
                              .\CortexM0\ARM_GCC_541\Debug\main.o (isr_step_StartEx)
.\CortexM0\ARM_GCC_541\Debug\StepperDriver.a(CyBootAsmGnu.o)
                              .\CortexM0\ARM_GCC_541\Debug\StepperDriver.a(CyLib.o) (CyDelayCycles)
.\CortexM0\ARM_GCC_541\Debug\StepperDriver.a(CyFlash.o)
                              .\CortexM0\ARM_GCC_541\Debug\StepperDriver.a(CyLib.o) (CySysFlashSetWaitCycles)
.\CortexM0\ARM_GCC_541\Debug\StepperDriver.a(cyutils.o)
                              .\CortexM0\ARM_GCC_541\Debug\StepperDriver.a(Step_Timer.o) (CySetReg24)
.\CortexM0\ARM_GCC_541\Debug\StepperDriver.a(DBG_UART_SPI_UART.o)
                              .\CortexM0\ARM_GCC_541\Debug\StepperDriver.a(DBG_UART_UART.o) (DBG_UART_SpiUartReadRxData)
c:/program files (x86)/cypress/psoc creator/4.4/psoc creator/import/gnu/arm/5.4.1/bin/../lib/gcc/arm-none-eabi/5.4.1/../../../../arm-none-eabi/lib/armv6-m\libm.a(lib_a-s_round.o)
                              .\CortexM0\ARM_GCC_541\Debug\main.o (round)
c:/program files (x86)/cypress/psoc creator/4.4/psoc creator/import/gnu/arm/5.4.1/bin/../lib/gcc/arm-none-eabi/5.4.1/../../../../arm-none-eabi/lib/armv6-m\libm.a(lib_a-w_sqrt.o)
                              .\CortexM0\ARM_GCC_541\Debug\main.o (sqrt)
c:/program files (x86)/cypress/psoc creator/4.4/psoc creator/import/gnu/arm/5.4.1/bin/../lib/gcc/arm-none-eabi/5.4.1/../../../../arm-none-eabi/lib/armv6-m\libm.a(lib_a-e_sqrt.o)
                              c:/program files (x86)/cypress/psoc creator/4.4/psoc creator/import/gnu/arm/5.4.1/bin/../lib/gcc/arm-none-eabi/5.4.1/../../../../arm-none-eabi/lib/armv6-m\libm.a(lib_a-w_sqrt.o) (__ieee754_sqrt)
c:/program files (x86)/cypress/psoc creator/4.4/psoc creator/import/gnu/arm/5.4.1/bin/../lib/gcc/arm-none-eabi/5.4.1/../../../../arm-none-eabi/lib/armv6-m\libm.a(lib_a-s_lib_ver.o)
                              c:/program files (x86)/cypress/psoc creator/4.4/psoc creator/import/gnu/arm/5.4.1/bin/../lib/gcc/arm-none-eabi/5.4.1/../../../../arm-none-eabi/lib/armv6-m\libm.a(lib_a-w_sqrt.o) (__fdlib_version)
c:/program files (x86)/cypress/psoc creator/4.4/psoc creator/import/gnu/arm/5.4.1/bin/../lib/gcc/arm-none-eabi/5.4.1/../../../../arm-none-eabi/lib/armv6-m\libm.a(lib_a-s_matherr.o)
                              c:/program files (x86)/cypress/psoc creator/4.4/psoc creator/import/gnu/arm/5.4.1/bin/../lib/gcc/arm-none-eabi/5.4.1/../../../../arm-none-eabi/lib/armv6-m\libm.a(lib_a-w_sqrt.o) (matherr)
c:/program files (x86)/cypress/psoc creator/4.4/psoc creator/import/gnu/arm/5.4.1/bin/../lib/gcc/arm-none-eabi/5.4.1/armv6-m\libgcc.a(_udivsi3.o)
                              .\CortexM0\ARM_GCC_541\Debug\StepperDriver.a(CyLib.o) (__aeabi_uidiv)
c:/program files (x86)/cypress/psoc creator/4.4/psoc creator/import/gnu/arm/5.4.1/bin/../lib/gcc/arm-none-eabi/5.4.1/armv6-m\libgcc.a(_divsi3.o)
                              .\CortexM0\ARM_GCC_541\Debug\StepperDriver.a(CyLib.o) (__aeabi_idiv)
c:/program files (x86)/cypress/psoc creator/4.4/psoc creator/import/gnu/arm/5.4.1/bin/../lib/gcc/arm-none-eabi/5.4.1/armv6-m\libgcc.a(_dvmd_tls.o)
[...]
Memory Configuration

Name             Origin             Length             Attributes
rom              0x00000000         0x00040000         xr
ram              0x20000000         0x00008000         xrw
*default*        0x00000000         0xffffffff

Linker script and memory map

LOAD c:/program files (x86)/cypress/psoc creator/4.4/psoc creator/import/gnu/arm/5.4.1/bin/../lib/gcc/arm-none-eabi/5.4.1/armv6-m/crti.o
LOAD c:/program files (x86)/cypress/psoc creator/4.4/psoc creator/import/gnu/arm/5.4.1/bin/../lib/gcc/arm-none-eabi/5.4.1/armv6-m/crtbegin.o
LOAD c:/program files (x86)/cypress/psoc creator/4.4/psoc creator/import/gnu/arm/5.4.1/bin/../lib/gcc/arm-none-eabi/5.4.1/../../../../arm-none-eabi/lib/armv6-m/crt0.o
START GROUP
LOAD .\CortexM0\ARM_GCC_541\Debug\main.o
LOAD .\CortexM0\ARM_GCC_541\Debug\cyfitter_cfg.o
LOAD .\CortexM0\ARM_GCC_541\Debug\cymetadata.o
LOAD .\CortexM0\ARM_GCC_541\Debug\Cm0Start.o
LOAD .\CortexM0\ARM_GCC_541\Debug\StepperDriver.a
LOAD c:/program files (x86)/cypress/psoc creator/4.4/psoc creator/import/gnu/arm/5.4.1/bin/../lib/gcc/arm-none-eabi/5.4.1/../../../../arm-none-eabi/lib/armv6-m\libm.a
END GROUP
START GROUP
LOAD c:/program files (x86)/cypress/psoc creator/4.4/psoc creator/import/gnu/arm/5.4.1/bin/../lib/gcc/arm-none-eabi/5.4.1/armv6-m\libgcc.a
LOAD c:/program files (x86)/cypress/psoc creator/4.4/psoc creator/import/gnu/arm/5.4.1/bin/../lib/gcc/arm-none-eabi/5.4.1/../../../../arm-none-eabi/lib/armv6-m\libg_nano.a
LOAD c:/program files (x86)/cypress/psoc creator/4.4/psoc creator/import/gnu/arm/5.4.1/bin/../lib/gcc/arm-none-eabi/5.4.1/../../../../arm-none-eabi/lib/armv6-m\libc_nano.a
END GROUP
START GROUP
LOAD c:/program files (x86)/cypress/psoc creator/4.4/psoc creator/import/gnu/arm/5.4.1/bin/../lib/gcc/arm-none-eabi/5.4.1/armv6-m\libgcc.a
LOAD c:/program files (x86)/cypress/psoc creator/4.4/psoc creator/import/gnu/arm/5.4.1/bin/../lib/gcc/arm-none-eabi/5.4.1/../../../../arm-none-eabi/lib/armv6-m\libc_nano.a
END GROUP
LOAD c:/program files (x86)/cypress/psoc creator/4.4/psoc creator/import/gnu/arm/5.4.1/bin/../lib/gcc/arm-none-eabi/5.4.1/armv6-m/crtend.o
LOAD c:/program files (x86)/cypress/psoc creator/4.4/psoc creator/import/gnu/arm/5.4.1/bin/../lib/gcc/arm-none-eabi/5.4.1/armv6-m/crtn.o
START GROUP
LOAD c:/program files (x86)/cypress/psoc creator/4.4/psoc creator/import/gnu/arm/5.4.1/bin/../lib/gcc/arm-none-eabi/5.4.1/armv6-m\libgcc.a
LOAD c:/program files (x86)/cypress/psoc creator/4.4/psoc creator/import/gnu/arm/5.4.1/bin/../lib/gcc/arm-none-eabi/5.4.1/../../../../arm-none-eabi/lib/armv6-m\libc.a
LOAD c:/program files (x86)/cypress/psoc creator/4.4/psoc creator/import/gnu/arm/5.4.1/bin/../lib/gcc/arm-none-eabi/5.4.1/../../../../arm-none-eabi/lib/armv6-m\libnosys.a
END GROUP
                0x00000000                CY_APPL_ORIGIN = 0x0
                0x00000100                CY_FLASH_ROW_SIZE = 0x100
                0x00000001                CY_APPL_NUM = 0x1
                0x00000001                CY_APPL_MAX = 0x1
                0x00000040                CY_METADATA_SIZE = 0x40
                0x00000000                CY_APPL_LOADABLE = 0x0
                0x00000000                CY_CHECKSUM_EXCLUDE_SIZE = ALIGN (0x0, CY_FLASH_ROW_SIZE)
                0x00000000                CY_APP_FOR_STACK_AND_COPIER = 0x0
                [!provide]                PROVIDE (__cy_heap_start, _end)
                0x00000001                PROVIDE (__cy_region_num, ((__cy_regions_end - __cy_regions) / 0x10))
                0x20008000                PROVIDE (__cy_stack, (ORIGIN (ram) + LENGTH (ram)))
                [!provide]                PROVIDE (__cy_heap_end, (__cy_stack - 0x800))

.cybootloader   0x00000000        0x0
 *(.cybootloader)
                0x00000000                appl1_start = CY_APPL_ORIGIN?CY_APPL_ORIGIN:ALIGN (CY_FLASH_ROW_SIZE)
                0x0001ff00                appl2_start = (appl1_start + ALIGN ((((LENGTH (rom) - appl1_start) - (0x2 * CY_FLASH_ROW_SIZE)) / 0x2), CY_FLASH_ROW_SIZE))
                0x00000000                appl_start = (CY_APPL_NUM == 0x1)?appl1_start:appl2_start
                0x00000001                cy_project_type_bootloader = (appl_start == 0x0)?0x1:0x0
                0x00000000                cy_project_type_app_for_stack_and_copier = (CY_APP_FOR_STACK_AND_COPIER == 0x1)?0x1:0x0

.text           0x00000000     0x3530
 CREATE_OBJECT_SYMBOLS
                0x00000000                PROVIDE (__cy_interrupt_vector, RomVectors)
 *(.romvectors)
 .romvectors    0x00000000       0x10 .\CortexM0\ARM_GCC_541\Debug\Cm0Start.o
                0x00000000                RomVectors
                0x00000001                ASSERT ((. != __cy_interrupt_vector), No interrupt vector)
                0x00000001                ASSERT (CY_APPL_ORIGIN?(SIZEOF (.cybootloader) <= CY_APPL_ORIGIN):0x1, Wrong image location)
                0x00000010                PROVIDE (__cy_reset, Reset)
 *(.text.Reset)
 .text.Reset    0x00000010        0x8 .\CortexM0\ARM_GCC_541\Debug\Cm0Start.o
                0x00000010                Reset
                0x00000001                ASSERT ((. != __cy_reset), No reset code)
 *(.psocinit)
 .psocinit      0x00000018      0x27c .\CortexM0\ARM_GCC_541\Debug\cyfitter_cfg.o
                0x000000c0                cyfitter_cfg
                0x00000294                . = MAX (., 0x100)
 *(.text .text.* .gnu.linkonce.t.*)
 .text          0x00000294       0x60 c:/program files (x86)/cypress/psoc creator/4.4/psoc creator/import/gnu/arm/5.4.1/bin/../lib/gcc/arm-none-eabi/5.4.1/armv6-m/crtbegin.o
 .text.On_Lim_1
                0x000002f4       0x28 .\CortexM0\ARM_GCC_541\Debug\main.o
                0x000002f4                On_Lim_1
 .text.On_Lim_2
                0x0000031c       0x24 .\CortexM0\ARM_GCC_541\Debug\main.o
                0x0000031c                On_Lim_2
 .text.On_Fault
                0x00000340       0x24 .\CortexM0\ARM_GCC_541\Debug\main.o
                0x00000340                On_Fault
 .text.getCurrentPosition
                0x00000364        0x8 .\CortexM0\ARM_GCC_541\Debug\main.o
                0x00000364                getCurrentPosition
 .text.setSpeed
                0x0000036c       0x1c .\CortexM0\ARM_GCC_541\Debug\main.o
                0x0000036c                setSpeed
 .text.AccelToTarget
                0x00000388       0x9c .\CortexM0\ARM_GCC_541\Debug\main.o
                0x00000388                AccelToTarget
 .text.On_Step  0x00000424        0xc .\CortexM0\ARM_GCC_541\Debug\main.o
                0x00000424                On_Step
 .text.StartMove
                0x00000430       0x3c .\CortexM0\ARM_GCC_541\Debug\main.o
                0x00000430                StartMove
 .text.Step     0x0000046c       0x14 .\CortexM0\ARM_GCC_541\Debug\main.o
                0x0000046c                Step
 .text.main     0x00000480      0x1cc .\CortexM0\ARM_GCC_541\Debug\main.o
                0x00000480                main
 .text.cfg_write_bytes32
                0x0000064c       0x34 .\CortexM0\ARM_GCC_541\Debug\cyfitter_cfg.o
 .text.AnalogSetDefault
                0x00000680       0x20 .\CortexM0\ARM_GCC_541\Debug\cyfitter_cfg.o
 .text.CYMEMZERO
                0x000006a0        0xc .\CortexM0\ARM_GCC_541\Debug\cyfitter_cfg.o
 .text.IntDefaultHandler
                0x000006ac       0x10 .\CortexM0\ARM_GCC_541\Debug\Cm0Start.o
                0x000006ac                IntDefaultHandler
 .text.Start_c  0x000006bc       0x48 .\CortexM0\ARM_GCC_541\Debug\Cm0Start.o
                0x000006bc                Start_c
 .text.initialize_psoc
                0x00000704       0x4c .\CortexM0\ARM_GCC_541\Debug\Cm0Start.o
                0x00000704                initialize_psoc
 .text.Enable_Write
                0x00000750        0xc .\CortexM0\ARM_GCC_541\Debug\StepperDriver.a(Enable.o)
                0x00000750                Enable_Write
 .text.Step_Counter_Enable
                0x0000075c       0x14 .\CortexM0\ARM_GCC_541\Debug\StepperDriver.a(Step_Counter.o)
                0x0000075c                Step_Counter_Enable
 .text.Step_Counter_SetInterruptMode
                0x00000770        0xc .\CortexM0\ARM_GCC_541\Debug\StepperDriver.a(Step_Counter.o)
                0x00000770                Step_Counter_SetInterruptMode
 .text.Step_Counter_ReadStatusRegister
                0x0000077c        0xc .\CortexM0\ARM_GCC_541\Debug\StepperDriver.a(Step_Counter.o)
                0x0000077c                Step_Counter_ReadStatusRegister
 .text.Step_Counter_WriteCounter
                0x00000788        0xc .\CortexM0\ARM_GCC_541\Debug\StepperDriver.a(Step_Counter.o)
                0x00000788                Step_Counter_WriteCounter
 .text.Step_Counter_ReadCounter
                0x00000794       0x14 .\CortexM0\ARM_GCC_541\Debug\StepperDriver.a(Step_Counter.o)
                0x00000794                Step_Counter_ReadCounter
 .text.Step_Counter_ReadCapture
                0x000007a8        0xc .\CortexM0\ARM_GCC_541\Debug\StepperDriver.a(Step_Counter.o)
                0x000007a8                Step_Counter_ReadCapture
 .text.Step_Counter_WritePeriod
                0x000007b4        0xc .\CortexM0\ARM_GCC_541\Debug\StepperDriver.a(Step_Counter.o)
                0x000007b4                Step_Counter_WritePeriod
 .text.Step_Counter_WriteCompare
                0x000007c0        0xc .\CortexM0\ARM_GCC_541\Debug\StepperDriver.a(Step_Counter.o)
                0x000007c0                Step_Counter_WriteCompare
 .text.Step_Counter_ClearFIFO
                0x000007cc       0x14 .\CortexM0\ARM_GCC_541\Debug\StepperDriver.a(Step_Counter.o)
                0x000007cc                Step_Counter_ClearFIFO
 .text.Step_Counter_Init
                0x000007e0       0x58 .\CortexM0\ARM_GCC_541\Debug\StepperDriver.a(Step_Counter.o)
                0x000007e0                Step_Counter_Init
 .text.Step_Counter_Start
                0x00000838       0x20 .\CortexM0\ARM_GCC_541\Debug\StepperDriver.a(Step_Counter.o)
                0x00000838                Step_Counter_Start
 .text.Direction_Write
                0x00000858        0xc .\CortexM0\ARM_GCC_541\Debug\StepperDriver.a(Direction.o)
                0x00000858                Direction_Write
 .text.CySysClkImoSetPwrBgTrim5
                0x00000864       0x30 .\CortexM0\ARM_GCC_541\Debug\StepperDriver.a(CyLib.o)
 .text.CySysClkImoSetImoTrims
                0x00000894       0xb0 .\CortexM0\ARM_GCC_541\Debug\StepperDriver.a(CyLib.o)
 .text.CySysClkImoDisableWcoLock
                0x00000944       0x54 .\CortexM0\ARM_GCC_541\Debug\StepperDriver.a(CyLib.o)
                0x00000944                CySysClkImoDisableWcoLock
 .text.CySysClkImoGetWcoLock
                0x00000998       0x14 .\CortexM0\ARM_GCC_541\Debug\StepperDriver.a(CyLib.o)
                0x00000998                CySysClkImoGetWcoLock
 .text.CySysClkImoEnableUsbLock
                0x000009ac       0x44 .\CortexM0\ARM_GCC_541\Debug\StepperDriver.a(CyLib.o)
                0x000009ac                CySysClkImoEnableUsbLock
 .text.CySysClkImoDisableUsbLock
                0x000009f0       0x74 .\CortexM0\ARM_GCC_541\Debug\StepperDriver.a(CyLib.o)
                0x000009f0                CySysClkImoDisableUsbLock
 .text.CySysClkImoGetUsbLock
                0x00000a64       0x14 .\CortexM0\ARM_GCC_541\Debug\StepperDriver.a(CyLib.o)
                0x00000a64                CySysClkImoGetUsbLock
 .text.CyIntEnable
                0x00000a78       0x14 .\CortexM0\ARM_GCC_541\Debug\StepperDriver.a(CyLib.o)
                0x00000a78                CyIntEnable
 .text.CyHalt   0x00000a8c        0x4 .\CortexM0\ARM_GCC_541\Debug\StepperDriver.a(CyLib.o)
                0x00000a8c                CyHalt
 .text.CyIntSetVector
                0x00000a90       0x24 .\CortexM0\ARM_GCC_541\Debug\StepperDriver.a(CyLib.o)
                0x00000a90                CyIntSetVector
 .text.CyDelay  0x00000ab4       0x30 .\CortexM0\ARM_GCC_541\Debug\StepperDriver.a(CyLib.o)
                0x00000ab4                CyDelay
 .text.CySysClkImoEnableWcoLock
                0x00000ae4      0x104 .\CortexM0\ARM_GCC_541\Debug\StepperDriver.a(CyLib.o)
                0x00000ae4                CySysClkImoEnableWcoLock
 .text.CyDelayUs
                0x00000be8       0x14 .\CortexM0\ARM_GCC_541\Debug\StepperDriver.a(CyLib.o)
                0x00000be8                CyDelayUs
 .text.CySysClkWriteImoFreq
                0x00000bfc      0x1bc .\CortexM0\ARM_GCC_541\Debug\StepperDriver.a(CyLib.o)
                0x00000bfc                CySysClkWriteImoFreq
 .text.CySysWdtLocked
                0x00000db8       0x14 .\CortexM0\ARM_GCC_541\Debug\StepperDriver.a(CyLFClk.o)
 .text.CySysClkWcoEnabled
                0x00000dcc       0x14 .\CortexM0\ARM_GCC_541\Debug\StepperDriver.a(CyLFClk.o)
                0x00000dcc                CySysClkWcoEnabled
 .text.CySysWdtLock
                0x00000de0       0x1c .\CortexM0\ARM_GCC_541\Debug\StepperDriver.a(CyLFClk.o)
                0x00000de0                CySysWdtLock
 .text.CySysWdtUnlock
                0x00000dfc       0x30 .\CortexM0\ARM_GCC_541\Debug\StepperDriver.a(CyLFClk.o)
                0x00000dfc                CySysWdtUnlock
 .text.CySysWdtClearInterrupt
                0x00000e2c       0x4c .\CortexM0\ARM_GCC_541\Debug\StepperDriver.a(CyLFClk.o)
                0x00000e2c                CySysWdtClearInterrupt
 .text.CySysWdtIsr
                0x00000e78       0xa4 .\CortexM0\ARM_GCC_541\Debug\StepperDriver.a(CyLFClk.o)
                0x00000e78                CySysWdtIsr
 .text.DBG_UART_ScbModePostEnable
                0x00000f1c        0x8 .\CortexM0\ARM_GCC_541\Debug\StepperDriver.a(DBG_UART.o)
 .text.DBG_UART_Init
                0x00000f24        0x8 .\CortexM0\ARM_GCC_541\Debug\StepperDriver.a(DBG_UART.o)
                0x00000f24                DBG_UART_Init
 .text.DBG_UART_Enable
                0x00000f2c       0x18 .\CortexM0\ARM_GCC_541\Debug\StepperDriver.a(DBG_UART.o)
                0x00000f2c                DBG_UART_Enable
 .text.DBG_UART_Start
                0x00000f44       0x20 .\CortexM0\ARM_GCC_541\Debug\StepperDriver.a(DBG_UART.o)
                0x00000f44                DBG_UART_Start
 .text.DBG_UART_UartInit
                0x00000f64       0xa8 .\CortexM0\ARM_GCC_541\Debug\StepperDriver.a(DBG_UART_UART.o)
                0x00000f64                DBG_UART_UartInit
 .text.DBG_UART_UartPostEnable
                0x0000100c       0x24 .\CortexM0\ARM_GCC_541\Debug\StepperDriver.a(DBG_UART_UART.o)
                0x0000100c                DBG_UART_UartPostEnable
 .text.DBG_UART_UartGetByte
                0x00001030       0x34 .\CortexM0\ARM_GCC_541\Debug\StepperDriver.a(DBG_UART_UART.o)
                0x00001030                DBG_UART_UartGetByte
 .text.DBG_UART_UartPutString
                0x00001064       0x18 .\CortexM0\ARM_GCC_541\Debug\StepperDriver.a(DBG_UART_UART.o)
                0x00001064                DBG_UART_UartPutString
 .text.isr_lim_1_SetVector
                0x0000107c        0xc .\CortexM0\ARM_GCC_541\Debug\StepperDriver.a(isr_lim_1.o)
                0x0000107c                isr_lim_1_SetVector
 .text.isr_lim_1_SetPriority
                0x00001088       0x24 .\CortexM0\ARM_GCC_541\Debug\StepperDriver.a(isr_lim_1.o)
                0x00001088                isr_lim_1_SetPriority
 .text.isr_lim_1_Enable
                0x000010ac        0xc .\CortexM0\ARM_GCC_541\Debug\StepperDriver.a(isr_lim_1.o)
                0x000010ac                isr_lim_1_Enable
 .text.isr_lim_1_Disable
                0x000010b8        0xc .\CortexM0\ARM_GCC_541\Debug\StepperDriver.a(isr_lim_1.o)
                0x000010b8                isr_lim_1_Disable
 .text.isr_lim_1_StartEx
                0x000010c4       0x1c .\CortexM0\ARM_GCC_541\Debug\StepperDriver.a(isr_lim_1.o)
                0x000010c4                isr_lim_1_StartEx
 .text.isr_lim_1_ClearPending
                0x000010e0        0xc .\CortexM0\ARM_GCC_541\Debug\StepperDriver.a(isr_lim_1.o)
                0x000010e0                isr_lim_1_ClearPending
 .text.isr_lim_2_SetVector
                0x000010ec        0xc .\CortexM0\ARM_GCC_541\Debug\StepperDriver.a(isr_lim_2.o)
                0x000010ec                isr_lim_2_SetVector
 .text.isr_lim_2_SetPriority
                0x000010f8       0x20 .\CortexM0\ARM_GCC_541\Debug\StepperDriver.a(isr_lim_2.o)
                0x000010f8                isr_lim_2_SetPriority
 .text.isr_lim_2_Enable
                0x00001118        0xc .\CortexM0\ARM_GCC_541\Debug\StepperDriver.a(isr_lim_2.o)
                0x00001118                isr_lim_2_Enable
 .text.isr_lim_2_Disable
                0x00001124        0xc .\CortexM0\ARM_GCC_541\Debug\StepperDriver.a(isr_lim_2.o)
                0x00001124                isr_lim_2_Disable
 .text.isr_lim_2_StartEx
                0x00001130       0x1c .\CortexM0\ARM_GCC_541\Debug\StepperDriver.a(isr_lim_2.o)
                0x00001130                isr_lim_2_StartEx
 .text.isr_lim_2_ClearPending
                0x0000114c        0xc .\CortexM0\ARM_GCC_541\Debug\StepperDriver.a(isr_lim_2.o)
                0x0000114c                isr_lim_2_ClearPending
 .text.isr_fault_SetVector
                0x00001158        0xc .\CortexM0\ARM_GCC_541\Debug\StepperDriver.a(isr_fault.o)
                0x00001158                isr_fault_SetVector
 .text.isr_fault_SetPriority
                0x00001164       0x24 .\CortexM0\ARM_GCC_541\Debug\StepperDriver.a(isr_fault.o)
                0x00001164                isr_fault_SetPriority
 .text.isr_fault_Enable
                0x00001188        0xc .\CortexM0\ARM_GCC_541\Debug\StepperDriver.a(isr_fault.o)
                0x00001188                isr_fault_Enable
 .text.isr_fault_Disable
                0x00001194        0xc .\CortexM0\ARM_GCC_541\Debug\StepperDriver.a(isr_fault.o)
                0x00001194                isr_fault_Disable
 .text.isr_fault_StartEx
                0x000011a0       0x1c .\CortexM0\ARM_GCC_541\Debug\StepperDriver.a(isr_fault.o)
                0x000011a0                isr_fault_StartEx
 .text.isr_fault_ClearPending
                0x000011bc        0xc .\CortexM0\ARM_GCC_541\Debug\StepperDriver.a(isr_fault.o)
                0x000011bc                isr_fault_ClearPending
 .text.Step_Timer_SetInterruptMode
                0x000011c8        0xc .\CortexM0\ARM_GCC_541\Debug\StepperDriver.a(Step_Timer.o)
                0x000011c8                Step_Timer_SetInterruptMode
 .text.Step_Timer_ReadStatusRegister
                0x000011d4        0xc .\CortexM0\ARM_GCC_541\Debug\StepperDriver.a(Step_Timer.o)
                0x000011d4                Step_Timer_ReadStatusRegister
 .text.Step_Timer_WriteCounter
                0x000011e0       0x10 .\CortexM0\ARM_GCC_541\Debug\StepperDriver.a(Step_Timer.o)
                0x000011e0                Step_Timer_WriteCounter
 .text.Step_Timer_ReadCapture
                0x000011f0       0x10 .\CortexM0\ARM_GCC_541\Debug\StepperDriver.a(Step_Timer.o)
                0x000011f0                Step_Timer_ReadCapture
 .text.Step_Timer_WritePeriod
                0x00001200       0x10 .\CortexM0\ARM_GCC_541\Debug\StepperDriver.a(Step_Timer.o)
                0x00001200                Step_Timer_WritePeriod
 .text.Step_Timer_ReadPeriod
                0x00001210       0x10 .\CortexM0\ARM_GCC_541\Debug\StepperDriver.a(Step_Timer.o)
                0x00001210                Step_Timer_ReadPeriod
 .text.Step_Timer_WriteCompare
                0x00001220       0x10 .\CortexM0\ARM_GCC_541\Debug\StepperDriver.a(Step_Timer.o)
                0x00001220                Step_Timer_WriteCompare
 .text.Step_Timer_ClearFIFO
                0x00001230       0x14 .\CortexM0\ARM_GCC_541\Debug\StepperDriver.a(Step_Timer.o)
                0x00001230                Step_Timer_ClearFIFO
 .text.Step_Timer_Init
                0x00001244       0x40 .\CortexM0\ARM_GCC_541\Debug\StepperDriver.a(Step_Timer.o)
                0x00001244                Step_Timer_Init
 .text.Step_Timer_Start
                0x00001284       0x1c .\CortexM0\ARM_GCC_541\Debug\StepperDriver.a(Step_Timer.o)
                0x00001284                Step_Timer_Start
 .text.isr_step_SetVector
                0x000012a0        0xc .\CortexM0\ARM_GCC_541\Debug\StepperDriver.a(isr_step.o)
                0x000012a0                isr_step_SetVector
 .text.isr_step_SetPriority
                0x000012ac       0x20 .\CortexM0\ARM_GCC_541\Debug\StepperDriver.a(isr_step.o)
                0x000012ac                isr_step_SetPriority
 .text.isr_step_Enable
                0x000012cc        0xc .\CortexM0\ARM_GCC_541\Debug\StepperDriver.a(isr_step.o)
                0x000012cc                isr_step_Enable
 .text.isr_step_Disable
                0x000012d8        0xc .\CortexM0\ARM_GCC_541\Debug\StepperDriver.a(isr_step.o)
                0x000012d8                isr_step_Disable
 .text.isr_step_StartEx
                0x000012e4       0x1c .\CortexM0\ARM_GCC_541\Debug\StepperDriver.a(isr_step.o)
                0x000012e4                isr_step_StartEx
 .text.isr_step_ClearPending
                0x00001300        0xc .\CortexM0\ARM_GCC_541\Debug\StepperDriver.a(isr_step.o)
                0x00001300                isr_step_ClearPending
 *fill*         0x0000130c        0x4 
 .text          0x00001310       0x20 .\CortexM0\ARM_GCC_541\Debug\StepperDriver.a(CyBootAsmGnu.o)
                0x00001310                CyDelayCycles
                0x00001322                CyEnterCriticalSection
                0x0000132a                CyExitCriticalSection
 .text.CySysFlashSetWaitCycles
                0x00001330       0x54 .\CortexM0\ARM_GCC_541\Debug\StepperDriver.a(CyFlash.o)
                0x00001330                CySysFlashSetWaitCycles
 .text.CySetReg24
                0x00001384       0x14 .\CortexM0\ARM_GCC_541\Debug\StepperDriver.a(cyutils.o)
                0x00001384                CySetReg24
 .text.CyGetReg24
                0x00001398       0x14 .\CortexM0\ARM_GCC_541\Debug\StepperDriver.a(cyutils.o)
                0x00001398                CyGetReg24
 .text.DBG_UART_SpiUartReadRxData
                0x000013ac        0xc .\CortexM0\ARM_GCC_541\Debug\StepperDriver.a(DBG_UART_SPI_UART.o)
                0x000013ac                DBG_UART_SpiUartReadRxData
 .text.DBG_UART_SpiUartGetRxBufferSize
                0x000013b8       0x10 .\CortexM0\ARM_GCC_541\Debug\StepperDriver.a(DBG_UART_SPI_UART.o)
                0x000013b8                DBG_UART_SpiUartGetRxBufferSize
 .text.DBG_UART_SpiUartWriteTxData
                0x000013c8       0x1c .\CortexM0\ARM_GCC_541\Debug\StepperDriver.a(DBG_UART_SPI_UART.o)
                0x000013c8                DBG_UART_SpiUartWriteTxData
 .text.sqrt     0x000013e4       0xc0 c:/program files (x86)/cypress/psoc creator/4.4/psoc creator/import/gnu/arm/5.4.1/bin/../lib/gcc/arm-none-eabi/5.4.1/../../../../arm-none-eabi/lib/armv6-m\libm.a(lib_a-w_sqrt.o)
                0x000013e4                sqrt
 .text.__ieee754_sqrt
                0x000014a4      0x1ec c:/program files (x86)/cypress/psoc creator/4.4/psoc creator/import/gnu/arm/5.4.1/bin/../lib/gcc/arm-none-eabi/5.4.1/../../../../arm-none-eabi/lib/armv6-m\libm.a(lib_a-e_sqrt.o)
                0x000014a4                __ieee754_sqrt
 .text.matherr  0x00001690        0x4 c:/program files (x86)/cypress/psoc creator/4.4/psoc creator/import/gnu/arm/5.4.1/bin/../lib/gcc/arm-none-eabi/5.4.1/../../../../arm-none-eabi/lib/armv6-m\libm.a(lib_a-s_matherr.o)
                0x00001690                matherr
 .text          0x00001694      0x114 c:/program files (x86)/cypress/psoc creator/4.4/psoc creator/import/gnu/arm/5.4.1/bin/../lib/gcc/arm-none-eabi/5.4.1/armv6-m\libgcc.a(_udivsi3.o)
                0x00001694                __aeabi_uidiv
                0x00001694                __udivsi3
                0x000017a0                __aeabi_uidivmod
 .text          0x000017a8        0x4 c:/program files (x86)/cypress/psoc creator/4.4/psoc creator/import/gnu/arm/5.4.1/bin/../lib/gcc/arm-none-eabi/5.4.1/armv6-m\libgcc.a(_dvmd_tls.o)
                0x000017a8                __aeabi_idiv0
                0x000017a8                __aeabi_ldiv0
 .text          0x000017ac       0x7c c:/program files (x86)/cypress/psoc creator/4.4/psoc creator/import/gnu/arm/5.4.1/bin/../lib/gcc/arm-none-eabi/5.4.1/armv6-m\libgcc.a(_arm_cmpdf2.o)
                0x000017ac                __aeabi_cdrcmple
                0x000017bc                __aeabi_cdcmple
                0x000017bc                __aeabi_cdcmpeq
                0x000017cc                __aeabi_dcmpeq
                0x000017d8                __aeabi_dcmplt
                0x000017ec                __aeabi_dcmple
                0x00001800                __aeabi_dcmpgt
                0x00001814                __aeabi_dcmpge
 .text          0x00001828       0x3c c:/program files (x86)/cypress/psoc creator/4.4/psoc creator/import/gnu/arm/5.4.1/bin/../lib/gcc/arm-none-eabi/5.4.1/armv6-m\libgcc.a(_fixunsdfsi.o)
                0x00001828                __aeabi_d2uiz
                0x00001828                __fixunsdfsi
 .text          0x00001864      0x658 c:/program files (x86)/cypress/psoc creator/4.4/psoc creator/import/gnu/arm/5.4.1/bin/../lib/gcc/arm-none-eabi/5.4.1/armv6-m\libgcc.a(adddf3.o)
                0x00001864                __aeabi_dadd
 .text          0x00001ebc      0x62c c:/program files (x86)/cypress/psoc creator/4.4/psoc creator/import/gnu/arm/5.4.1/bin/../lib/gcc/arm-none-eabi/5.4.1/armv6-m\libgcc.a(divdf3.o)
                0x00001ebc                __aeabi_ddiv
 .text          0x000024e8       0x80 c:/program files (x86)/cypress/psoc creator/4.4/psoc creator/import/gnu/arm/5.4.1/bin/../lib/gcc/arm-none-eabi/5.4.1/armv6-m\libgcc.a(eqdf2.o)
                0x000024e8                __nedf2
                0x000024e8                __eqdf2
 .text          0x00002568       0xc8 c:/program files (x86)/cypress/psoc creator/4.4/psoc creator/import/gnu/arm/5.4.1/bin/../lib/gcc/arm-none-eabi/5.4.1/armv6-m\libgcc.a(gedf2.o)
                0x00002568                __gedf2
                0x00002568                __gtdf2
 .text          0x00002630       0xd4 c:/program files (x86)/cypress/psoc creator/4.4/psoc creator/import/gnu/arm/5.4.1/bin/../lib/gcc/arm-none-eabi/5.4.1/armv6-m\libgcc.a(ledf2.o)
                0x00002630                __ledf2
                0x00002630                __ltdf2
 .text          0x00002704      0x4f4 c:/program files (x86)/cypress/psoc creator/4.4/psoc creator/import/gnu/arm/5.4.1/bin/../lib/gcc/arm-none-eabi/5.4.1/armv6-m\libgcc.a(muldf3.o)
                0x00002704                __aeabi_dmul
 .text          0x00002bf8      0x6a8 c:/program files (x86)/cypress/psoc creator/4.4/psoc creator/import/gnu/arm/5.4.1/bin/../lib/gcc/arm-none-eabi/5.4.1/armv6-m\libgcc.a(subdf3.o)
                0x00002bf8                __aeabi_dsub
 .text          0x000032a0       0x40 c:/program files (x86)/cypress/psoc creator/4.4/psoc creator/import/gnu/arm/5.4.1/bin/../lib/gcc/arm-none-eabi/5.4.1/armv6-m\libgcc.a(unorddf2.o)
                0x000032a0                __aeabi_dcmpun
 .text          0x000032e0       0x6c c:/program files (x86)/cypress/psoc creator/4.4/psoc creator/import/gnu/arm/5.4.1/bin/../lib/gcc/arm-none-eabi/5.4.1/armv6-m\libgcc.a(fixdfsi.o)
                0x000032e0                __aeabi_d2iz
 .text          0x0000334c       0x84 c:/program files (x86)/cypress/psoc creator/4.4/psoc creator/import/gnu/arm/5.4.1/bin/../lib/gcc/arm-none-eabi/5.4.1/armv6-m\libgcc.a(floatsidf.o)
                0x0000334c                __aeabi_i2d
 .text          0x000033d0       0x3c c:/program files (x86)/cypress/psoc creator/4.4/psoc creator/import/gnu/arm/5.4.1/bin/../lib/gcc/arm-none-eabi/5.4.1/armv6-m\libgcc.a(_clzsi2.o)
                0x000033d0                __clzsi2
 .text.__errno  0x0000340c        0xc c:/program files (x86)/cypress/psoc creator/4.4/psoc creator/import/gnu/arm/5.4.1/bin/../lib/gcc/arm-none-eabi/5.4.1/../../../../arm-none-eabi/lib/armv6-m\libg_nano.a(lib_a-errno.o)
                0x0000340c                __errno
 .text.__libc_init_array
                0x00003418       0x4c c:/program files (x86)/cypress/psoc creator/4.4/psoc creator/import/gnu/arm/5.4.1/bin/../lib/gcc/arm-none-eabi/5.4.1/../../../../arm-none-eabi/lib/armv6-m\libg_nano.a(lib_a-init.o)
                0x00003418                __libc_init_array
 .text.__itoa   0x00003464       0x2e c:/program files (x86)/cypress/psoc creator/4.4/psoc creator/import/gnu/arm/5.4.1/bin/../lib/gcc/arm-none-eabi/5.4.1/../../../../arm-none-eabi/lib/armv6-m\libg_nano.a(lib_a-itoa.o)
                0x00003464                __itoa
 .text.itoa     0x00003492        0x8 c:/program files (x86)/cypress/psoc creator/4.4/psoc creator/import/gnu/arm/5.4.1/bin/../lib/gcc/arm-none-eabi/5.4.1/../../../../arm-none-eabi/lib/armv6-m\libg_nano.a(lib_a-itoa.o)
                0x00003492                itoa
 .text.memcpy   0x0000349a       0x12 c:/program files (x86)/cypress/psoc creator/4.4/psoc creator/import/gnu/arm/5.4.1/bin/../lib/gcc/arm-none-eabi/5.4.1/../../../../arm-none-eabi/lib/armv6-m\libg_nano.a(lib_a-memcpy-stub.o)
                0x0000349a                memcpy
 .text.memset   0x000034ac       0x10 c:/program files (x86)/cypress/psoc creator/4.4/psoc creator/import/gnu/arm/5.4.1/bin/../lib/gcc/arm-none-eabi/5.4.1/../../../../arm-none-eabi/lib/armv6-m\libg_nano.a(lib_a-memset.o)
                0x000034ac                memset
 .text.__utoa   0x000034bc       0x74 c:/program files (x86)/cypress/psoc creator/4.4/psoc creator/import/gnu/arm/5.4.1/bin/../lib/gcc/arm-none-eabi/5.4.1/../../../../arm-none-eabi/lib/armv6-m\libg_nano.a(lib_a-utoa.o)
                0x000034bc                __utoa
 *(.plt)
 *(.gnu.warning)
 *(.glue_7t)
 .glue_7t       0x00003530        0x0 linker stubs
 *(.glue_7)
 .glue_7        0x00003530        0x0 linker stubs
 *(.vfp11_veneer)
 .vfp11_veneer  0x00003530        0x0 linker stubs
 *(.bootloader)
 *(.ARM.extab* .gnu.linkonce.armextab.*)
 *(.gcc_except_table)

.v4_bx          0x00003530        0x0
 .v4_bx         0x00003530        0x0 linker stubs

.iplt           0x00003530        0x0
 .iplt          0x00003530        0x0 c:/program files (x86)/cypress/psoc creator/4.4/psoc creator/import/gnu/arm/5.4.1/bin/../lib/gcc/arm-none-eabi/5.4.1/armv6-m/crtbegin.o

.eh_frame_hdr
 *(.eh_frame_hdr)

.eh_frame       0x00003530        0x4
 *(.eh_frame)
 .eh_frame      0x00003530        0x0 c:/program files (x86)/cypress/psoc creator/4.4/psoc creator/import/gnu/arm/5.4.1/bin/../lib/gcc/arm-none-eabi/5.4.1/armv6-m/crtbegin.o
 .eh_frame      0x00003530        0x4 c:/program files (x86)/cypress/psoc creator/4.4/psoc creator/import/gnu/arm/5.4.1/bin/../lib/gcc/arm-none-eabi/5.4.1/armv6-m/crtend.o
                [!provide]                PROVIDE (__exidx_start, .)

.ARM.exidx
 *(.ARM.exidx* .gnu.linkonce.armexidx.*)
                0x00003534                __exidx_end = .

.rodata         0x00003534      0x544
 *(.rodata .rodata.* .gnu.linkonce.r.*)
 .rodata.str1.4
                0x00003534       0x79 .\CortexM0\ARM_GCC_541\Debug\main.o
                                 0x7d (size before relaxing)
 *fill*         0x000035ad        0x3 
 .rodata        0x000035b0      0x3b4 .\CortexM0\ARM_GCC_541\Debug\cyfitter_cfg.o
 .rodata        0x00003964       0x2e .\CortexM0\ARM_GCC_541\Debug\StepperDriver.a(CyLib.o)
                0x00003964                cyImoFreqMhz2Reg
 *fill*         0x00003992        0x2 
 .rodata.str1.4
                0x00003994        0x8 c:/program files (x86)/cypress/psoc creator/4.4/psoc creator/import/gnu/arm/5.4.1/bin/../lib/gcc/arm-none-eabi/5.4.1/../../../../arm-none-eabi/lib/armv6-m\libm.a(lib_a-w_sqrt.o)
                                  0x5 (size before relaxing)
 .rodata        0x0000399c       0x40 c:/program files (x86)/cypress/psoc creator/4.4/psoc creator/import/gnu/arm/5.4.1/bin/../lib/gcc/arm-none-eabi/5.4.1/armv6-m\libgcc.a(divdf3.o)
 .rodata        0x000039dc       0x40 c:/program files (x86)/cypress/psoc creator/4.4/psoc creator/import/gnu/arm/5.4.1/bin/../lib/gcc/arm-none-eabi/5.4.1/armv6-m\libgcc.a(muldf3.o)
 .rodata.str1.1
                0x00003a1c        0x2 c:/program files (x86)/cypress/psoc creator/4.4/psoc creator/import/gnu/arm/5.4.1/bin/../lib/gcc/arm-none-eabi/5.4.1/../../../../arm-none-eabi/lib/armv6-m\libg_nano.a(lib_a-impure.o)
 .rodata.str1.1
                0x00003a1e       0x25 c:/program files (x86)/cypress/psoc creator/4.4/psoc creator/import/gnu/arm/5.4.1/bin/../lib/gcc/arm-none-eabi/5.4.1/../../../../arm-none-eabi/lib/armv6-m\libg_nano.a(lib_a-utoa.o)
                0x00003a44                . = ALIGN (0x4)
 *fill*         0x00003a43        0x1 
 *(.init)
 .init          0x00003a44        0x4 c:/program files (x86)/cypress/psoc creator/4.4/psoc creator/import/gnu/arm/5.4.1/bin/../lib/gcc/arm-none-eabi/5.4.1/armv6-m/crti.o
                0x00003a44                _init
 .init          0x00003a48        0x8 c:/program files (x86)/cypress/psoc creator/4.4/psoc creator/import/gnu/arm/5.4.1/bin/../lib/gcc/arm-none-eabi/5.4.1/armv6-m/crtn.o
                0x00003a50                . = ALIGN (0x4)
                0x00003a50                __preinit_array_start = .
 *(.preinit_array)
                0x00003a50                __preinit_array_end = .
                0x00003a50                . = ALIGN (0x4)
                0x00003a50                __init_array_start = .
 *(SORT(.init_array.*))
 *(.init_array)
 .init_array    0x00003a50        0x4 c:/program files (x86)/cypress/psoc creator/4.4/psoc creator/import/gnu/arm/5.4.1/bin/../lib/gcc/arm-none-eabi/5.4.1/armv6-m/crtbegin.o
 .init_array    0x00003a54        0x4 .\CortexM0\ARM_GCC_541\Debug\Cm0Start.o
                0x00003a58                __init_array_end = .
                0x00003a58                . = ALIGN (0x4)
 *(.fini)
 .fini          0x00003a58        0x4 c:/program files (x86)/cypress/psoc creator/4.4/psoc creator/import/gnu/arm/5.4.1/bin/../lib/gcc/arm-none-eabi/5.4.1/armv6-m/crti.o
                0x00003a58                _fini
 .fini          0x00003a5c        0x8 c:/program files (x86)/cypress/psoc creator/4.4/psoc creator/import/gnu/arm/5.4.1/bin/../lib/gcc/arm-none-eabi/5.4.1/armv6-m/crtn.o
                0x00003a64                . = ALIGN (0x4)
                0x00003a64                __fini_array_start = .
 *(.fini_array)
 .fini_array    0x00003a64        0x4 c:/program files (x86)/cypress/psoc creator/4.4/psoc creator/import/gnu/arm/5.4.1/bin/../lib/gcc/arm-none-eabi/5.4.1/armv6-m/crtbegin.o
 *(SORT(.fini_array.*))
                0x00003a68                __fini_array_end = .
                0x00003a68                . = ALIGN (0x4)
 *crtbegin.o(.ctors)
 *(EXCLUDE_FILE(*crtend.o) .ctors)
 *(SORT(.ctors.*))
 *crtend.o(.ctors)
                0x00003a68                . = ALIGN (0x4)
 *crtbegin.o(.dtors)
 *(EXCLUDE_FILE(*crtend.o) .dtors)
 *(SORT(.dtors.*))
 *crtend.o(.dtors)
                0x00003a68                . = ALIGN (0x4)
                0x00003a68                __cy_regions = .
                0x00003a68        0x4 LONG 0x3a78 __cy_region_init_ram
                0x00003a6c        0x4 LONG 0x200000c0 __cy_region_start_data
                0x00003a70        0x4 LONG 0x90 __cy_region_init_size_ram
                0x00003a74        0x4 LONG 0xb8 __cy_region_zero_size_ram
                0x00003a78                __cy_regions_end = .
                0x00003a78                . = ALIGN (0x8)
                0x00003a78                _etext = .

.cy_checksum_exclude
                0x00003a78        0x0
 *(.cy_checksum_exclude)

.ramvectors     0x20000000       0xc0
                0x20000000                __cy_region_start_ram = .
 *(.ramvectors)
 .ramvectors    0x20000000       0xc0 .\CortexM0\ARM_GCC_541\Debug\Cm0Start.o
                0x20000000                CyRamVectors

.noinit
 *(.noinit)

.data           0x200000c0       0x90 load address 0x00003a78
                0x200000c0                __cy_region_start_data = .
 *(.jcr)
 .jcr           0x200000c0        0x0 c:/program files (x86)/cypress/psoc creator/4.4/psoc creator/import/gnu/arm/5.4.1/bin/../lib/gcc/arm-none-eabi/5.4.1/armv6-m/crtbegin.o
 .jcr           0x200000c0        0x4 c:/program files (x86)/cypress/psoc creator/4.4/psoc creator/import/gnu/arm/5.4.1/bin/../lib/gcc/arm-none-eabi/5.4.1/armv6-m/crtend.o
 *(.got.plt)
 *(.got)
 *(.shdata)
 *(.data .data.* .gnu.linkonce.d.*)
 .data          0x200000c4        0x4 .\CortexM0\ARM_GCC_541\Debug\main.o
                0x200000c4                dbg_step
 .data          0x200000c8       0x14 .\CortexM0\ARM_GCC_541\Debug\StepperDriver.a(CyLib.o)
                0x200000c8                CySysClkPumpConfig
                0x200000cc                cydelay32kMs
                0x200000d0                cydelayFreqKhz
                0x200000d4                cydelayFreqMhz
                0x200000d8                cydelayFreqHz
 .data          0x200000dc        0x8 .\CortexM0\ARM_GCC_541\Debug\StepperDriver.a(CyLFClk.o)
 .data.__fdlib_version
                0x200000e4        0x1 c:/program files (x86)/cypress/psoc creator/4.4/psoc creator/import/gnu/arm/5.4.1/bin/../lib/gcc/arm-none-eabi/5.4.1/../../../../arm-none-eabi/lib/armv6-m\libm.a(lib_a-s_lib_ver.o)
                0x200000e4                __fdlib_version
 *fill*         0x200000e5        0x3 
 .data.impure_data
                0x200000e8       0x60 c:/program files (x86)/cypress/psoc creator/4.4/psoc creator/import/gnu/arm/5.4.1/bin/../lib/gcc/arm-none-eabi/5.4.1/../../../../arm-none-eabi/lib/armv6-m\libg_nano.a(lib_a-impure.o)
 .data._impure_ptr
                0x20000148        0x4 c:/program files (x86)/cypress/psoc creator/4.4/psoc creator/import/gnu/arm/5.4.1/bin/../lib/gcc/arm-none-eabi/5.4.1/../../../../arm-none-eabi/lib/armv6-m\libg_nano.a(lib_a-impure.o)
                0x20000148                _impure_ptr
                0x20000150                . = ALIGN (0x8)
 *fill*         0x2000014c        0x4 
 *(.ram)
                0x20000150                _edata = .

.igot.plt       0x20000150        0x0 load address 0x00003b08
 .igot.plt      0x20000150        0x0 c:/program files (x86)/cypress/psoc creator/4.4/psoc creator/import/gnu/arm/5.4.1/bin/../lib/gcc/arm-none-eabi/5.4.1/armv6-m/crtbegin.o

.bss            0x20000150       0xb8 load address 0x00003b08
                0x20000150                PROVIDE (__bss_start__, .)
 *(.shbss)
 *(.bss .bss.* .gnu.linkonce.b.*)
 .bss           0x20000150       0x1c c:/program files (x86)/cypress/psoc creator/4.4/psoc creator/import/gnu/arm/5.4.1/bin/../lib/gcc/arm-none-eabi/5.4.1/armv6-m/crtbegin.o
 .bss           0x2000016c        0x8 .\CortexM0\ARM_GCC_541\Debug\main.o
                0x2000016c                targetPosition
                0x20000170                E
 .bss           0x20000174        0x1 .\CortexM0\ARM_GCC_541\Debug\StepperDriver.a(Step_Counter.o)
                0x20000174                Step_Counter_initVar
 *fill*         0x20000175        0x3 
 .bss           0x20000178       0x20 .\CortexM0\ARM_GCC_541\Debug\StepperDriver.a(CyLib.o)
                0x20000178                CySysClkImoTrim4
                0x2000017c                CySysClkImoTrim5
                0x20000194                CySysTickInitVar
 .bss           0x20000198       0x28 .\CortexM0\ARM_GCC_541\Debug\StepperDriver.a(CyLFClk.o)
 .bss           0x200001c0        0x4 .\CortexM0\ARM_GCC_541\Debug\StepperDriver.a(DBG_UART.o)
                0x200001c0                DBG_UART_initVar
                0x200001c2                DBG_UART_IntrTxMask
 .bss           0x200001c4        0x1 .\CortexM0\ARM_GCC_541\Debug\StepperDriver.a(Step_Timer.o)
                0x200001c4                Step_Timer_initVar
 *(COMMON)
 *fill*         0x200001c5        0x3 
 COMMON         0x200001c8       0x40 .\CortexM0\ARM_GCC_541\Debug\main.o
                0x200001c8                accel
                0x200001d0                debugOutput
                0x200001f0                vel
                0x200001f8                E_max
                0x20000200                stepSize
                0x20000208                . = ALIGN (0x8)
 *(.ram.b)
                0x20000208                _end = .
                0x20000208                __end = .
                0x20000208                PROVIDE (end, .)
                0x20000208                PROVIDE (__bss_end__, .)
                0x00003a78                __cy_region_init_ram = LOADADDR (.data)
                0x00000090                __cy_region_init_size_ram = (_edata - ADDR (.data))
                0x000000b8                __cy_region_zero_size_ram = (_end - _edata)

.heap           0x20000208       0x80 load address 0x00003b08
                0x20000208                . = _end
                0x20000288                . = (. + 0x80)
 *fill*         0x20000208       0x80 
                0x20000288                __cy_heap_limit = .

.stack          0x20007800      0x800
                0x20007800                __cy_stack_limit = .
                0x20008000                . = (. + 0x800)
 *fill*         0x20007800      0x800 
                0x00000001                ASSERT ((__cy_stack_limit >= __cy_heap_limit), region RAM overflowed with stack)
                0x00000000                cy_checksum_exclude_size = (CY_APPL_LOADABLE == 0x1)?SIZEOF (.cy_checksum_exclude):0x0
                0x00000001                ASSERT ((cy_checksum_exclude_size <= CY_CHECKSUM_EXCLUDE_SIZE), CY_BOOT: Section .cy_checksum_exclude size exceedes specified limit.)
                0x0003ffc0                cyloadermeta_start = (cy_project_type_bootloader || cy_project_type_app_for_stack_and_copier)?(LENGTH (rom) - CY_METADATA_SIZE):0xf0000000

.cyloadermeta
 *(.cyloadermeta)
                0x0003ffc0                cyloadablemeta_start = cy_project_type_app_for_stack_and_copier?((LENGTH (rom) - CY_FLASH_ROW_SIZE) - CY_METADATA_SIZE):((LENGTH (rom) - (CY_FLASH_ROW_SIZE * (CY_APPL_NUM - 0x1))) - CY_METADATA_SIZE)

.cyloadablemeta
 *(.cyloadablemeta)

.cyflashprotect
                0x90400000       0x80
 *(.cyflashprotect)
 .cyflashprotect
                0x90400000       0x80 .\CortexM0\ARM_GCC_541\Debug\cymetadata.o
                0x90400000                cy_meta_flashprotect

.cymeta         0x90500000        0xc
 *(.cymeta)
 .cymeta        0x90500000        0xc .\CortexM0\ARM_GCC_541\Debug\cymetadata.o
                0x90500000                cy_metadata

.cychipprotect  0x90600000        0x1
 *(.cychipprotect)
 .cychipprotect
                0x90600000        0x1 .\CortexM0\ARM_GCC_541\Debug\cymetadata.o
                0x90600000                cy_meta_chipprotect

.rel.dyn        0x00003b08        0x0 load address 0x90600004
 .rel.iplt      0x00003b08        0x0 c:/program files (x86)/cypress/psoc creator/4.4/psoc creator/import/gnu/arm/5.4.1/bin/../lib/gcc/arm-none-eabi/5.4.1/armv6-m/crtbegin.o

.stab
 *(.stab)

.stabstr
 *(.stabstr)

.debug
 *(.debug)

.line
 *(.line)

.debug_srcinfo
 *(.debug_srcinfo)

.debug_sfnames
 *(.debug_sfnames)

.debug_aranges  0x00000000      0xa48
 *(.debug_aranges)
 .debug_aranges
                0x00000000       0x70 .\CortexM0\ARM_GCC_541\Debug\main.o
 .debug_aranges
                0x00000070       0x40 .\CortexM0\ARM_GCC_541\Debug\cyfitter_cfg.o
 .debug_aranges
                0x000000b0       0x18 .\CortexM0\ARM_GCC_541\Debug\cymetadata.o
 .debug_aranges
                0x000000c8       0x48 .\CortexM0\ARM_GCC_541\Debug\Cm0Start.o
 .debug_aranges
                0x00000110       0x28 .\CortexM0\ARM_GCC_541\Debug\StepperDriver.a(Enable.o)
 .debug_aranges
                0x00000138       0x98 .\CortexM0\ARM_GCC_541\Debug\StepperDriver.a(Step_Counter.o)
 .debug_aranges
                0x000001d0       0x28 .\CortexM0\ARM_GCC_541\Debug\StepperDriver.a(Direction.o)
 .debug_aranges
                0x000001f8      0x270 .\CortexM0\ARM_GCC_541\Debug\StepperDriver.a(CyLib.o)
 .debug_aranges
                0x00000468      0x188 .\CortexM0\ARM_GCC_541\Debug\StepperDriver.a(CyLFClk.o)
 .debug_aranges
                0x000005f0       0x58 .\CortexM0\ARM_GCC_541\Debug\StepperDriver.a(DBG_UART.o)
 .debug_aranges
                0x00000648       0x90 .\CortexM0\ARM_GCC_541\Debug\StepperDriver.a(DBG_UART_UART.o)
 .debug_aranges
                0x000006d8       0x80 .\CortexM0\ARM_GCC_541\Debug\StepperDriver.a(isr_lim_1.o)
 .debug_aranges
                0x00000758       0x80 .\CortexM0\ARM_GCC_541\Debug\StepperDriver.a(isr_lim_2.o)
 .debug_aranges
                0x000007d8       0x80 .\CortexM0\ARM_GCC_541\Debug\StepperDriver.a(isr_fault.o)
 .debug_aranges
                0x00000858       0x88 .\CortexM0\ARM_GCC_541\Debug\StepperDriver.a(Step_Timer.o)
 .debug_aranges
                0x000008e0       0x80 .\CortexM0\ARM_GCC_541\Debug\StepperDriver.a(isr_step.o)
 .debug_aranges
                0x00000960       0x20 .\CortexM0\ARM_GCC_541\Debug\StepperDriver.a(CyBootAsmGnu.o)
 .debug_aranges
                0x00000980       0x40 .\CortexM0\ARM_GCC_541\Debug\StepperDriver.a(CyFlash.o)
 .debug_aranges
                0x000009c0       0x28 .\CortexM0\ARM_GCC_541\Debug\StepperDriver.a(cyutils.o)
 .debug_aranges
                0x000009e8       0x60 .\CortexM0\ARM_GCC_541\Debug\StepperDriver.a(DBG_UART_SPI_UART.o)

.debug_pubnames
 *(.debug_pubnames)

.debug_info     0x00000000     0x5b61
 *(.debug_info .gnu.linkonce.wi.*)
 .debug_info    0x00000000      0x8a4 .\CortexM0\ARM_GCC_541\Debug\main.o
 .debug_info    0x000008a4      0x3ce .\CortexM0\ARM_GCC_541\Debug\cyfitter_cfg.o
 .debug_info    0x00000c72       0xf8 .\CortexM0\ARM_GCC_541\Debug\cymetadata.o
 .debug_info    0x00000d6a      0x3a2 .\CortexM0\ARM_GCC_541\Debug\Cm0Start.o
 .debug_info    0x0000110c       0xd6 .\CortexM0\ARM_GCC_541\Debug\StepperDriver.a(Enable.o)
 .debug_info    0x000011e2      0x345 .\CortexM0\ARM_GCC_541\Debug\StepperDriver.a(Step_Counter.o)
 .debug_info    0x00001527       0xd6 .\CortexM0\ARM_GCC_541\Debug\StepperDriver.a(Direction.o)
 .debug_info    0x000015fd     0x17e4 .\CortexM0\ARM_GCC_541\Debug\StepperDriver.a(CyLib.o)
 .debug_info    0x00002de1     0x1058 .\CortexM0\ARM_GCC_541\Debug\StepperDriver.a(CyLFClk.o)
 .debug_info    0x00003e39      0x23a .\CortexM0\ARM_GCC_541\Debug\StepperDriver.a(DBG_UART.o)
 .debug_info    0x00004073      0x3b5 .\CortexM0\ARM_GCC_541\Debug\StepperDriver.a(DBG_UART_UART.o)
 .debug_info    0x00004428      0x305 .\CortexM0\ARM_GCC_541\Debug\StepperDriver.a(isr_lim_1.o)
 .debug_info    0x0000472d      0x305 .\CortexM0\ARM_GCC_541\Debug\StepperDriver.a(isr_lim_2.o)
 .debug_info    0x00004a32      0x305 .\CortexM0\ARM_GCC_541\Debug\StepperDriver.a(isr_fault.o)
 .debug_info    0x00004d37      0x3bf .\CortexM0\ARM_GCC_541\Debug\StepperDriver.a(Step_Timer.o)
 .debug_info    0x000050f6      0x305 .\CortexM0\ARM_GCC_541\Debug\StepperDriver.a(isr_step.o)
 .debug_info    0x000053fb       0xa9 .\CortexM0\ARM_GCC_541\Debug\StepperDriver.a(CyBootAsmGnu.o)
 .debug_info    0x000054a4      0x352 .\CortexM0\ARM_GCC_541\Debug\StepperDriver.a(CyFlash.o)
 .debug_info    0x000057f6      0x14b .\CortexM0\ARM_GCC_541\Debug\StepperDriver.a(cyutils.o)
 .debug_info    0x00005941      0x220 .\CortexM0\ARM_GCC_541\Debug\StepperDriver.a(DBG_UART_SPI_UART.o)

.debug_abbrev   0x00000000     0x19e1
 *(.debug_abbrev)
 .debug_abbrev  0x00000000      0x19e .\CortexM0\ARM_GCC_541\Debug\main.o
 .debug_abbrev  0x0000019e      0x1b8 .\CortexM0\ARM_GCC_541\Debug\cyfitter_cfg.o
 .debug_abbrev  0x00000356       0x5d .\CortexM0\ARM_GCC_541\Debug\cymetadata.o
 .debug_abbrev  0x000003b3      0x1d7 .\CortexM0\ARM_GCC_541\Debug\Cm0Start.o
 .debug_abbrev  0x0000058a       0x81 .\CortexM0\ARM_GCC_541\Debug\StepperDriver.a(Enable.o)
 .debug_abbrev  0x0000060b      0x117 .\CortexM0\ARM_GCC_541\Debug\StepperDriver.a(Step_Counter.o)
 .debug_abbrev  0x00000722       0x81 .\CortexM0\ARM_GCC_541\Debug\StepperDriver.a(Direction.o)
 .debug_abbrev  0x000007a3      0x293 .\CortexM0\ARM_GCC_541\Debug\StepperDriver.a(CyLib.o)
 .debug_abbrev  0x00000a36      0x248 .\CortexM0\ARM_GCC_541\Debug\StepperDriver.a(CyLFClk.o)
 .debug_abbrev  0x00000c7e       0xd5 .\CortexM0\ARM_GCC_541\Debug\StepperDriver.a(DBG_UART.o)
 .debug_abbrev  0x00000d53      0x132 .\CortexM0\ARM_GCC_541\Debug\StepperDriver.a(DBG_UART_UART.o)
 .debug_abbrev  0x00000e85      0x19a .\CortexM0\ARM_GCC_541\Debug\StepperDriver.a(isr_lim_1.o)
 .debug_abbrev  0x0000101f      0x19a .\CortexM0\ARM_GCC_541\Debug\StepperDriver.a(isr_lim_2.o)
 .debug_abbrev  0x000011b9      0x19a .\CortexM0\ARM_GCC_541\Debug\StepperDriver.a(isr_fault.o)
 .debug_abbrev  0x00001353      0x14f .\CortexM0\ARM_GCC_541\Debug\StepperDriver.a(Step_Timer.o)
 .debug_abbrev  0x000014a2      0x19a .\CortexM0\ARM_GCC_541\Debug\StepperDriver.a(isr_step.o)
 .debug_abbrev  0x0000163c       0x14 .\CortexM0\ARM_GCC_541\Debug\StepperDriver.a(CyBootAsmGnu.o)
 .debug_abbrev  0x00001650      0x182 .\CortexM0\ARM_GCC_541\Debug\StepperDriver.a(CyFlash.o)
 .debug_abbrev  0x000017d2       0xc0 .\CortexM0\ARM_GCC_541\Debug\StepperDriver.a(cyutils.o)
 .debug_abbrev  0x00001892      0x14f .\CortexM0\ARM_GCC_541\Debug\StepperDriver.a(DBG_UART_SPI_UART.o)

.debug_line     0x00000000     0x25bc
 *(.debug_line)
 .debug_line    0x00000000      0x267 .\CortexM0\ARM_GCC_541\Debug\main.o
 .debug_line    0x00000267      0x193 .\CortexM0\ARM_GCC_541\Debug\cyfitter_cfg.o
 .debug_line    0x000003fa      0x141 .\CortexM0\ARM_GCC_541\Debug\cymetadata.o
 .debug_line    0x0000053b      0x236 .\CortexM0\ARM_GCC_541\Debug\Cm0Start.o
 .debug_line    0x00000771       0x6f .\CortexM0\ARM_GCC_541\Debug\StepperDriver.a(Enable.o)
 .debug_line    0x000007e0      0x195 .\CortexM0\ARM_GCC_541\Debug\StepperDriver.a(Step_Counter.o)
 .debug_line    0x00000975       0x72 .\CortexM0\ARM_GCC_541\Debug\StepperDriver.a(Direction.o)
 .debug_line    0x000009e7      0x8ef .\CortexM0\ARM_GCC_541\Debug\StepperDriver.a(CyLib.o)
 .debug_line    0x000012d6      0x5d1 .\CortexM0\ARM_GCC_541\Debug\StepperDriver.a(CyLFClk.o)
 .debug_line    0x000018a7      0x110 .\CortexM0\ARM_GCC_541\Debug\StepperDriver.a(DBG_UART.o)
 .debug_line    0x000019b7      0x1db .\CortexM0\ARM_GCC_541\Debug\StepperDriver.a(DBG_UART_UART.o)
 .debug_line    0x00001b92      0x155 .\CortexM0\ARM_GCC_541\Debug\StepperDriver.a(isr_lim_1.o)
 .debug_line    0x00001ce7      0x155 .\CortexM0\ARM_GCC_541\Debug\StepperDriver.a(isr_lim_2.o)
 .debug_line    0x00001e3c      0x155 .\CortexM0\ARM_GCC_541\Debug\StepperDriver.a(isr_fault.o)
 .debug_line    0x00001f91      0x16a .\CortexM0\ARM_GCC_541\Debug\StepperDriver.a(Step_Timer.o)
 .debug_line    0x000020fb      0x154 .\CortexM0\ARM_GCC_541\Debug\StepperDriver.a(isr_step.o)
 .debug_line    0x0000224f       0x68 .\CortexM0\ARM_GCC_541\Debug\StepperDriver.a(CyBootAsmGnu.o)
 .debug_line    0x000022b7      0x173 .\CortexM0\ARM_GCC_541\Debug\StepperDriver.a(CyFlash.o)
 .debug_line    0x0000242a       0x74 .\CortexM0\ARM_GCC_541\Debug\StepperDriver.a(cyutils.o)
 .debug_line    0x0000249e      0x11e .\CortexM0\ARM_GCC_541\Debug\StepperDriver.a(DBG_UART_SPI_UART.o)

.debug_frame    0x00000000     0x1db0
 *(.debug_frame)
 .debug_frame   0x00000000      0x14c .\CortexM0\ARM_GCC_541\Debug\main.o
 .debug_frame   0x0000014c       0x98 .\CortexM0\ARM_GCC_541\Debug\cyfitter_cfg.o
 .debug_frame   0x000001e4       0xbc .\CortexM0\ARM_GCC_541\Debug\Cm0Start.o
 .debug_frame   0x000002a0       0x30 .\CortexM0\ARM_GCC_541\Debug\StepperDriver.a(Enable.o)
 .debug_frame   0x000002d0      0x134 .\CortexM0\ARM_GCC_541\Debug\StepperDriver.a(Step_Counter.o)
 .debug_frame   0x00000404       0x30 .\CortexM0\ARM_GCC_541\Debug\StepperDriver.a(Direction.o)
 .debug_frame   0x00000434      0x718 .\CortexM0\ARM_GCC_541\Debug\StepperDriver.a(CyLib.o)
 .debug_frame   0x00000b4c      0x4a4 .\CortexM0\ARM_GCC_541\Debug\StepperDriver.a(CyLFClk.o)
 .debug_frame   0x00000ff0       0xd8 .\CortexM0\ARM_GCC_541\Debug\StepperDriver.a(DBG_UART.o)
 .debug_frame   0x000010c8      0x144 .\CortexM0\ARM_GCC_541\Debug\StepperDriver.a(DBG_UART_UART.o)
 .debug_frame   0x0000120c      0x110 .\CortexM0\ARM_GCC_541\Debug\StepperDriver.a(isr_lim_1.o)
 .debug_frame   0x0000131c      0x110 .\CortexM0\ARM_GCC_541\Debug\StepperDriver.a(isr_lim_2.o)
 .debug_frame   0x0000142c      0x110 .\CortexM0\ARM_GCC_541\Debug\StepperDriver.a(isr_fault.o)
 .debug_frame   0x0000153c      0x168 .\CortexM0\ARM_GCC_541\Debug\StepperDriver.a(Step_Timer.o)
 .debug_frame   0x000016a4      0x110 .\CortexM0\ARM_GCC_541\Debug\StepperDriver.a(isr_step.o)
 .debug_frame   0x000017b4       0x90 .\CortexM0\ARM_GCC_541\Debug\StepperDriver.a(CyFlash.o)
 .debug_frame   0x00001844       0x30 .\CortexM0\ARM_GCC_541\Debug\StepperDriver.a(cyutils.o)
 .debug_frame   0x00001874       0xb0 .\CortexM0\ARM_GCC_541\Debug\StepperDriver.a(DBG_UART_SPI_UART.o)
 .debug_frame   0x00001924       0x30 c:/program files (x86)/cypress/psoc creator/4.4/psoc creator/import/gnu/arm/5.4.1/bin/../lib/gcc/arm-none-eabi/5.4.1/../../../../arm-none-eabi/lib/armv6-m\libm.a(lib_a-s_round.o)
 .debug_frame   0x00001954       0x38 c:/program files (x86)/cypress/psoc creator/4.4/psoc creator/import/gnu/arm/5.4.1/bin/../lib/gcc/arm-none-eabi/5.4.1/../../../../arm-none-eabi/lib/armv6-m\libm.a(lib_a-w_sqrt.o)
 .debug_frame   0x0000198c       0x3c c:/program files (x86)/cypress/psoc creator/4.4/psoc creator/import/gnu/arm/5.4.1/bin/../lib/gcc/arm-none-eabi/5.4.1/../../../../arm-none-eabi/lib/armv6-m\libm.a(lib_a-e_sqrt.o)
 .debug_frame   0x000019c8       0x20 c:/program files (x86)/cypress/psoc creator/4.4/psoc creator/import/gnu/arm/5.4.1/bin/../lib/gcc/arm-none-eabi/5.4.1/../../../../arm-none-eabi/lib/armv6-m\libm.a(lib_a-s_matherr.o)
 .debug_frame   0x000019e8       0x20 c:/program files (x86)/cypress/psoc creator/4.4/psoc creator/import/gnu/arm/5.4.1/bin/../lib/gcc/arm-none-eabi/5.4.1/armv6-m\libgcc.a(_udivsi3.o)
 .debug_frame   0x00001a08       0x20 c:/program files (x86)/cypress/psoc creator/4.4/psoc creator/import/gnu/arm/5.4.1/bin/../lib/gcc/arm-none-eabi/5.4.1/armv6-m\libgcc.a(_divsi3.o)
 .debug_frame   0x00001a28       0x2c c:/program files (x86)/cypress/psoc creator/4.4/psoc creator/import/gnu/arm/5.4.1/bin/../lib/gcc/arm-none-eabi/5.4.1/armv6-m\libgcc.a(_fixunsdfsi.o)
 .debug_frame   0x00001a54       0x3c c:/program files (x86)/cypress/psoc creator/4.4/psoc creator/import/gnu/arm/5.4.1/bin/../lib/gcc/arm-none-eabi/5.4.1/armv6-m\libgcc.a(adddf3.o)
 .debug_frame   0x00001a90       0x3c c:/program files (x86)/cypress/psoc creator/4.4/psoc creator/import/gnu/arm/5.4.1/bin/../lib/gcc/arm-none-eabi/5.4.1/armv6-m\libgcc.a(divdf3.o)
 .debug_frame   0x00001acc       0x38 c:/program files (x86)/cypress/psoc creator/4.4/psoc creator/import/gnu/arm/5.4.1/bin/../lib/gcc/arm-none-eabi/5.4.1/armv6-m\libgcc.a(eqdf2.o)
 .debug_frame   0x00001b04       0x38 c:/program files (x86)/cypress/psoc creator/4.4/psoc creator/import/gnu/arm/5.4.1/bin/../lib/gcc/arm-none-eabi/5.4.1/armv6-m\libgcc.a(gedf2.o)
 .debug_frame   0x00001b3c       0x38 c:/program files (x86)/cypress/psoc creator/4.4/psoc creator/import/gnu/arm/5.4.1/bin/../lib/gcc/arm-none-eabi/5.4.1/armv6-m\libgcc.a(ledf2.o)
 .debug_frame   0x00001b74       0x3c c:/program files (x86)/cypress/psoc creator/4.4/psoc creator/import/gnu/arm/5.4.1/bin/../lib/gcc/arm-none-eabi/5.4.1/armv6-m\libgcc.a(muldf3.o)
 .debug_frame   0x00001bb0       0x38 c:/program files (x86)/cypress/psoc creator/4.4/psoc creator/import/gnu/arm/5.4.1/bin/../lib/gcc/arm-none-eabi/5.4.1/armv6-m\libgcc.a(subdf3.o)
 .debug_frame   0x00001be8       0x2c c:/program files (x86)/cypress/psoc creator/4.4/psoc creator/import/gnu/arm/5.4.1/bin/../lib/gcc/arm-none-eabi/5.4.1/armv6-m\libgcc.a(unorddf2.o)
 .debug_frame   0x00001c14       0x2c c:/program files (x86)/cypress/psoc creator/4.4/psoc creator/import/gnu/arm/5.4.1/bin/../lib/gcc/arm-none-eabi/5.4.1/armv6-m\libgcc.a(fixdfsi.o)
 .debug_frame   0x00001c40       0x2c c:/program files (x86)/cypress/psoc creator/4.4/psoc creator/import/gnu/arm/5.4.1/bin/../lib/gcc/arm-none-eabi/5.4.1/armv6-m\libgcc.a(floatsidf.o)
 .debug_frame   0x00001c6c       0x20 c:/program files (x86)/cypress/psoc creator/4.4/psoc creator/import/gnu/arm/5.4.1/bin/../lib/gcc/arm-none-eabi/5.4.1/../../../../arm-none-eabi/lib/armv6-m\libg_nano.a(lib_a-errno.o)
 .debug_frame   0x00001c8c       0x28 c:/program files (x86)/cypress/psoc creator/4.4/psoc creator/import/gnu/arm/5.4.1/bin/../lib/gcc/arm-none-eabi/5.4.1/../../../../arm-none-eabi/lib/armv6-m\libg_nano.a(lib_a-exit.o)
 .debug_frame   0x00001cb4       0x2c c:/program files (x86)/cypress/psoc creator/4.4/psoc creator/import/gnu/arm/5.4.1/bin/../lib/gcc/arm-none-eabi/5.4.1/../../../../arm-none-eabi/lib/armv6-m\libg_nano.a(lib_a-init.o)
 .debug_frame   0x00001ce0       0x40 c:/program files (x86)/cypress/psoc creator/4.4/psoc creator/import/gnu/arm/5.4.1/bin/../lib/gcc/arm-none-eabi/5.4.1/../../../../arm-none-eabi/lib/armv6-m\libg_nano.a(lib_a-itoa.o)
 .debug_frame   0x00001d20       0x28 c:/program files (x86)/cypress/psoc creator/4.4/psoc creator/import/gnu/arm/5.4.1/bin/../lib/gcc/arm-none-eabi/5.4.1/../../../../arm-none-eabi/lib/armv6-m\libg_nano.a(lib_a-memcpy-stub.o)
 .debug_frame   0x00001d48       0x20 c:/program files (x86)/cypress/psoc creator/4.4/psoc creator/import/gnu/arm/5.4.1/bin/../lib/gcc/arm-none-eabi/5.4.1/../../../../arm-none-eabi/lib/armv6-m\libg_nano.a(lib_a-memset.o)
 .debug_frame   0x00001d68       0x48 c:/program files (x86)/cypress/psoc creator/4.4/psoc creator/import/gnu/arm/5.4.1/bin/../lib/gcc/arm-none-eabi/5.4.1/../../../../arm-none-eabi/lib/armv6-m\libg_nano.a(lib_a-utoa.o)

.debug_str      0x00000000     0x2342
 *(.debug_str)
 .debug_str     0x00000000      0x3df .\CortexM0\ARM_GCC_541\Debug\main.o
                                0x429 (size before relaxing)
 .debug_str     0x000003df      0x13e .\CortexM0\ARM_GCC_541\Debug\cyfitter_cfg.o
                                0x2f5 (size before relaxing)
 .debug_str     0x0000051d       0x63 .\CortexM0\ARM_GCC_541\Debug\cymetadata.o
                                0x1e1 (size before relaxing)
 .debug_str     0x00000580      0x13a .\CortexM0\ARM_GCC_541\Debug\Cm0Start.o
                                0x31a (size before relaxing)
 .debug_str     0x000006ba       0x34 .\CortexM0\ARM_GCC_541\Debug\StepperDriver.a(Enable.o)
                                0x1cb (size before relaxing)
 .debug_str     0x000006ee      0x1fc .\CortexM0\ARM_GCC_541\Debug\StepperDriver.a(Step_Counter.o)
                                0x3f6 (size before relaxing)
 .debug_str     0x000008ea       0x32 .\CortexM0\ARM_GCC_541\Debug\StepperDriver.a(Direction.o)
                                0x1d4 (size before relaxing)
 .debug_str     0x0000091c      0x902 .\CortexM0\ARM_GCC_541\Debug\StepperDriver.a(CyLib.o)
                                0xb61 (size before relaxing)
 .debug_str     0x0000121e      0x6e7 .\CortexM0\ARM_GCC_541\Debug\StepperDriver.a(CyLFClk.o)
                                0x936 (size before relaxing)
 .debug_str     0x00001905      0x12b .\CortexM0\ARM_GCC_541\Debug\StepperDriver.a(DBG_UART.o)
                                0x2e8 (size before relaxing)
 .debug_str     0x00001a30      0x1ff .\CortexM0\ARM_GCC_541\Debug\StepperDriver.a(DBG_UART_UART.o)
                                0x431 (size before relaxing)
 .debug_str     0x00001c2f      0x104 .\CortexM0\ARM_GCC_541\Debug\StepperDriver.a(isr_lim_1.o)
                                0x33b (size before relaxing)
 .debug_str     0x00001d33       0xf5 .\CortexM0\ARM_GCC_541\Debug\StepperDriver.a(isr_lim_2.o)
                                0x33b (size before relaxing)
 .debug_str     0x00001e28       0xf5 .\CortexM0\ARM_GCC_541\Debug\StepperDriver.a(isr_fault.o)
                                0x33b (size before relaxing)
 .debug_str     0x00001f1d      0x15d .\CortexM0\ARM_GCC_541\Debug\StepperDriver.a(Step_Timer.o)
                                0x39a (size before relaxing)
 .debug_str     0x0000207a       0xe9 .\CortexM0\ARM_GCC_541\Debug\StepperDriver.a(isr_step.o)
                                0x32d (size before relaxing)
 .debug_str     0x00002163       0xb2 .\CortexM0\ARM_GCC_541\Debug\StepperDriver.a(CyFlash.o)
                                0x2c9 (size before relaxing)
 .debug_str     0x00002215       0x2e .\CortexM0\ARM_GCC_541\Debug\StepperDriver.a(cyutils.o)
                                0x1d6 (size before relaxing)
 .debug_str     0x00002243       0xff .\CortexM0\ARM_GCC_541\Debug\StepperDriver.a(DBG_UART_SPI_UART.o)
                                0x30f (size before relaxing)

.debug_loc      0x00000000     0x321e
 *(.debug_loc)
 .debug_loc     0x00000000      0x107 .\CortexM0\ARM_GCC_541\Debug\main.o
 .debug_loc     0x00000107      0x118 .\CortexM0\ARM_GCC_541\Debug\cyfitter_cfg.o
 .debug_loc     0x0000021f      0x14f .\CortexM0\ARM_GCC_541\Debug\Cm0Start.o
 .debug_loc     0x0000036e       0x3d .\CortexM0\ARM_GCC_541\Debug\StepperDriver.a(Step_Counter.o)
 .debug_loc     0x000003ab     0x18f5 .\CortexM0\ARM_GCC_541\Debug\StepperDriver.a(CyLib.o)
 .debug_loc     0x00001ca0      0xdb7 .\CortexM0\ARM_GCC_541\Debug\StepperDriver.a(CyLFClk.o)
 .debug_loc     0x00002a57       0x7e .\CortexM0\ARM_GCC_541\Debug\StepperDriver.a(DBG_UART.o)
 .debug_loc     0x00002ad5      0x223 .\CortexM0\ARM_GCC_541\Debug\StepperDriver.a(DBG_UART_UART.o)
 .debug_loc     0x00002cf8       0x82 .\CortexM0\ARM_GCC_541\Debug\StepperDriver.a(isr_lim_1.o)
 .debug_loc     0x00002d7a       0x82 .\CortexM0\ARM_GCC_541\Debug\StepperDriver.a(isr_lim_2.o)
 .debug_loc     0x00002dfc       0x82 .\CortexM0\ARM_GCC_541\Debug\StepperDriver.a(isr_fault.o)
 .debug_loc     0x00002e7e       0x97 .\CortexM0\ARM_GCC_541\Debug\StepperDriver.a(Step_Timer.o)
 .debug_loc     0x00002f15       0x82 .\CortexM0\ARM_GCC_541\Debug\StepperDriver.a(isr_step.o)
 .debug_loc     0x00002f97      0x160 .\CortexM0\ARM_GCC_541\Debug\StepperDriver.a(CyFlash.o)
 .debug_loc     0x000030f7       0x91 .\CortexM0\ARM_GCC_541\Debug\StepperDriver.a(cyutils.o)
 .debug_loc     0x00003188       0x96 .\CortexM0\ARM_GCC_541\Debug\StepperDriver.a(DBG_UART_SPI_UART.o)

.debug_macinfo
 *(.debug_macinfo)

.debug_ranges   0x00000000      0x8f0
 *(.debug_ranges)
 .debug_ranges  0x00000000       0x60 .\CortexM0\ARM_GCC_541\Debug\main.o
 .debug_ranges  0x00000060       0x30 .\CortexM0\ARM_GCC_541\Debug\cyfitter_cfg.o
 .debug_ranges  0x00000090       0x38 .\CortexM0\ARM_GCC_541\Debug\Cm0Start.o
 .debug_ranges  0x000000c8       0x18 .\CortexM0\ARM_GCC_541\Debug\StepperDriver.a(Enable.o)
 .debug_ranges  0x000000e0       0x88 .\CortexM0\ARM_GCC_541\Debug\StepperDriver.a(Step_Counter.o)
 .debug_ranges  0x00000168       0x18 .\CortexM0\ARM_GCC_541\Debug\StepperDriver.a(Direction.o)
 .debug_ranges  0x00000180      0x260 .\CortexM0\ARM_GCC_541\Debug\StepperDriver.a(CyLib.o)
 .debug_ranges  0x000003e0      0x178 .\CortexM0\ARM_GCC_541\Debug\StepperDriver.a(CyLFClk.o)
 .debug_ranges  0x00000558       0x48 .\CortexM0\ARM_GCC_541\Debug\StepperDriver.a(DBG_UART.o)
 .debug_ranges  0x000005a0       0x80 .\CortexM0\ARM_GCC_541\Debug\StepperDriver.a(DBG_UART_UART.o)
 .debug_ranges  0x00000620       0x70 .\CortexM0\ARM_GCC_541\Debug\StepperDriver.a(isr_lim_1.o)
 .debug_ranges  0x00000690       0x70 .\CortexM0\ARM_GCC_541\Debug\StepperDriver.a(isr_lim_2.o)
 .debug_ranges  0x00000700       0x70 .\CortexM0\ARM_GCC_541\Debug\StepperDriver.a(isr_fault.o)
 .debug_ranges  0x00000770       0x78 .\CortexM0\ARM_GCC_541\Debug\StepperDriver.a(Step_Timer.o)
 .debug_ranges  0x000007e8       0x70 .\CortexM0\ARM_GCC_541\Debug\StepperDriver.a(isr_step.o)
 .debug_ranges  0x00000858       0x30 .\CortexM0\ARM_GCC_541\Debug\StepperDriver.a(CyFlash.o)
 .debug_ranges  0x00000888       0x18 .\CortexM0\ARM_GCC_541\Debug\StepperDriver.a(cyutils.o)
 .debug_ranges  0x000008a0       0x50 .\CortexM0\ARM_GCC_541\Debug\StepperDriver.a(DBG_UART_SPI_UART.o)

.comment        0x00000000       0x6e
 .comment       0x00000000       0x6e .\CortexM0\ARM_GCC_541\Debug\main.o
                                 0x6f (size before relaxing)
 .comment       0x0000006e       0x6f .\CortexM0\ARM_GCC_541\Debug\cyfitter_cfg.o
 .comment       0x0000006e       0x6f .\CortexM0\ARM_GCC_541\Debug\cymetadata.o
 .comment       0x0000006e       0x6f .\CortexM0\ARM_GCC_541\Debug\Cm0Start.o
 .comment       0x0000006e       0x6f .\CortexM0\ARM_GCC_541\Debug\StepperDriver.a(Enable.o)
 .comment       0x0000006e       0x6f .\CortexM0\ARM_GCC_541\Debug\StepperDriver.a(Step_Counter.o)
 .comment       0x0000006e       0x6f .\CortexM0\ARM_GCC_541\Debug\StepperDriver.a(Direction.o)
 .comment       0x0000006e       0x6f .\CortexM0\ARM_GCC_541\Debug\StepperDriver.a(CyLib.o)
 .comment       0x0000006e       0x6f .\CortexM0\ARM_GCC_541\Debug\StepperDriver.a(CyLFClk.o)
 .comment       0x0000006e       0x6f .\CortexM0\ARM_GCC_541\Debug\StepperDriver.a(DBG_UART.o)
 .comment       0x0000006e       0x6f .\CortexM0\ARM_GCC_541\Debug\StepperDriver.a(DBG_UART_UART.o)
 .comment       0x0000006e       0x6f .\CortexM0\ARM_GCC_541\Debug\StepperDriver.a(isr_lim_1.o)
 .comment       0x0000006e       0x6f .\CortexM0\ARM_GCC_541\Debug\StepperDriver.a(isr_lim_2.o)
 .comment       0x0000006e       0x6f .\CortexM0\ARM_GCC_541\Debug\StepperDriver.a(isr_fault.o)
 .comment       0x0000006e       0x6f .\CortexM0\ARM_GCC_541\Debug\StepperDriver.a(Step_Timer.o)
 .comment       0x0000006e       0x6f .\CortexM0\ARM_GCC_541\Debug\StepperDriver.a(isr_step.o)
 .comment       0x0000006e       0x6f .\CortexM0\ARM_GCC_541\Debug\StepperDriver.a(CyFlash.o)
 .comment       0x0000006e       0x6f .\CortexM0\ARM_GCC_541\Debug\StepperDriver.a(cyutils.o)
 .comment       0x0000006e       0x6f .\CortexM0\ARM_GCC_541\Debug\StepperDriver.a(DBG_UART_SPI_UART.o)

.debug_weaknames
 *(.debug_weaknames)

.debug_funcnames
 *(.debug_funcnames)

.debug_typenames
 *(.debug_typenames)

.debug_varnames
 *(.debug_varnames)

.note.gnu.arm.ident
 *(.note.gnu.arm.ident)

.ARM.attributes
                0x00000000       0x28
 *(.ARM.attributes)
 .ARM.attributes
                0x00000000       0x1e c:/program files (x86)/cypress/psoc creator/4.4/psoc creator/import/gnu/arm/5.4.1/bin/../lib/gcc/arm-none-eabi/5.4.1/armv6-m/crti.o
 .ARM.attributes
                0x0000001e       0x2c c:/program files (x86)/cypress/psoc creator/4.4/psoc creator/import/gnu/arm/5.4.1/bin/../lib/gcc/arm-none-eabi/5.4.1/armv6-m/crtbegin.o
 .ARM.attributes
                0x0000004a       0x1b c:/program files (x86)/cypress/psoc creator/4.4/psoc creator/import/gnu/arm/5.4.1/bin/../lib/gcc/arm-none-eabi/5.4.1/../../../../arm-none-eabi/lib/armv6-m/crt0.o
 .ARM.attributes
                0x00000065       0x31 .\CortexM0\ARM_GCC_541\Debug\main.o
 .ARM.attributes
                0x00000096       0x31 .\CortexM0\ARM_GCC_541\Debug\cyfitter_cfg.o
 .ARM.attributes
                0x000000c7       0x31 .\CortexM0\ARM_GCC_541\Debug\cymetadata.o
 .ARM.attributes
                0x000000f8       0x31 .\CortexM0\ARM_GCC_541\Debug\Cm0Start.o
 .ARM.attributes
                0x00000129       0x31 .\CortexM0\ARM_GCC_541\Debug\StepperDriver.a(Enable.o)
 .ARM.attributes
                0x0000015a       0x31 .\CortexM0\ARM_GCC_541\Debug\StepperDriver.a(Step_Counter.o)
 .ARM.attributes
                0x0000018b       0x31 .\CortexM0\ARM_GCC_541\Debug\StepperDriver.a(Direction.o)
 .ARM.attributes
                0x000001bc       0x31 .\CortexM0\ARM_GCC_541\Debug\StepperDriver.a(CyLib.o)
 .ARM.attributes
                0x000001ed       0x31 .\CortexM0\ARM_GCC_541\Debug\StepperDriver.a(CyLFClk.o)
 .ARM.attributes
                0x0000021e       0x31 .\CortexM0\ARM_GCC_541\Debug\StepperDriver.a(DBG_UART.o)
 .ARM.attributes
                0x0000024f       0x31 .\CortexM0\ARM_GCC_541\Debug\StepperDriver.a(DBG_UART_UART.o)
 .ARM.attributes
                0x00000280       0x31 .\CortexM0\ARM_GCC_541\Debug\StepperDriver.a(isr_lim_1.o)
 .ARM.attributes
                0x000002b1       0x31 .\CortexM0\ARM_GCC_541\Debug\StepperDriver.a(isr_lim_2.o)
 .ARM.attributes
                0x000002e2       0x31 .\CortexM0\ARM_GCC_541\Debug\StepperDriver.a(isr_fault.o)
 .ARM.attributes
                0x00000313       0x31 .\CortexM0\ARM_GCC_541\Debug\StepperDriver.a(Step_Timer.o)
 .ARM.attributes
                0x00000344       0x31 .\CortexM0\ARM_GCC_541\Debug\StepperDriver.a(isr_step.o)
 .ARM.attributes
                0x00000375       0x21 .\CortexM0\ARM_GCC_541\Debug\StepperDriver.a(CyBootAsmGnu.o)
 .ARM.attributes
                0x00000396       0x31 .\CortexM0\ARM_GCC_541\Debug\StepperDriver.a(CyFlash.o)
 .ARM.attributes
                0x000003c7       0x31 .\CortexM0\ARM_GCC_541\Debug\StepperDriver.a(cyutils.o)
 .ARM.attributes
                0x000003f8       0x31 .\CortexM0\ARM_GCC_541\Debug\StepperDriver.a(DBG_UART_SPI_UART.o)
 .ARM.attributes
                0x00000429       0x2c c:/program files (x86)/cypress/psoc creator/4.4/psoc creator/import/gnu/arm/5.4.1/bin/../lib/gcc/arm-none-eabi/5.4.1/../../../../arm-none-eabi/lib/armv6-m\libm.a(lib_a-s_round.o)
 .ARM.attributes
                0x00000455       0x2c c:/program files (x86)/cypress/psoc creator/4.4/psoc creator/import/gnu/arm/5.4.1/bin/../lib/gcc/arm-none-eabi/5.4.1/../../../../arm-none-eabi/lib/armv6-m\libm.a(lib_a-w_sqrt.o)
 .ARM.attributes
                0x00000481       0x2c c:/program files (x86)/cypress/psoc creator/4.4/psoc creator/import/gnu/arm/5.4.1/bin/../lib/gcc/arm-none-eabi/5.4.1/../../../../arm-none-eabi/lib/armv6-m\libm.a(lib_a-e_sqrt.o)
 .ARM.attributes
                0x000004ad       0x2c c:/program files (x86)/cypress/psoc creator/4.4/psoc creator/import/gnu/arm/5.4.1/bin/../lib/gcc/arm-none-eabi/5.4.1/../../../../arm-none-eabi/lib/armv6-m\libm.a(lib_a-s_lib_ver.o)
 .ARM.attributes
                0x000004d9       0x2c c:/program files (x86)/cypress/psoc creator/4.4/psoc creator/import/gnu/arm/5.4.1/bin/../lib/gcc/arm-none-eabi/5.4.1/../../../../arm-none-eabi/lib/armv6-m\libm.a(lib_a-s_matherr.o)
 .ARM.attributes
                0x00000505       0x1e c:/program files (x86)/cypress/psoc creator/4.4/psoc creator/import/gnu/arm/5.4.1/bin/../lib/gcc/arm-none-eabi/5.4.1/armv6-m\libgcc.a(_udivsi3.o)
 .ARM.attributes
                0x00000523       0x1e c:/program files (x86)/cypress/psoc creator/4.4/psoc creator/import/gnu/arm/5.4.1/bin/../lib/gcc/arm-none-eabi/5.4.1/armv6-m\libgcc.a(_divsi3.o)
 .ARM.attributes
                0x00000541       0x1e c:/program files (x86)/cypress/psoc creator/4.4/psoc creator/import/gnu/arm/5.4.1/bin/../lib/gcc/arm-none-eabi/5.4.1/armv6-m\libgcc.a(_dvmd_tls.o)
 .ARM.attributes
                0x0000055f       0x1e c:/program files (x86)/cypress/psoc creator/4.4/psoc creator/import/gnu/arm/5.4.1/bin/../lib/gcc/arm-none-eabi/5.4.1/armv6-m\libgcc.a(_arm_cmpdf2.o)
 .ARM.attributes
                0x0000057d       0x2c c:/program files (x86)/cypress/psoc creator/4.4/psoc creator/import/gnu/arm/5.4.1/bin/../lib/gcc/arm-none-eabi/5.4.1/armv6-m\libgcc.a(_fixunsdfsi.o)
 .ARM.attributes
                0x000005a9       0x2c c:/program files (x86)/cypress/psoc creator/4.4/psoc creator/import/gnu/arm/5.4.1/bin/../lib/gcc/arm-none-eabi/5.4.1/armv6-m\libgcc.a(adddf3.o)
 .ARM.attributes
                0x000005d5       0x2c c:/program files (x86)/cypress/psoc creator/4.4/psoc creator/import/gnu/arm/5.4.1/bin/../lib/gcc/arm-none-eabi/5.4.1/armv6-m\libgcc.a(divdf3.o)
 .ARM.attributes
                0x00000601       0x2c c:/program files (x86)/cypress/psoc creator/4.4/psoc creator/import/gnu/arm/5.4.1/bin/../lib/gcc/arm-none-eabi/5.4.1/armv6-m\libgcc.a(eqdf2.o)
 .ARM.attributes
                0x0000062d       0x2c c:/program files (x86)/cypress/psoc creator/4.4/psoc creator/import/gnu/arm/5.4.1/bin/../lib/gcc/arm-none-eabi/5.4.1/armv6-m\libgcc.a(gedf2.o)
 .ARM.attributes
                0x00000659       0x2c c:/program files (x86)/cypress/psoc creator/4.4/psoc creator/import/gnu/arm/5.4.1/bin/../lib/gcc/arm-none-eabi/5.4.1/armv6-m\libgcc.a(ledf2.o)
 .ARM.attributes
                0x00000685       0x2c c:/program files (x86)/cypress/psoc creator/4.4/psoc creator/import/gnu/arm/5.4.1/bin/../lib/gcc/arm-none-eabi/5.4.1/armv6-m\libgcc.a(muldf3.o)
 .ARM.attributes
                0x000006b1       0x2c c:/program files (x86)/cypress/psoc creator/4.4/psoc creator/import/gnu/arm/5.4.1/bin/../lib/gcc/arm-none-eabi/5.4.1/armv6-m\libgcc.a(subdf3.o)
 .ARM.attributes
                0x000006dd       0x2c c:/program files (x86)/cypress/psoc creator/4.4/psoc creator/import/gnu/arm/5.4.1/bin/../lib/gcc/arm-none-eabi/5.4.1/armv6-m\libgcc.a(unorddf2.o)
 .ARM.attributes
                0x00000709       0x2c c:/program files (x86)/cypress/psoc creator/4.4/psoc creator/import/gnu/arm/5.4.1/bin/../lib/gcc/arm-none-eabi/5.4.1/armv6-m\libgcc.a(fixdfsi.o)
 .ARM.attributes
                0x00000735       0x2c c:/program files (x86)/cypress/psoc creator/4.4/psoc creator/import/gnu/arm/5.4.1/bin/../lib/gcc/arm-none-eabi/5.4.1/armv6-m\libgcc.a(floatsidf.o)
 .ARM.attributes
                0x00000761       0x1e c:/program files (x86)/cypress/psoc creator/4.4/psoc creator/import/gnu/arm/5.4.1/bin/../lib/gcc/arm-none-eabi/5.4.1/armv6-m\libgcc.a(_clzsi2.o)
 .ARM.attributes
                0x0000077f       0x2c c:/program files (x86)/cypress/psoc creator/4.4/psoc creator/import/gnu/arm/5.4.1/bin/../lib/gcc/arm-none-eabi/5.4.1/../../../../arm-none-eabi/lib/armv6-m\libg_nano.a(lib_a-errno.o)
 .ARM.attributes
                0x000007ab       0x2c c:/program files (x86)/cypress/psoc creator/4.4/psoc creator/import/gnu/arm/5.4.1/bin/../lib/gcc/arm-none-eabi/5.4.1/../../../../arm-none-eabi/lib/armv6-m\libg_nano.a(lib_a-exit.o)
 .ARM.attributes
                0x000007d7       0x2c c:/program files (x86)/cypress/psoc creator/4.4/psoc creator/import/gnu/arm/5.4.1/bin/../lib/gcc/arm-none-eabi/5.4.1/../../../../arm-none-eabi/lib/armv6-m\libg_nano.a(lib_a-impure.o)
 .ARM.attributes
                0x00000803       0x2c c:/program files (x86)/cypress/psoc creator/4.4/psoc creator/import/gnu/arm/5.4.1/bin/../lib/gcc/arm-none-eabi/5.4.1/../../../../arm-none-eabi/lib/armv6-m\libg_nano.a(lib_a-init.o)
 .ARM.attributes
                0x0000082f       0x2c c:/program files (x86)/cypress/psoc creator/4.4/psoc creator/import/gnu/arm/5.4.1/bin/../lib/gcc/arm-none-eabi/5.4.1/../../../../arm-none-eabi/lib/armv6-m\libg_nano.a(lib_a-itoa.o)
 .ARM.attributes
                0x0000085b       0x2c c:/program files (x86)/cypress/psoc creator/4.4/psoc creator/import/gnu/arm/5.4.1/bin/../lib/gcc/arm-none-eabi/5.4.1/../../../../arm-none-eabi/lib/armv6-m\libg_nano.a(lib_a-memcpy-stub.o)
 .ARM.attributes
                0x00000887       0x2c c:/program files (x86)/cypress/psoc creator/4.4/psoc creator/import/gnu/arm/5.4.1/bin/../lib/gcc/arm-none-eabi/5.4.1/../../../../arm-none-eabi/lib/armv6-m\libg_nano.a(lib_a-memset.o)
 .ARM.attributes
                0x000008b3       0x2c c:/program files (x86)/cypress/psoc creator/4.4/psoc creator/import/gnu/arm/5.4.1/bin/../lib/gcc/arm-none-eabi/5.4.1/../../../../arm-none-eabi/lib/armv6-m\libg_nano.a(lib_a-utoa.o)
 .ARM.attributes
                0x000008df       0x2c c:/program files (x86)/cypress/psoc creator/4.4/psoc creator/import/gnu/arm/5.4.1/bin/../lib/gcc/arm-none-eabi/5.4.1/armv6-m/crtend.o
 .ARM.attributes
                0x0000090b       0x1e c:/program files (x86)/cypress/psoc creator/4.4/psoc creator/import/gnu/arm/5.4.1/bin/../lib/gcc/arm-none-eabi/5.4.1/armv6-m/crtn.o

/DISCARD/
 *(.note.GNU-stack)
OUTPUT(C:\Users\casey\Desktop\Robotics Stuff\TB67S249FTG_Stepper_Motor_Driver\StepperDriver.cydsn\CortexM0\ARM_GCC_541\Debug\StepperDriver.elf elf32-littlearm)
